<!doctype html public "-//w3c//dtd html 4.0 transitional//en">
<html><head>
<title>Static Call Graph - [.\obj\ece353_base_project.axf]</title></head>
<body><HR>
<H1>Static Call Graph for image .\obj\ece353_base_project.axf</H1><HR>
<BR><P>#&#060CALLGRAPH&#062# ARM Linker, 5060528: Last Updated: Tue Dec 12 01:55:22 2017
<BR><P>
<H3>Maximum Stack Usage =        360 bytes + Unknown(Cycles, Untraceable Function Pointers)</H3><H3>
Call chain for Maximum Stack Depth:</H3>
main &rArr; drawHomeScreen &rArr; __hardfp_sin &rArr; __ieee754_rem_pio2 &rArr; __aeabi_drsub &rArr; __aeabi_dadd &rArr; _double_epilogue &rArr; _double_round
<P>
<H3>
Mutually Recursive functions
</H3> <LI><a href="#[2]">NMI_Handler</a>&nbsp;&nbsp;&nbsp;&rArr;&nbsp;&nbsp;&nbsp;<a href="#[2]">NMI_Handler</a><BR>
 <LI><a href="#[3]">HardFault_Handler</a>&nbsp;&nbsp;&nbsp;&rArr;&nbsp;&nbsp;&nbsp;<a href="#[3]">HardFault_Handler</a><BR>
 <LI><a href="#[4]">MemManage_Handler</a>&nbsp;&nbsp;&nbsp;&rArr;&nbsp;&nbsp;&nbsp;<a href="#[4]">MemManage_Handler</a><BR>
 <LI><a href="#[5]">BusFault_Handler</a>&nbsp;&nbsp;&nbsp;&rArr;&nbsp;&nbsp;&nbsp;<a href="#[5]">BusFault_Handler</a><BR>
 <LI><a href="#[6]">UsageFault_Handler</a>&nbsp;&nbsp;&nbsp;&rArr;&nbsp;&nbsp;&nbsp;<a href="#[6]">UsageFault_Handler</a><BR>
 <LI><a href="#[7]">SVC_Handler</a>&nbsp;&nbsp;&nbsp;&rArr;&nbsp;&nbsp;&nbsp;<a href="#[7]">SVC_Handler</a><BR>
 <LI><a href="#[8]">DebugMon_Handler</a>&nbsp;&nbsp;&nbsp;&rArr;&nbsp;&nbsp;&nbsp;<a href="#[8]">DebugMon_Handler</a><BR>
 <LI><a href="#[9]">PendSV_Handler</a>&nbsp;&nbsp;&nbsp;&rArr;&nbsp;&nbsp;&nbsp;<a href="#[9]">PendSV_Handler</a><BR>
 <LI><a href="#[a]">SysTick_Handler</a>&nbsp;&nbsp;&nbsp;&rArr;&nbsp;&nbsp;&nbsp;<a href="#[a]">SysTick_Handler</a><BR>
 <LI><a href="#[b]">GPIOA_Handler</a>&nbsp;&nbsp;&nbsp;&rArr;&nbsp;&nbsp;&nbsp;<a href="#[b]">GPIOA_Handler</a><BR>
 <LI><a href="#[c]">GPIOB_Handler</a>&nbsp;&nbsp;&nbsp;&rArr;&nbsp;&nbsp;&nbsp;<a href="#[c]">GPIOB_Handler</a><BR>
 <LI><a href="#[d]">GPIOC_Handler</a>&nbsp;&nbsp;&nbsp;&rArr;&nbsp;&nbsp;&nbsp;<a href="#[d]">GPIOC_Handler</a><BR>
 <LI><a href="#[e]">GPIOD_Handler</a>&nbsp;&nbsp;&nbsp;&rArr;&nbsp;&nbsp;&nbsp;<a href="#[e]">GPIOD_Handler</a><BR>
 <LI><a href="#[f]">GPIOE_Handler</a>&nbsp;&nbsp;&nbsp;&rArr;&nbsp;&nbsp;&nbsp;<a href="#[f]">GPIOE_Handler</a><BR>
 <LI><a href="#[11]">UART1_Handler</a>&nbsp;&nbsp;&nbsp;&rArr;&nbsp;&nbsp;&nbsp;<a href="#[11]">UART1_Handler</a><BR>
 <LI><a href="#[12]">SSI0_Handler</a>&nbsp;&nbsp;&nbsp;&rArr;&nbsp;&nbsp;&nbsp;<a href="#[12]">SSI0_Handler</a><BR>
 <LI><a href="#[13]">I2C0_Handler</a>&nbsp;&nbsp;&nbsp;&rArr;&nbsp;&nbsp;&nbsp;<a href="#[13]">I2C0_Handler</a><BR>
 <LI><a href="#[14]">PMW0_FAULT_Handler</a>&nbsp;&nbsp;&nbsp;&rArr;&nbsp;&nbsp;&nbsp;<a href="#[14]">PMW0_FAULT_Handler</a><BR>
 <LI><a href="#[15]">PWM0_0_Handler</a>&nbsp;&nbsp;&nbsp;&rArr;&nbsp;&nbsp;&nbsp;<a href="#[15]">PWM0_0_Handler</a><BR>
 <LI><a href="#[16]">PWM0_1_Handler</a>&nbsp;&nbsp;&nbsp;&rArr;&nbsp;&nbsp;&nbsp;<a href="#[16]">PWM0_1_Handler</a><BR>
 <LI><a href="#[17]">PWM0_2_Handler</a>&nbsp;&nbsp;&nbsp;&rArr;&nbsp;&nbsp;&nbsp;<a href="#[17]">PWM0_2_Handler</a><BR>
 <LI><a href="#[18]">QEI0_Handler</a>&nbsp;&nbsp;&nbsp;&rArr;&nbsp;&nbsp;&nbsp;<a href="#[18]">QEI0_Handler</a><BR>
 <LI><a href="#[19]">ADC0SS0_Handler</a>&nbsp;&nbsp;&nbsp;&rArr;&nbsp;&nbsp;&nbsp;<a href="#[19]">ADC0SS0_Handler</a><BR>
 <LI><a href="#[1a]">ADC0SS1_Handler</a>&nbsp;&nbsp;&nbsp;&rArr;&nbsp;&nbsp;&nbsp;<a href="#[1a]">ADC0SS1_Handler</a><BR>
 <LI><a href="#[1b]">ADC0SS2_Handler</a>&nbsp;&nbsp;&nbsp;&rArr;&nbsp;&nbsp;&nbsp;<a href="#[1b]">ADC0SS2_Handler</a><BR>
 <LI><a href="#[1c]">ADC0SS3_Handler</a>&nbsp;&nbsp;&nbsp;&rArr;&nbsp;&nbsp;&nbsp;<a href="#[1c]">ADC0SS3_Handler</a><BR>
 <LI><a href="#[1d]">WDT0_Handler</a>&nbsp;&nbsp;&nbsp;&rArr;&nbsp;&nbsp;&nbsp;<a href="#[1d]">WDT0_Handler</a><BR>
 <LI><a href="#[1e]">TIMER0A_Handler</a>&nbsp;&nbsp;&nbsp;&rArr;&nbsp;&nbsp;&nbsp;<a href="#[1e]">TIMER0A_Handler</a><BR>
 <LI><a href="#[1f]">TIMER0B_Handler</a>&nbsp;&nbsp;&nbsp;&rArr;&nbsp;&nbsp;&nbsp;<a href="#[1f]">TIMER0B_Handler</a><BR>
 <LI><a href="#[21]">TIMER1B_Handler</a>&nbsp;&nbsp;&nbsp;&rArr;&nbsp;&nbsp;&nbsp;<a href="#[21]">TIMER1B_Handler</a><BR>
 <LI><a href="#[22]">TIMER2A_Handler</a>&nbsp;&nbsp;&nbsp;&rArr;&nbsp;&nbsp;&nbsp;<a href="#[22]">TIMER2A_Handler</a><BR>
 <LI><a href="#[23]">TIMER2B_Handler</a>&nbsp;&nbsp;&nbsp;&rArr;&nbsp;&nbsp;&nbsp;<a href="#[23]">TIMER2B_Handler</a><BR>
 <LI><a href="#[24]">COMP0_Handler</a>&nbsp;&nbsp;&nbsp;&rArr;&nbsp;&nbsp;&nbsp;<a href="#[24]">COMP0_Handler</a><BR>
 <LI><a href="#[25]">COMP1_Handler</a>&nbsp;&nbsp;&nbsp;&rArr;&nbsp;&nbsp;&nbsp;<a href="#[25]">COMP1_Handler</a><BR>
 <LI><a href="#[26]">COMP2_Handler</a>&nbsp;&nbsp;&nbsp;&rArr;&nbsp;&nbsp;&nbsp;<a href="#[26]">COMP2_Handler</a><BR>
 <LI><a href="#[27]">SYSCTL_Handler</a>&nbsp;&nbsp;&nbsp;&rArr;&nbsp;&nbsp;&nbsp;<a href="#[27]">SYSCTL_Handler</a><BR>
 <LI><a href="#[28]">FLASH_Handler</a>&nbsp;&nbsp;&nbsp;&rArr;&nbsp;&nbsp;&nbsp;<a href="#[28]">FLASH_Handler</a><BR>
 <LI><a href="#[29]">GPIOF_Handler</a>&nbsp;&nbsp;&nbsp;&rArr;&nbsp;&nbsp;&nbsp;<a href="#[29]">GPIOF_Handler</a><BR>
 <LI><a href="#[2a]">GPIOG_Handler</a>&nbsp;&nbsp;&nbsp;&rArr;&nbsp;&nbsp;&nbsp;<a href="#[2a]">GPIOG_Handler</a><BR>
 <LI><a href="#[2b]">GPIOH_Handler</a>&nbsp;&nbsp;&nbsp;&rArr;&nbsp;&nbsp;&nbsp;<a href="#[2b]">GPIOH_Handler</a><BR>
 <LI><a href="#[2c]">UART2_Handler</a>&nbsp;&nbsp;&nbsp;&rArr;&nbsp;&nbsp;&nbsp;<a href="#[2c]">UART2_Handler</a><BR>
 <LI><a href="#[2d]">SSI1_Handler</a>&nbsp;&nbsp;&nbsp;&rArr;&nbsp;&nbsp;&nbsp;<a href="#[2d]">SSI1_Handler</a><BR>
 <LI><a href="#[2e]">TIMER3A_Handler</a>&nbsp;&nbsp;&nbsp;&rArr;&nbsp;&nbsp;&nbsp;<a href="#[2e]">TIMER3A_Handler</a><BR>
 <LI><a href="#[2f]">TIMER3B_Handler</a>&nbsp;&nbsp;&nbsp;&rArr;&nbsp;&nbsp;&nbsp;<a href="#[2f]">TIMER3B_Handler</a><BR>
 <LI><a href="#[30]">I2C1_Handler</a>&nbsp;&nbsp;&nbsp;&rArr;&nbsp;&nbsp;&nbsp;<a href="#[30]">I2C1_Handler</a><BR>
 <LI><a href="#[31]">QEI1_Handler</a>&nbsp;&nbsp;&nbsp;&rArr;&nbsp;&nbsp;&nbsp;<a href="#[31]">QEI1_Handler</a><BR>
 <LI><a href="#[32]">CAN0_Handler</a>&nbsp;&nbsp;&nbsp;&rArr;&nbsp;&nbsp;&nbsp;<a href="#[32]">CAN0_Handler</a><BR>
 <LI><a href="#[33]">CAN1_Handler</a>&nbsp;&nbsp;&nbsp;&rArr;&nbsp;&nbsp;&nbsp;<a href="#[33]">CAN1_Handler</a><BR>
 <LI><a href="#[34]">CAN2_Handler</a>&nbsp;&nbsp;&nbsp;&rArr;&nbsp;&nbsp;&nbsp;<a href="#[34]">CAN2_Handler</a><BR>
 <LI><a href="#[35]">HIB_Handler</a>&nbsp;&nbsp;&nbsp;&rArr;&nbsp;&nbsp;&nbsp;<a href="#[35]">HIB_Handler</a><BR>
 <LI><a href="#[36]">USB0_Handler</a>&nbsp;&nbsp;&nbsp;&rArr;&nbsp;&nbsp;&nbsp;<a href="#[36]">USB0_Handler</a><BR>
 <LI><a href="#[37]">PWM0_3_Handler</a>&nbsp;&nbsp;&nbsp;&rArr;&nbsp;&nbsp;&nbsp;<a href="#[37]">PWM0_3_Handler</a><BR>
 <LI><a href="#[38]">UDMA_Handler</a>&nbsp;&nbsp;&nbsp;&rArr;&nbsp;&nbsp;&nbsp;<a href="#[38]">UDMA_Handler</a><BR>
 <LI><a href="#[39]">UDMAERR_Handler</a>&nbsp;&nbsp;&nbsp;&rArr;&nbsp;&nbsp;&nbsp;<a href="#[39]">UDMAERR_Handler</a><BR>
 <LI><a href="#[3a]">ADC1SS0_Handler</a>&nbsp;&nbsp;&nbsp;&rArr;&nbsp;&nbsp;&nbsp;<a href="#[3a]">ADC1SS0_Handler</a><BR>
 <LI><a href="#[3b]">ADC1SS1_Handler</a>&nbsp;&nbsp;&nbsp;&rArr;&nbsp;&nbsp;&nbsp;<a href="#[3b]">ADC1SS1_Handler</a><BR>
 <LI><a href="#[3c]">ADC1SS2_Handler</a>&nbsp;&nbsp;&nbsp;&rArr;&nbsp;&nbsp;&nbsp;<a href="#[3c]">ADC1SS2_Handler</a><BR>
 <LI><a href="#[3d]">ADC1SS3_Handler</a>&nbsp;&nbsp;&nbsp;&rArr;&nbsp;&nbsp;&nbsp;<a href="#[3d]">ADC1SS3_Handler</a><BR>
 <LI><a href="#[3e]">GPIOJ_Handler</a>&nbsp;&nbsp;&nbsp;&rArr;&nbsp;&nbsp;&nbsp;<a href="#[3e]">GPIOJ_Handler</a><BR>
 <LI><a href="#[3f]">GPIOK_Handler</a>&nbsp;&nbsp;&nbsp;&rArr;&nbsp;&nbsp;&nbsp;<a href="#[3f]">GPIOK_Handler</a><BR>
 <LI><a href="#[40]">GPIOL_Handler</a>&nbsp;&nbsp;&nbsp;&rArr;&nbsp;&nbsp;&nbsp;<a href="#[40]">GPIOL_Handler</a><BR>
 <LI><a href="#[41]">SSI2_Handler</a>&nbsp;&nbsp;&nbsp;&rArr;&nbsp;&nbsp;&nbsp;<a href="#[41]">SSI2_Handler</a><BR>
 <LI><a href="#[42]">SSI3_Handler</a>&nbsp;&nbsp;&nbsp;&rArr;&nbsp;&nbsp;&nbsp;<a href="#[42]">SSI3_Handler</a><BR>
 <LI><a href="#[43]">UART3_Handler</a>&nbsp;&nbsp;&nbsp;&rArr;&nbsp;&nbsp;&nbsp;<a href="#[43]">UART3_Handler</a><BR>
 <LI><a href="#[44]">UART4_Handler</a>&nbsp;&nbsp;&nbsp;&rArr;&nbsp;&nbsp;&nbsp;<a href="#[44]">UART4_Handler</a><BR>
 <LI><a href="#[45]">UART5_Handler</a>&nbsp;&nbsp;&nbsp;&rArr;&nbsp;&nbsp;&nbsp;<a href="#[45]">UART5_Handler</a><BR>
 <LI><a href="#[46]">UART6_Handler</a>&nbsp;&nbsp;&nbsp;&rArr;&nbsp;&nbsp;&nbsp;<a href="#[46]">UART6_Handler</a><BR>
 <LI><a href="#[47]">UART7_Handler</a>&nbsp;&nbsp;&nbsp;&rArr;&nbsp;&nbsp;&nbsp;<a href="#[47]">UART7_Handler</a><BR>
 <LI><a href="#[48]">I2C2_Handler</a>&nbsp;&nbsp;&nbsp;&rArr;&nbsp;&nbsp;&nbsp;<a href="#[48]">I2C2_Handler</a><BR>
 <LI><a href="#[49]">I2C3_Handler</a>&nbsp;&nbsp;&nbsp;&rArr;&nbsp;&nbsp;&nbsp;<a href="#[49]">I2C3_Handler</a><BR>
 <LI><a href="#[4a]">TIMER4A_Handler</a>&nbsp;&nbsp;&nbsp;&rArr;&nbsp;&nbsp;&nbsp;<a href="#[4a]">TIMER4A_Handler</a><BR>
 <LI><a href="#[4b]">TIMER4B_Handler</a>&nbsp;&nbsp;&nbsp;&rArr;&nbsp;&nbsp;&nbsp;<a href="#[4b]">TIMER4B_Handler</a><BR>
 <LI><a href="#[4d]">TIMER5B_Handler</a>&nbsp;&nbsp;&nbsp;&rArr;&nbsp;&nbsp;&nbsp;<a href="#[4d]">TIMER5B_Handler</a><BR>
 <LI><a href="#[4e]">WTIMER0A_Handler</a>&nbsp;&nbsp;&nbsp;&rArr;&nbsp;&nbsp;&nbsp;<a href="#[4e]">WTIMER0A_Handler</a><BR>
 <LI><a href="#[4f]">WTIMER0B_Handler</a>&nbsp;&nbsp;&nbsp;&rArr;&nbsp;&nbsp;&nbsp;<a href="#[4f]">WTIMER0B_Handler</a><BR>
 <LI><a href="#[50]">WTIMER1A_Handler</a>&nbsp;&nbsp;&nbsp;&rArr;&nbsp;&nbsp;&nbsp;<a href="#[50]">WTIMER1A_Handler</a><BR>
 <LI><a href="#[51]">WTIMER1B_Handler</a>&nbsp;&nbsp;&nbsp;&rArr;&nbsp;&nbsp;&nbsp;<a href="#[51]">WTIMER1B_Handler</a><BR>
 <LI><a href="#[52]">WTIMER2A_Handler</a>&nbsp;&nbsp;&nbsp;&rArr;&nbsp;&nbsp;&nbsp;<a href="#[52]">WTIMER2A_Handler</a><BR>
 <LI><a href="#[53]">WTIMER2B_Handler</a>&nbsp;&nbsp;&nbsp;&rArr;&nbsp;&nbsp;&nbsp;<a href="#[53]">WTIMER2B_Handler</a><BR>
 <LI><a href="#[54]">WTIMER3A_Handler</a>&nbsp;&nbsp;&nbsp;&rArr;&nbsp;&nbsp;&nbsp;<a href="#[54]">WTIMER3A_Handler</a><BR>
 <LI><a href="#[55]">WTIMER3B_Handler</a>&nbsp;&nbsp;&nbsp;&rArr;&nbsp;&nbsp;&nbsp;<a href="#[55]">WTIMER3B_Handler</a><BR>
 <LI><a href="#[56]">WTIMER4A_Handler</a>&nbsp;&nbsp;&nbsp;&rArr;&nbsp;&nbsp;&nbsp;<a href="#[56]">WTIMER4A_Handler</a><BR>
 <LI><a href="#[57]">WTIMER4B_Handler</a>&nbsp;&nbsp;&nbsp;&rArr;&nbsp;&nbsp;&nbsp;<a href="#[57]">WTIMER4B_Handler</a><BR>
 <LI><a href="#[58]">WTIMER5A_Handler</a>&nbsp;&nbsp;&nbsp;&rArr;&nbsp;&nbsp;&nbsp;<a href="#[58]">WTIMER5A_Handler</a><BR>
 <LI><a href="#[59]">WTIMER5B_Handler</a>&nbsp;&nbsp;&nbsp;&rArr;&nbsp;&nbsp;&nbsp;<a href="#[59]">WTIMER5B_Handler</a><BR>
 <LI><a href="#[5a]">FPU_Handler</a>&nbsp;&nbsp;&nbsp;&rArr;&nbsp;&nbsp;&nbsp;<a href="#[5a]">FPU_Handler</a><BR>
 <LI><a href="#[5b]">I2C4_Handler</a>&nbsp;&nbsp;&nbsp;&rArr;&nbsp;&nbsp;&nbsp;<a href="#[5b]">I2C4_Handler</a><BR>
 <LI><a href="#[5c]">I2C5_Handler</a>&nbsp;&nbsp;&nbsp;&rArr;&nbsp;&nbsp;&nbsp;<a href="#[5c]">I2C5_Handler</a><BR>
 <LI><a href="#[5d]">GPIOM_Handler</a>&nbsp;&nbsp;&nbsp;&rArr;&nbsp;&nbsp;&nbsp;<a href="#[5d]">GPIOM_Handler</a><BR>
 <LI><a href="#[5e]">GPION_Handler</a>&nbsp;&nbsp;&nbsp;&rArr;&nbsp;&nbsp;&nbsp;<a href="#[5e]">GPION_Handler</a><BR>
 <LI><a href="#[5f]">QEI2_Handler</a>&nbsp;&nbsp;&nbsp;&rArr;&nbsp;&nbsp;&nbsp;<a href="#[5f]">QEI2_Handler</a><BR>
 <LI><a href="#[60]">GPIOP0_Handler</a>&nbsp;&nbsp;&nbsp;&rArr;&nbsp;&nbsp;&nbsp;<a href="#[60]">GPIOP0_Handler</a><BR>
 <LI><a href="#[61]">GPIOP1_Handler</a>&nbsp;&nbsp;&nbsp;&rArr;&nbsp;&nbsp;&nbsp;<a href="#[61]">GPIOP1_Handler</a><BR>
 <LI><a href="#[62]">GPIOP2_Handler</a>&nbsp;&nbsp;&nbsp;&rArr;&nbsp;&nbsp;&nbsp;<a href="#[62]">GPIOP2_Handler</a><BR>
 <LI><a href="#[63]">GPIOP3_Handler</a>&nbsp;&nbsp;&nbsp;&rArr;&nbsp;&nbsp;&nbsp;<a href="#[63]">GPIOP3_Handler</a><BR>
 <LI><a href="#[64]">GPIOP4_Handler</a>&nbsp;&nbsp;&nbsp;&rArr;&nbsp;&nbsp;&nbsp;<a href="#[64]">GPIOP4_Handler</a><BR>
 <LI><a href="#[65]">GPIOP5_Handler</a>&nbsp;&nbsp;&nbsp;&rArr;&nbsp;&nbsp;&nbsp;<a href="#[65]">GPIOP5_Handler</a><BR>
 <LI><a href="#[66]">GPIOP6_Handler</a>&nbsp;&nbsp;&nbsp;&rArr;&nbsp;&nbsp;&nbsp;<a href="#[66]">GPIOP6_Handler</a><BR>
 <LI><a href="#[67]">GPIOP7_Handler</a>&nbsp;&nbsp;&nbsp;&rArr;&nbsp;&nbsp;&nbsp;<a href="#[67]">GPIOP7_Handler</a><BR>
 <LI><a href="#[68]">GPIOQ0_Handler</a>&nbsp;&nbsp;&nbsp;&rArr;&nbsp;&nbsp;&nbsp;<a href="#[68]">GPIOQ0_Handler</a><BR>
 <LI><a href="#[69]">GPIOQ1_Handler</a>&nbsp;&nbsp;&nbsp;&rArr;&nbsp;&nbsp;&nbsp;<a href="#[69]">GPIOQ1_Handler</a><BR>
 <LI><a href="#[6a]">GPIOQ2_Handler</a>&nbsp;&nbsp;&nbsp;&rArr;&nbsp;&nbsp;&nbsp;<a href="#[6a]">GPIOQ2_Handler</a><BR>
 <LI><a href="#[6b]">GPIOQ3_Handler</a>&nbsp;&nbsp;&nbsp;&rArr;&nbsp;&nbsp;&nbsp;<a href="#[6b]">GPIOQ3_Handler</a><BR>
 <LI><a href="#[6c]">GPIOQ4_Handler</a>&nbsp;&nbsp;&nbsp;&rArr;&nbsp;&nbsp;&nbsp;<a href="#[6c]">GPIOQ4_Handler</a><BR>
 <LI><a href="#[6d]">GPIOQ5_Handler</a>&nbsp;&nbsp;&nbsp;&rArr;&nbsp;&nbsp;&nbsp;<a href="#[6d]">GPIOQ5_Handler</a><BR>
 <LI><a href="#[6e]">GPIOQ6_Handler</a>&nbsp;&nbsp;&nbsp;&rArr;&nbsp;&nbsp;&nbsp;<a href="#[6e]">GPIOQ6_Handler</a><BR>
 <LI><a href="#[6f]">GPIOQ7_Handler</a>&nbsp;&nbsp;&nbsp;&rArr;&nbsp;&nbsp;&nbsp;<a href="#[6f]">GPIOQ7_Handler</a><BR>
 <LI><a href="#[70]">GPIOR_Handler</a>&nbsp;&nbsp;&nbsp;&rArr;&nbsp;&nbsp;&nbsp;<a href="#[70]">GPIOR_Handler</a><BR>
 <LI><a href="#[71]">GPIOS_Handler</a>&nbsp;&nbsp;&nbsp;&rArr;&nbsp;&nbsp;&nbsp;<a href="#[71]">GPIOS_Handler</a><BR>
 <LI><a href="#[72]">PMW1_0_Handler</a>&nbsp;&nbsp;&nbsp;&rArr;&nbsp;&nbsp;&nbsp;<a href="#[72]">PMW1_0_Handler</a><BR>
 <LI><a href="#[73]">PWM1_1_Handler</a>&nbsp;&nbsp;&nbsp;&rArr;&nbsp;&nbsp;&nbsp;<a href="#[73]">PWM1_1_Handler</a><BR>
 <LI><a href="#[74]">PWM1_2_Handler</a>&nbsp;&nbsp;&nbsp;&rArr;&nbsp;&nbsp;&nbsp;<a href="#[74]">PWM1_2_Handler</a><BR>
 <LI><a href="#[75]">PWM1_3_Handler</a>&nbsp;&nbsp;&nbsp;&rArr;&nbsp;&nbsp;&nbsp;<a href="#[75]">PWM1_3_Handler</a><BR>
 <LI><a href="#[76]">PWM1_FAULT_Handler</a>&nbsp;&nbsp;&nbsp;&rArr;&nbsp;&nbsp;&nbsp;<a href="#[76]">PWM1_FAULT_Handler</a><BR>
</UL>
<P>
<H3>
Function Pointers
</H3><UL>
 <LI><a href="#[19]">ADC0SS0_Handler</a> from startup_tm4c123.o(.text) referenced from startup_tm4c123.o(RESET)
 <LI><a href="#[1a]">ADC0SS1_Handler</a> from startup_tm4c123.o(.text) referenced from startup_tm4c123.o(RESET)
 <LI><a href="#[1b]">ADC0SS2_Handler</a> from startup_tm4c123.o(.text) referenced from startup_tm4c123.o(RESET)
 <LI><a href="#[1c]">ADC0SS3_Handler</a> from startup_tm4c123.o(.text) referenced from startup_tm4c123.o(RESET)
 <LI><a href="#[3a]">ADC1SS0_Handler</a> from startup_tm4c123.o(.text) referenced from startup_tm4c123.o(RESET)
 <LI><a href="#[3b]">ADC1SS1_Handler</a> from startup_tm4c123.o(.text) referenced from startup_tm4c123.o(RESET)
 <LI><a href="#[3c]">ADC1SS2_Handler</a> from startup_tm4c123.o(.text) referenced from startup_tm4c123.o(RESET)
 <LI><a href="#[3d]">ADC1SS3_Handler</a> from startup_tm4c123.o(.text) referenced from startup_tm4c123.o(RESET)
 <LI><a href="#[5]">BusFault_Handler</a> from startup_tm4c123.o(.text) referenced from startup_tm4c123.o(RESET)
 <LI><a href="#[32]">CAN0_Handler</a> from startup_tm4c123.o(.text) referenced from startup_tm4c123.o(RESET)
 <LI><a href="#[33]">CAN1_Handler</a> from startup_tm4c123.o(.text) referenced from startup_tm4c123.o(RESET)
 <LI><a href="#[34]">CAN2_Handler</a> from startup_tm4c123.o(.text) referenced from startup_tm4c123.o(RESET)
 <LI><a href="#[24]">COMP0_Handler</a> from startup_tm4c123.o(.text) referenced from startup_tm4c123.o(RESET)
 <LI><a href="#[25]">COMP1_Handler</a> from startup_tm4c123.o(.text) referenced from startup_tm4c123.o(RESET)
 <LI><a href="#[26]">COMP2_Handler</a> from startup_tm4c123.o(.text) referenced from startup_tm4c123.o(RESET)
 <LI><a href="#[8]">DebugMon_Handler</a> from startup_tm4c123.o(.text) referenced from startup_tm4c123.o(RESET)
 <LI><a href="#[28]">FLASH_Handler</a> from startup_tm4c123.o(.text) referenced from startup_tm4c123.o(RESET)
 <LI><a href="#[5a]">FPU_Handler</a> from startup_tm4c123.o(.text) referenced from startup_tm4c123.o(RESET)
 <LI><a href="#[b]">GPIOA_Handler</a> from startup_tm4c123.o(.text) referenced from startup_tm4c123.o(RESET)
 <LI><a href="#[c]">GPIOB_Handler</a> from startup_tm4c123.o(.text) referenced from startup_tm4c123.o(RESET)
 <LI><a href="#[d]">GPIOC_Handler</a> from startup_tm4c123.o(.text) referenced from startup_tm4c123.o(RESET)
 <LI><a href="#[e]">GPIOD_Handler</a> from startup_tm4c123.o(.text) referenced from startup_tm4c123.o(RESET)
 <LI><a href="#[f]">GPIOE_Handler</a> from startup_tm4c123.o(.text) referenced from startup_tm4c123.o(RESET)
 <LI><a href="#[29]">GPIOF_Handler</a> from startup_tm4c123.o(.text) referenced from startup_tm4c123.o(RESET)
 <LI><a href="#[2a]">GPIOG_Handler</a> from startup_tm4c123.o(.text) referenced from startup_tm4c123.o(RESET)
 <LI><a href="#[2b]">GPIOH_Handler</a> from startup_tm4c123.o(.text) referenced from startup_tm4c123.o(RESET)
 <LI><a href="#[3e]">GPIOJ_Handler</a> from startup_tm4c123.o(.text) referenced from startup_tm4c123.o(RESET)
 <LI><a href="#[3f]">GPIOK_Handler</a> from startup_tm4c123.o(.text) referenced from startup_tm4c123.o(RESET)
 <LI><a href="#[40]">GPIOL_Handler</a> from startup_tm4c123.o(.text) referenced from startup_tm4c123.o(RESET)
 <LI><a href="#[5d]">GPIOM_Handler</a> from startup_tm4c123.o(.text) referenced from startup_tm4c123.o(RESET)
 <LI><a href="#[5e]">GPION_Handler</a> from startup_tm4c123.o(.text) referenced from startup_tm4c123.o(RESET)
 <LI><a href="#[60]">GPIOP0_Handler</a> from startup_tm4c123.o(.text) referenced from startup_tm4c123.o(RESET)
 <LI><a href="#[61]">GPIOP1_Handler</a> from startup_tm4c123.o(.text) referenced from startup_tm4c123.o(RESET)
 <LI><a href="#[62]">GPIOP2_Handler</a> from startup_tm4c123.o(.text) referenced from startup_tm4c123.o(RESET)
 <LI><a href="#[63]">GPIOP3_Handler</a> from startup_tm4c123.o(.text) referenced from startup_tm4c123.o(RESET)
 <LI><a href="#[64]">GPIOP4_Handler</a> from startup_tm4c123.o(.text) referenced from startup_tm4c123.o(RESET)
 <LI><a href="#[65]">GPIOP5_Handler</a> from startup_tm4c123.o(.text) referenced from startup_tm4c123.o(RESET)
 <LI><a href="#[66]">GPIOP6_Handler</a> from startup_tm4c123.o(.text) referenced from startup_tm4c123.o(RESET)
 <LI><a href="#[67]">GPIOP7_Handler</a> from startup_tm4c123.o(.text) referenced from startup_tm4c123.o(RESET)
 <LI><a href="#[68]">GPIOQ0_Handler</a> from startup_tm4c123.o(.text) referenced from startup_tm4c123.o(RESET)
 <LI><a href="#[69]">GPIOQ1_Handler</a> from startup_tm4c123.o(.text) referenced from startup_tm4c123.o(RESET)
 <LI><a href="#[6a]">GPIOQ2_Handler</a> from startup_tm4c123.o(.text) referenced from startup_tm4c123.o(RESET)
 <LI><a href="#[6b]">GPIOQ3_Handler</a> from startup_tm4c123.o(.text) referenced from startup_tm4c123.o(RESET)
 <LI><a href="#[6c]">GPIOQ4_Handler</a> from startup_tm4c123.o(.text) referenced from startup_tm4c123.o(RESET)
 <LI><a href="#[6d]">GPIOQ5_Handler</a> from startup_tm4c123.o(.text) referenced from startup_tm4c123.o(RESET)
 <LI><a href="#[6e]">GPIOQ6_Handler</a> from startup_tm4c123.o(.text) referenced from startup_tm4c123.o(RESET)
 <LI><a href="#[6f]">GPIOQ7_Handler</a> from startup_tm4c123.o(.text) referenced from startup_tm4c123.o(RESET)
 <LI><a href="#[70]">GPIOR_Handler</a> from startup_tm4c123.o(.text) referenced from startup_tm4c123.o(RESET)
 <LI><a href="#[71]">GPIOS_Handler</a> from startup_tm4c123.o(.text) referenced from startup_tm4c123.o(RESET)
 <LI><a href="#[35]">HIB_Handler</a> from startup_tm4c123.o(.text) referenced from startup_tm4c123.o(RESET)
 <LI><a href="#[3]">HardFault_Handler</a> from startup_tm4c123.o(.text) referenced from startup_tm4c123.o(RESET)
 <LI><a href="#[13]">I2C0_Handler</a> from startup_tm4c123.o(.text) referenced from startup_tm4c123.o(RESET)
 <LI><a href="#[30]">I2C1_Handler</a> from startup_tm4c123.o(.text) referenced from startup_tm4c123.o(RESET)
 <LI><a href="#[48]">I2C2_Handler</a> from startup_tm4c123.o(.text) referenced from startup_tm4c123.o(RESET)
 <LI><a href="#[49]">I2C3_Handler</a> from startup_tm4c123.o(.text) referenced from startup_tm4c123.o(RESET)
 <LI><a href="#[5b]">I2C4_Handler</a> from startup_tm4c123.o(.text) referenced from startup_tm4c123.o(RESET)
 <LI><a href="#[5c]">I2C5_Handler</a> from startup_tm4c123.o(.text) referenced from startup_tm4c123.o(RESET)
 <LI><a href="#[4]">MemManage_Handler</a> from startup_tm4c123.o(.text) referenced from startup_tm4c123.o(RESET)
 <LI><a href="#[2]">NMI_Handler</a> from startup_tm4c123.o(.text) referenced from startup_tm4c123.o(RESET)
 <LI><a href="#[14]">PMW0_FAULT_Handler</a> from startup_tm4c123.o(.text) referenced from startup_tm4c123.o(RESET)
 <LI><a href="#[72]">PMW1_0_Handler</a> from startup_tm4c123.o(.text) referenced from startup_tm4c123.o(RESET)
 <LI><a href="#[15]">PWM0_0_Handler</a> from startup_tm4c123.o(.text) referenced from startup_tm4c123.o(RESET)
 <LI><a href="#[16]">PWM0_1_Handler</a> from startup_tm4c123.o(.text) referenced from startup_tm4c123.o(RESET)
 <LI><a href="#[17]">PWM0_2_Handler</a> from startup_tm4c123.o(.text) referenced from startup_tm4c123.o(RESET)
 <LI><a href="#[37]">PWM0_3_Handler</a> from startup_tm4c123.o(.text) referenced from startup_tm4c123.o(RESET)
 <LI><a href="#[73]">PWM1_1_Handler</a> from startup_tm4c123.o(.text) referenced from startup_tm4c123.o(RESET)
 <LI><a href="#[74]">PWM1_2_Handler</a> from startup_tm4c123.o(.text) referenced from startup_tm4c123.o(RESET)
 <LI><a href="#[75]">PWM1_3_Handler</a> from startup_tm4c123.o(.text) referenced from startup_tm4c123.o(RESET)
 <LI><a href="#[76]">PWM1_FAULT_Handler</a> from startup_tm4c123.o(.text) referenced from startup_tm4c123.o(RESET)
 <LI><a href="#[9]">PendSV_Handler</a> from startup_tm4c123.o(.text) referenced from startup_tm4c123.o(RESET)
 <LI><a href="#[18]">QEI0_Handler</a> from startup_tm4c123.o(.text) referenced from startup_tm4c123.o(RESET)
 <LI><a href="#[31]">QEI1_Handler</a> from startup_tm4c123.o(.text) referenced from startup_tm4c123.o(RESET)
 <LI><a href="#[5f]">QEI2_Handler</a> from startup_tm4c123.o(.text) referenced from startup_tm4c123.o(RESET)
 <LI><a href="#[7b]">Reset_Handler</a> from startup_tm4c123.o(.text) referenced from startup_tm4c123.o(RESET)
 <LI><a href="#[12]">SSI0_Handler</a> from startup_tm4c123.o(.text) referenced from startup_tm4c123.o(RESET)
 <LI><a href="#[2d]">SSI1_Handler</a> from startup_tm4c123.o(.text) referenced from startup_tm4c123.o(RESET)
 <LI><a href="#[41]">SSI2_Handler</a> from startup_tm4c123.o(.text) referenced from startup_tm4c123.o(RESET)
 <LI><a href="#[42]">SSI3_Handler</a> from startup_tm4c123.o(.text) referenced from startup_tm4c123.o(RESET)
 <LI><a href="#[7]">SVC_Handler</a> from startup_tm4c123.o(.text) referenced from startup_tm4c123.o(RESET)
 <LI><a href="#[27]">SYSCTL_Handler</a> from startup_tm4c123.o(.text) referenced from startup_tm4c123.o(RESET)
 <LI><a href="#[a]">SysTick_Handler</a> from startup_tm4c123.o(.text) referenced from startup_tm4c123.o(RESET)
 <LI><a href="#[78]">SystemInit</a> from system_tm4c123.o(.text) referenced from startup_tm4c123.o(.text)
 <LI><a href="#[1e]">TIMER0A_Handler</a> from startup_tm4c123.o(.text) referenced from startup_tm4c123.o(RESET)
 <LI><a href="#[1f]">TIMER0B_Handler</a> from startup_tm4c123.o(.text) referenced from startup_tm4c123.o(RESET)
 <LI><a href="#[20]">TIMER1A_Handler</a> from timers.o(.text) referenced from startup_tm4c123.o(RESET)
 <LI><a href="#[21]">TIMER1B_Handler</a> from startup_tm4c123.o(.text) referenced from startup_tm4c123.o(RESET)
 <LI><a href="#[22]">TIMER2A_Handler</a> from startup_tm4c123.o(.text) referenced from startup_tm4c123.o(RESET)
 <LI><a href="#[23]">TIMER2B_Handler</a> from startup_tm4c123.o(.text) referenced from startup_tm4c123.o(RESET)
 <LI><a href="#[2e]">TIMER3A_Handler</a> from startup_tm4c123.o(.text) referenced from startup_tm4c123.o(RESET)
 <LI><a href="#[2f]">TIMER3B_Handler</a> from startup_tm4c123.o(.text) referenced from startup_tm4c123.o(RESET)
 <LI><a href="#[4a]">TIMER4A_Handler</a> from startup_tm4c123.o(.text) referenced from startup_tm4c123.o(RESET)
 <LI><a href="#[4b]">TIMER4B_Handler</a> from startup_tm4c123.o(.text) referenced from startup_tm4c123.o(RESET)
 <LI><a href="#[4c]">TIMER5A_Handler</a> from timers.o(.text) referenced from startup_tm4c123.o(RESET)
 <LI><a href="#[4d]">TIMER5B_Handler</a> from startup_tm4c123.o(.text) referenced from startup_tm4c123.o(RESET)
 <LI><a href="#[10]">UART0_Handler</a> from serial_debug.o(.text) referenced from startup_tm4c123.o(RESET)
 <LI><a href="#[11]">UART1_Handler</a> from startup_tm4c123.o(.text) referenced from startup_tm4c123.o(RESET)
 <LI><a href="#[2c]">UART2_Handler</a> from startup_tm4c123.o(.text) referenced from startup_tm4c123.o(RESET)
 <LI><a href="#[43]">UART3_Handler</a> from startup_tm4c123.o(.text) referenced from startup_tm4c123.o(RESET)
 <LI><a href="#[44]">UART4_Handler</a> from startup_tm4c123.o(.text) referenced from startup_tm4c123.o(RESET)
 <LI><a href="#[45]">UART5_Handler</a> from startup_tm4c123.o(.text) referenced from startup_tm4c123.o(RESET)
 <LI><a href="#[46]">UART6_Handler</a> from startup_tm4c123.o(.text) referenced from startup_tm4c123.o(RESET)
 <LI><a href="#[47]">UART7_Handler</a> from startup_tm4c123.o(.text) referenced from startup_tm4c123.o(RESET)
 <LI><a href="#[39]">UDMAERR_Handler</a> from startup_tm4c123.o(.text) referenced from startup_tm4c123.o(RESET)
 <LI><a href="#[38]">UDMA_Handler</a> from startup_tm4c123.o(.text) referenced from startup_tm4c123.o(RESET)
 <LI><a href="#[36]">USB0_Handler</a> from startup_tm4c123.o(.text) referenced from startup_tm4c123.o(RESET)
 <LI><a href="#[6]">UsageFault_Handler</a> from startup_tm4c123.o(.text) referenced from startup_tm4c123.o(RESET)
 <LI><a href="#[1d]">WDT0_Handler</a> from startup_tm4c123.o(.text) referenced from startup_tm4c123.o(RESET)
 <LI><a href="#[4e]">WTIMER0A_Handler</a> from startup_tm4c123.o(.text) referenced from startup_tm4c123.o(RESET)
 <LI><a href="#[4f]">WTIMER0B_Handler</a> from startup_tm4c123.o(.text) referenced from startup_tm4c123.o(RESET)
 <LI><a href="#[50]">WTIMER1A_Handler</a> from startup_tm4c123.o(.text) referenced from startup_tm4c123.o(RESET)
 <LI><a href="#[51]">WTIMER1B_Handler</a> from startup_tm4c123.o(.text) referenced from startup_tm4c123.o(RESET)
 <LI><a href="#[52]">WTIMER2A_Handler</a> from startup_tm4c123.o(.text) referenced from startup_tm4c123.o(RESET)
 <LI><a href="#[53]">WTIMER2B_Handler</a> from startup_tm4c123.o(.text) referenced from startup_tm4c123.o(RESET)
 <LI><a href="#[54]">WTIMER3A_Handler</a> from startup_tm4c123.o(.text) referenced from startup_tm4c123.o(RESET)
 <LI><a href="#[55]">WTIMER3B_Handler</a> from startup_tm4c123.o(.text) referenced from startup_tm4c123.o(RESET)
 <LI><a href="#[56]">WTIMER4A_Handler</a> from startup_tm4c123.o(.text) referenced from startup_tm4c123.o(RESET)
 <LI><a href="#[57]">WTIMER4B_Handler</a> from startup_tm4c123.o(.text) referenced from startup_tm4c123.o(RESET)
 <LI><a href="#[58]">WTIMER5A_Handler</a> from startup_tm4c123.o(.text) referenced from startup_tm4c123.o(RESET)
 <LI><a href="#[59]">WTIMER5B_Handler</a> from startup_tm4c123.o(.text) referenced from startup_tm4c123.o(RESET)
 <LI><a href="#[79]">__main</a> from entry.o(.ARM.Collect$$$$00000000) referenced from startup_tm4c123.o(.text)
 <LI><a href="#[7a]">fputc</a> from serial_debug.o(.text) referenced from printf1.o(i.__0printf$1)
 <LI><a href="#[77]">main</a> from main.o(.text) referenced from entry9a.o(.ARM.Collect$$$$0000000B)
</UL>
<P>
<H3>
Global Symbols
</H3>
<P><STRONG><a name="[79]"></a>__main</STRONG> (Thumb, 0 bytes, Stack size unknown bytes, entry.o(.ARM.Collect$$$$00000000))
<BR>[Address Reference Count : 1]<UL><LI> startup_tm4c123.o(.text)
</UL>
<P><STRONG><a name="[11f]"></a>_main_stk</STRONG> (Thumb, 0 bytes, Stack size unknown bytes, entry2.o(.ARM.Collect$$$$00000001))

<P><STRONG><a name="[7c]"></a>_main_scatterload</STRONG> (Thumb, 0 bytes, Stack size unknown bytes, entry5.o(.ARM.Collect$$$$00000004))
<BR><BR>[Calls]<UL><LI><a href="#[7d]">&gt;&gt;</a>&nbsp;&nbsp;&nbsp;__scatterload
</UL>

<P><STRONG><a name="[110]"></a>__main_after_scatterload</STRONG> (Thumb, 0 bytes, Stack size unknown bytes, entry5.o(.ARM.Collect$$$$00000004))
<BR><BR>[Called By]<UL><LI><a href="#[7d]">&gt;&gt;</a>&nbsp;&nbsp;&nbsp;__scatterload
</UL>

<P><STRONG><a name="[120]"></a>_main_clock</STRONG> (Thumb, 0 bytes, Stack size unknown bytes, entry7b.o(.ARM.Collect$$$$00000008))

<P><STRONG><a name="[121]"></a>_main_cpp_init</STRONG> (Thumb, 0 bytes, Stack size unknown bytes, entry8b.o(.ARM.Collect$$$$0000000A))

<P><STRONG><a name="[122]"></a>_main_init</STRONG> (Thumb, 0 bytes, Stack size unknown bytes, entry9a.o(.ARM.Collect$$$$0000000B))

<P><STRONG><a name="[123]"></a>__rt_final_cpp</STRONG> (Thumb, 0 bytes, Stack size unknown bytes, entry10a.o(.ARM.Collect$$$$0000000D))

<P><STRONG><a name="[124]"></a>__rt_final_exit</STRONG> (Thumb, 0 bytes, Stack size unknown bytes, entry11a.o(.ARM.Collect$$$$0000000F))

<P><STRONG><a name="[7f]"></a>DisableInterrupts</STRONG> (Thumb, 4 bytes, Stack size 0 bytes, main.o(.text))
<BR><BR>[Called By]<UL><LI><a href="#[d8]">&gt;&gt;</a>&nbsp;&nbsp;&nbsp;serial_debug_tx
<LI><a href="#[d5]">&gt;&gt;</a>&nbsp;&nbsp;&nbsp;serial_debug_rx
<LI><a href="#[7e]">&gt;&gt;</a>&nbsp;&nbsp;&nbsp;initializeBoard
</UL>

<P><STRONG><a name="[8c]"></a>EnableInterrupts</STRONG> (Thumb, 4 bytes, Stack size 0 bytes, main.o(.text))
<BR><BR>[Called By]<UL><LI><a href="#[d8]">&gt;&gt;</a>&nbsp;&nbsp;&nbsp;serial_debug_tx
<LI><a href="#[d5]">&gt;&gt;</a>&nbsp;&nbsp;&nbsp;serial_debug_rx
<LI><a href="#[7e]">&gt;&gt;</a>&nbsp;&nbsp;&nbsp;initializeBoard
</UL>

<P><STRONG><a name="[7e]"></a>initializeBoard</STRONG> (Thumb, 108 bytes, Stack size 32 bytes, main.o(.text))
<BR><BR>[Stack]<UL><LI>Max Depth = 100<LI>Call Chain = initializeBoard &rArr; timers_init &rArr; blackjack_timerA
</UL>
<BR>[Calls]<UL><LI><a href="#[8a]">&gt;&gt;</a>&nbsp;&nbsp;&nbsp;wireless_initialize
<LI><a href="#[8b]">&gt;&gt;</a>&nbsp;&nbsp;&nbsp;timers_init
<LI><a href="#[88]">&gt;&gt;</a>&nbsp;&nbsp;&nbsp;spi_select_init
<LI><a href="#[89]">&gt;&gt;</a>&nbsp;&nbsp;&nbsp;spi_select
<LI><a href="#[81]">&gt;&gt;</a>&nbsp;&nbsp;&nbsp;ps2_initialize
<LI><a href="#[80]">&gt;&gt;</a>&nbsp;&nbsp;&nbsp;lp_io_init
<LI><a href="#[84]">&gt;&gt;</a>&nbsp;&nbsp;&nbsp;lcd_config_screen
<LI><a href="#[83]">&gt;&gt;</a>&nbsp;&nbsp;&nbsp;lcd_config_gpio
<LI><a href="#[85]">&gt;&gt;</a>&nbsp;&nbsp;&nbsp;lcd_clear_screen
<LI><a href="#[87]">&gt;&gt;</a>&nbsp;&nbsp;&nbsp;init_serial_debug
<LI><a href="#[86]">&gt;&gt;</a>&nbsp;&nbsp;&nbsp;ft6x06_init
<LI><a href="#[82]">&gt;&gt;</a>&nbsp;&nbsp;&nbsp;eeprom_init
<LI><a href="#[8c]">&gt;&gt;</a>&nbsp;&nbsp;&nbsp;EnableInterrupts
<LI><a href="#[7f]">&gt;&gt;</a>&nbsp;&nbsp;&nbsp;DisableInterrupts
</UL>
<BR>[Called By]<UL><LI><a href="#[77]">&gt;&gt;</a>&nbsp;&nbsp;&nbsp;main
</UL>

<P><STRONG><a name="[8d]"></a>wireless_connect</STRONG> (Thumb, 28 bytes, Stack size 24 bytes, main.o(.text), UNUSED)
<BR><BR>[Calls]<UL><LI><a href="#[8e]">&gt;&gt;</a>&nbsp;&nbsp;&nbsp;wireless_configure_device
</UL>

<P><STRONG><a name="[8f]"></a>sw2_debounce</STRONG> (Thumb, 18 bytes, Stack size 8 bytes, main.o(.text))
<BR><BR>[Stack]<UL><LI>Max Depth = 8<LI>Call Chain = sw2_debounce
</UL>
<BR>[Calls]<UL><LI><a href="#[90]">&gt;&gt;</a>&nbsp;&nbsp;&nbsp;lp_io_read_pin
</UL>
<BR>[Called By]<UL><LI><a href="#[77]">&gt;&gt;</a>&nbsp;&nbsp;&nbsp;main
</UL>

<P><STRONG><a name="[91]"></a>update_global_event_data</STRONG> (Thumb, 122 bytes, Stack size 8 bytes, main.o(.text))
<BR><BR>[Stack]<UL><LI>Max Depth = 64<LI>Call Chain = update_global_event_data &rArr; ft6x06_read_y &rArr; ft6x06_read_data &rArr; i2cGetByte &rArr; I2CMasterBusy
</UL>
<BR>[Calls]<UL><LI><a href="#[96]">&gt;&gt;</a>&nbsp;&nbsp;&nbsp;ps2_get_y
<LI><a href="#[95]">&gt;&gt;</a>&nbsp;&nbsp;&nbsp;ps2_get_x
<LI><a href="#[94]">&gt;&gt;</a>&nbsp;&nbsp;&nbsp;ft6x06_read_y
<LI><a href="#[93]">&gt;&gt;</a>&nbsp;&nbsp;&nbsp;ft6x06_read_x
<LI><a href="#[92]">&gt;&gt;</a>&nbsp;&nbsp;&nbsp;ft6x06_read_td_status
</UL>
<BR>[Called By]<UL><LI><a href="#[77]">&gt;&gt;</a>&nbsp;&nbsp;&nbsp;main
</UL>

<P><STRONG><a name="[97]"></a>write_debug_data</STRONG> (Thumb, 72 bytes, Stack size 8 bytes, main.o(.text))
<BR><BR>[Stack]<UL><LI>Max Depth = 32<LI>Call Chain = write_debug_data &rArr; __2printf
</UL>
<BR>[Calls]<UL><LI><a href="#[98]">&gt;&gt;</a>&nbsp;&nbsp;&nbsp;__2printf
</UL>
<BR>[Called By]<UL><LI><a href="#[77]">&gt;&gt;</a>&nbsp;&nbsp;&nbsp;main
</UL>

<P><STRONG><a name="[77]"></a>main</STRONG> (Thumb, 196 bytes, Stack size 24 bytes, main.o(.text))
<BR><BR>[Stack]<UL><LI>Max Depth = 360<LI>Call Chain = main &rArr; drawHomeScreen &rArr; __hardfp_sin &rArr; __ieee754_rem_pio2 &rArr; __aeabi_drsub &rArr; __aeabi_dadd &rArr; _double_epilogue &rArr; _double_round
</UL>
<BR>[Calls]<UL><LI><a href="#[99]">&gt;&gt;</a>&nbsp;&nbsp;&nbsp;graphics_init_data
<LI><a href="#[a0]">&gt;&gt;</a>&nbsp;&nbsp;&nbsp;eeprom_bytes_write
<LI><a href="#[9b]">&gt;&gt;</a>&nbsp;&nbsp;&nbsp;drawHomeScreen
<LI><a href="#[9f]">&gt;&gt;</a>&nbsp;&nbsp;&nbsp;drawGameScreenOutLineAndData
<LI><a href="#[9a]">&gt;&gt;</a>&nbsp;&nbsp;&nbsp;clear
<LI><a href="#[9c]">&gt;&gt;</a>&nbsp;&nbsp;&nbsp;__aeabi_f2d
<LI><a href="#[9d]">&gt;&gt;</a>&nbsp;&nbsp;&nbsp;__aeabi_dadd
<LI><a href="#[9e]">&gt;&gt;</a>&nbsp;&nbsp;&nbsp;__aeabi_d2f
<LI><a href="#[97]">&gt;&gt;</a>&nbsp;&nbsp;&nbsp;write_debug_data
<LI><a href="#[91]">&gt;&gt;</a>&nbsp;&nbsp;&nbsp;update_global_event_data
<LI><a href="#[8f]">&gt;&gt;</a>&nbsp;&nbsp;&nbsp;sw2_debounce
<LI><a href="#[7e]">&gt;&gt;</a>&nbsp;&nbsp;&nbsp;initializeBoard
</UL>
<BR>[Address Reference Count : 1]<UL><LI> entry9a.o(.ARM.Collect$$$$0000000B)
</UL>
<P><STRONG><a name="[125]"></a>gpio_get_irq_num</STRONG> (Thumb, 74 bytes, Stack size 0 bytes, gpio_port.o(.text), UNUSED)

<P><STRONG><a name="[c6]"></a>gpio_enable_port</STRONG> (Thumb, 156 bytes, Stack size 8 bytes, gpio_port.o(.text))
<BR><BR>[Stack]<UL><LI>Max Depth = 8<LI>Call Chain = gpio_enable_port
</UL>
<BR>[Called By]<UL><LI><a href="#[d2]">&gt;&gt;</a>&nbsp;&nbsp;&nbsp;initialize_adc_gpio_pins
<LI><a href="#[8a]">&gt;&gt;</a>&nbsp;&nbsp;&nbsp;wireless_initialize
<LI><a href="#[88]">&gt;&gt;</a>&nbsp;&nbsp;&nbsp;spi_select_init
<LI><a href="#[83]">&gt;&gt;</a>&nbsp;&nbsp;&nbsp;lcd_config_gpio
<LI><a href="#[87]">&gt;&gt;</a>&nbsp;&nbsp;&nbsp;init_serial_debug
<LI><a href="#[86]">&gt;&gt;</a>&nbsp;&nbsp;&nbsp;ft6x06_init
<LI><a href="#[82]">&gt;&gt;</a>&nbsp;&nbsp;&nbsp;eeprom_init
</UL>

<P><STRONG><a name="[a1]"></a>gpio_config_digital_enable</STRONG> (Thumb, 34 bytes, Stack size 16 bytes, gpio_port.o(.text))
<BR><BR>[Stack]<UL><LI>Max Depth = 16<LI>Call Chain = gpio_config_digital_enable
</UL>
<BR>[Calls]<UL><LI><a href="#[a2]">&gt;&gt;</a>&nbsp;&nbsp;&nbsp;verify_base_addr
</UL>
<BR>[Called By]<UL><LI><a href="#[8a]">&gt;&gt;</a>&nbsp;&nbsp;&nbsp;wireless_initialize
<LI><a href="#[88]">&gt;&gt;</a>&nbsp;&nbsp;&nbsp;spi_select_init
<LI><a href="#[83]">&gt;&gt;</a>&nbsp;&nbsp;&nbsp;lcd_config_gpio
<LI><a href="#[87]">&gt;&gt;</a>&nbsp;&nbsp;&nbsp;init_serial_debug
<LI><a href="#[86]">&gt;&gt;</a>&nbsp;&nbsp;&nbsp;ft6x06_init
<LI><a href="#[82]">&gt;&gt;</a>&nbsp;&nbsp;&nbsp;eeprom_init
</UL>

<P><STRONG><a name="[a3]"></a>gpio_config_enable_output</STRONG> (Thumb, 34 bytes, Stack size 16 bytes, gpio_port.o(.text))
<BR><BR>[Stack]<UL><LI>Max Depth = 16<LI>Call Chain = gpio_config_enable_output
</UL>
<BR>[Calls]<UL><LI><a href="#[a2]">&gt;&gt;</a>&nbsp;&nbsp;&nbsp;verify_base_addr
</UL>
<BR>[Called By]<UL><LI><a href="#[8a]">&gt;&gt;</a>&nbsp;&nbsp;&nbsp;wireless_initialize
<LI><a href="#[88]">&gt;&gt;</a>&nbsp;&nbsp;&nbsp;spi_select_init
<LI><a href="#[83]">&gt;&gt;</a>&nbsp;&nbsp;&nbsp;lcd_config_gpio
</UL>

<P><STRONG><a name="[a4]"></a>gpio_config_enable_input</STRONG> (Thumb, 40 bytes, Stack size 16 bytes, gpio_port.o(.text))
<BR><BR>[Stack]<UL><LI>Max Depth = 16<LI>Call Chain = gpio_config_enable_input
</UL>
<BR>[Calls]<UL><LI><a href="#[a2]">&gt;&gt;</a>&nbsp;&nbsp;&nbsp;verify_base_addr
</UL>
<BR>[Called By]<UL><LI><a href="#[d2]">&gt;&gt;</a>&nbsp;&nbsp;&nbsp;initialize_adc_gpio_pins
</UL>

<P><STRONG><a name="[a5]"></a>gpio_config_enable_pullup</STRONG> (Thumb, 34 bytes, Stack size 16 bytes, gpio_port.o(.text))
<BR><BR>[Stack]<UL><LI>Max Depth = 16<LI>Call Chain = gpio_config_enable_pullup
</UL>
<BR>[Calls]<UL><LI><a href="#[a2]">&gt;&gt;</a>&nbsp;&nbsp;&nbsp;verify_base_addr
</UL>
<BR>[Called By]<UL><LI><a href="#[83]">&gt;&gt;</a>&nbsp;&nbsp;&nbsp;lcd_config_gpio
</UL>

<P><STRONG><a name="[a6]"></a>gpio_config_enable_pulldown</STRONG> (Thumb, 34 bytes, Stack size 16 bytes, gpio_port.o(.text), UNUSED)
<BR><BR>[Calls]<UL><LI><a href="#[a2]">&gt;&gt;</a>&nbsp;&nbsp;&nbsp;verify_base_addr
</UL>

<P><STRONG><a name="[a7]"></a>gpio_config_analog_enable</STRONG> (Thumb, 30 bytes, Stack size 16 bytes, gpio_port.o(.text))
<BR><BR>[Stack]<UL><LI>Max Depth = 16<LI>Call Chain = gpio_config_analog_enable
</UL>
<BR>[Calls]<UL><LI><a href="#[a2]">&gt;&gt;</a>&nbsp;&nbsp;&nbsp;verify_base_addr
</UL>
<BR>[Called By]<UL><LI><a href="#[d2]">&gt;&gt;</a>&nbsp;&nbsp;&nbsp;initialize_adc_gpio_pins
</UL>

<P><STRONG><a name="[a8]"></a>gpio_config_alternate_function</STRONG> (Thumb, 30 bytes, Stack size 16 bytes, gpio_port.o(.text))
<BR><BR>[Stack]<UL><LI>Max Depth = 16<LI>Call Chain = gpio_config_alternate_function
</UL>
<BR>[Calls]<UL><LI><a href="#[a2]">&gt;&gt;</a>&nbsp;&nbsp;&nbsp;verify_base_addr
</UL>
<BR>[Called By]<UL><LI><a href="#[d2]">&gt;&gt;</a>&nbsp;&nbsp;&nbsp;initialize_adc_gpio_pins
<LI><a href="#[8a]">&gt;&gt;</a>&nbsp;&nbsp;&nbsp;wireless_initialize
<LI><a href="#[87]">&gt;&gt;</a>&nbsp;&nbsp;&nbsp;init_serial_debug
<LI><a href="#[86]">&gt;&gt;</a>&nbsp;&nbsp;&nbsp;ft6x06_init
<LI><a href="#[82]">&gt;&gt;</a>&nbsp;&nbsp;&nbsp;eeprom_init
</UL>

<P><STRONG><a name="[a9]"></a>gpio_config_port_control</STRONG> (Thumb, 46 bytes, Stack size 24 bytes, gpio_port.o(.text))
<BR><BR>[Stack]<UL><LI>Max Depth = 24<LI>Call Chain = gpio_config_port_control
</UL>
<BR>[Calls]<UL><LI><a href="#[a2]">&gt;&gt;</a>&nbsp;&nbsp;&nbsp;verify_base_addr
</UL>
<BR>[Called By]<UL><LI><a href="#[8a]">&gt;&gt;</a>&nbsp;&nbsp;&nbsp;wireless_initialize
<LI><a href="#[87]">&gt;&gt;</a>&nbsp;&nbsp;&nbsp;init_serial_debug
<LI><a href="#[86]">&gt;&gt;</a>&nbsp;&nbsp;&nbsp;ft6x06_init
<LI><a href="#[82]">&gt;&gt;</a>&nbsp;&nbsp;&nbsp;eeprom_init
</UL>

<P><STRONG><a name="[aa]"></a>gpio_config_open_drain</STRONG> (Thumb, 34 bytes, Stack size 16 bytes, gpio_port.o(.text))
<BR><BR>[Stack]<UL><LI>Max Depth = 16<LI>Call Chain = gpio_config_open_drain
</UL>
<BR>[Calls]<UL><LI><a href="#[a2]">&gt;&gt;</a>&nbsp;&nbsp;&nbsp;verify_base_addr
</UL>
<BR>[Called By]<UL><LI><a href="#[86]">&gt;&gt;</a>&nbsp;&nbsp;&nbsp;ft6x06_init
<LI><a href="#[82]">&gt;&gt;</a>&nbsp;&nbsp;&nbsp;eeprom_init
</UL>

<P><STRONG><a name="[126]"></a>gpio_config_falling_edge_irq</STRONG> (Thumb, 6 bytes, Stack size 0 bytes, gpio_port.o(.text), UNUSED)

<P><STRONG><a name="[127]"></a>initialize_adc</STRONG> (Thumb, 108 bytes, Stack size 12 bytes, adc.o(.text), UNUSED)

<P><STRONG><a name="[d4]"></a>get_adc_value</STRONG> (Thumb, 58 bytes, Stack size 8 bytes, adc.o(.text))
<BR><BR>[Stack]<UL><LI>Max Depth = 8<LI>Call Chain = get_adc_value
</UL>
<BR>[Called By]<UL><LI><a href="#[96]">&gt;&gt;</a>&nbsp;&nbsp;&nbsp;ps2_get_y
<LI><a href="#[95]">&gt;&gt;</a>&nbsp;&nbsp;&nbsp;ps2_get_x
</UL>

<P><STRONG><a name="[ce]"></a>initializeI2CMaster</STRONG> (Thumb, 160 bytes, Stack size 0 bytes, i2c.o(.text))
<BR><BR>[Called By]<UL><LI><a href="#[86]">&gt;&gt;</a>&nbsp;&nbsp;&nbsp;ft6x06_init
<LI><a href="#[82]">&gt;&gt;</a>&nbsp;&nbsp;&nbsp;eeprom_init
</UL>

<P><STRONG><a name="[ac]"></a>i2cVerifyBaseAddr</STRONG> (Thumb, 36 bytes, Stack size 0 bytes, i2c.o(.text))
<BR><BR>[Called By]<UL><LI><a href="#[cb]">&gt;&gt;</a>&nbsp;&nbsp;&nbsp;eeprom_wait_for_write
<LI><a href="#[b2]">&gt;&gt;</a>&nbsp;&nbsp;&nbsp;i2cGetByte
<LI><a href="#[b1]">&gt;&gt;</a>&nbsp;&nbsp;&nbsp;i2cSendByte
<LI><a href="#[b0]">&gt;&gt;</a>&nbsp;&nbsp;&nbsp;I2CMasterDatAck
<LI><a href="#[af]">&gt;&gt;</a>&nbsp;&nbsp;&nbsp;I2CMasterAdrAck
<LI><a href="#[ae]">&gt;&gt;</a>&nbsp;&nbsp;&nbsp;I2CMasterBusy
<LI><a href="#[ad]">&gt;&gt;</a>&nbsp;&nbsp;&nbsp;i2cStop
<LI><a href="#[ab]">&gt;&gt;</a>&nbsp;&nbsp;&nbsp;i2cSetSlaveAddr
</UL>

<P><STRONG><a name="[ab]"></a>i2cSetSlaveAddr</STRONG> (Thumb, 30 bytes, Stack size 12 bytes, i2c.o(.text))
<BR><BR>[Stack]<UL><LI>Max Depth = 12<LI>Call Chain = i2cSetSlaveAddr
</UL>
<BR>[Calls]<UL><LI><a href="#[ac]">&gt;&gt;</a>&nbsp;&nbsp;&nbsp;i2cVerifyBaseAddr
</UL>
<BR>[Called By]<UL><LI><a href="#[d1]">&gt;&gt;</a>&nbsp;&nbsp;&nbsp;ft6x06_read_data
<LI><a href="#[d0]">&gt;&gt;</a>&nbsp;&nbsp;&nbsp;ft6x06_set_addr
<LI><a href="#[cd]">&gt;&gt;</a>&nbsp;&nbsp;&nbsp;eeprom_byte_read
<LI><a href="#[cc]">&gt;&gt;</a>&nbsp;&nbsp;&nbsp;eeprom_byte_write
<LI><a href="#[cb]">&gt;&gt;</a>&nbsp;&nbsp;&nbsp;eeprom_wait_for_write
</UL>

<P><STRONG><a name="[ad]"></a>i2cStop</STRONG> (Thumb, 26 bytes, Stack size 4 bytes, i2c.o(.text), UNUSED)
<BR><BR>[Calls]<UL><LI><a href="#[ac]">&gt;&gt;</a>&nbsp;&nbsp;&nbsp;i2cVerifyBaseAddr
</UL>

<P><STRONG><a name="[ae]"></a>I2CMasterBusy</STRONG> (Thumb, 34 bytes, Stack size 4 bytes, i2c.o(.text))
<BR><BR>[Stack]<UL><LI>Max Depth = 4<LI>Call Chain = I2CMasterBusy
</UL>
<BR>[Calls]<UL><LI><a href="#[ac]">&gt;&gt;</a>&nbsp;&nbsp;&nbsp;i2cVerifyBaseAddr
</UL>
<BR>[Called By]<UL><LI><a href="#[d1]">&gt;&gt;</a>&nbsp;&nbsp;&nbsp;ft6x06_read_data
<LI><a href="#[d0]">&gt;&gt;</a>&nbsp;&nbsp;&nbsp;ft6x06_set_addr
<LI><a href="#[cd]">&gt;&gt;</a>&nbsp;&nbsp;&nbsp;eeprom_byte_read
<LI><a href="#[cc]">&gt;&gt;</a>&nbsp;&nbsp;&nbsp;eeprom_byte_write
<LI><a href="#[cb]">&gt;&gt;</a>&nbsp;&nbsp;&nbsp;eeprom_wait_for_write
<LI><a href="#[b2]">&gt;&gt;</a>&nbsp;&nbsp;&nbsp;i2cGetByte
<LI><a href="#[b1]">&gt;&gt;</a>&nbsp;&nbsp;&nbsp;i2cSendByte
</UL>

<P><STRONG><a name="[af]"></a>I2CMasterAdrAck</STRONG> (Thumb, 34 bytes, Stack size 8 bytes, i2c.o(.text))
<BR><BR>[Stack]<UL><LI>Max Depth = 8<LI>Call Chain = I2CMasterAdrAck
</UL>
<BR>[Calls]<UL><LI><a href="#[ac]">&gt;&gt;</a>&nbsp;&nbsp;&nbsp;i2cVerifyBaseAddr
</UL>
<BR>[Called By]<UL><LI><a href="#[cb]">&gt;&gt;</a>&nbsp;&nbsp;&nbsp;eeprom_wait_for_write
</UL>

<P><STRONG><a name="[b0]"></a>I2CMasterDatAck</STRONG> (Thumb, 34 bytes, Stack size 8 bytes, i2c.o(.text), UNUSED)
<BR><BR>[Calls]<UL><LI><a href="#[ac]">&gt;&gt;</a>&nbsp;&nbsp;&nbsp;i2cVerifyBaseAddr
</UL>

<P><STRONG><a name="[b1]"></a>i2cSendByte</STRONG> (Thumb, 82 bytes, Stack size 20 bytes, i2c.o(.text))
<BR><BR>[Stack]<UL><LI>Max Depth = 24<LI>Call Chain = i2cSendByte &rArr; I2CMasterBusy
</UL>
<BR>[Calls]<UL><LI><a href="#[ae]">&gt;&gt;</a>&nbsp;&nbsp;&nbsp;I2CMasterBusy
<LI><a href="#[ac]">&gt;&gt;</a>&nbsp;&nbsp;&nbsp;i2cVerifyBaseAddr
</UL>
<BR>[Called By]<UL><LI><a href="#[d0]">&gt;&gt;</a>&nbsp;&nbsp;&nbsp;ft6x06_set_addr
<LI><a href="#[cd]">&gt;&gt;</a>&nbsp;&nbsp;&nbsp;eeprom_byte_read
<LI><a href="#[cc]">&gt;&gt;</a>&nbsp;&nbsp;&nbsp;eeprom_byte_write
<LI><a href="#[cb]">&gt;&gt;</a>&nbsp;&nbsp;&nbsp;eeprom_wait_for_write
</UL>

<P><STRONG><a name="[b2]"></a>i2cGetByte</STRONG> (Thumb, 60 bytes, Stack size 20 bytes, i2c.o(.text))
<BR><BR>[Stack]<UL><LI>Max Depth = 24<LI>Call Chain = i2cGetByte &rArr; I2CMasterBusy
</UL>
<BR>[Calls]<UL><LI><a href="#[ae]">&gt;&gt;</a>&nbsp;&nbsp;&nbsp;I2CMasterBusy
<LI><a href="#[ac]">&gt;&gt;</a>&nbsp;&nbsp;&nbsp;i2cVerifyBaseAddr
</UL>
<BR>[Called By]<UL><LI><a href="#[d1]">&gt;&gt;</a>&nbsp;&nbsp;&nbsp;ft6x06_read_data
<LI><a href="#[cd]">&gt;&gt;</a>&nbsp;&nbsp;&nbsp;eeprom_byte_read
</UL>

<P><STRONG><a name="[b3]"></a>pc_buffer_init</STRONG> (Thumb, 26 bytes, Stack size 16 bytes, pc_buffer.o(.text))
<BR><BR>[Stack]<UL><LI>Max Depth = 36<LI>Call Chain = pc_buffer_init &rArr; malloc
</UL>
<BR>[Calls]<UL><LI><a href="#[b4]">&gt;&gt;</a>&nbsp;&nbsp;&nbsp;malloc
</UL>
<BR>[Called By]<UL><LI><a href="#[87]">&gt;&gt;</a>&nbsp;&nbsp;&nbsp;init_serial_debug
</UL>

<P><STRONG><a name="[da]"></a>pc_buffer_add</STRONG> (Thumb, 28 bytes, Stack size 8 bytes, pc_buffer.o(.text))
<BR><BR>[Stack]<UL><LI>Max Depth = 8<LI>Call Chain = pc_buffer_add
</UL>
<BR>[Called By]<UL><LI><a href="#[10]">&gt;&gt;</a>&nbsp;&nbsp;&nbsp;UART0_Handler
<LI><a href="#[d8]">&gt;&gt;</a>&nbsp;&nbsp;&nbsp;serial_debug_tx
</UL>

<P><STRONG><a name="[d7]"></a>pc_buffer_remove</STRONG> (Thumb, 30 bytes, Stack size 8 bytes, pc_buffer.o(.text))
<BR><BR>[Stack]<UL><LI>Max Depth = 8<LI>Call Chain = pc_buffer_remove
</UL>
<BR>[Called By]<UL><LI><a href="#[10]">&gt;&gt;</a>&nbsp;&nbsp;&nbsp;UART0_Handler
<LI><a href="#[d5]">&gt;&gt;</a>&nbsp;&nbsp;&nbsp;serial_debug_rx
</UL>

<P><STRONG><a name="[d6]"></a>pc_buffer_empty</STRONG> (Thumb, 18 bytes, Stack size 0 bytes, pc_buffer.o(.text))
<BR><BR>[Called By]<UL><LI><a href="#[10]">&gt;&gt;</a>&nbsp;&nbsp;&nbsp;UART0_Handler
<LI><a href="#[d8]">&gt;&gt;</a>&nbsp;&nbsp;&nbsp;serial_debug_tx
<LI><a href="#[d5]">&gt;&gt;</a>&nbsp;&nbsp;&nbsp;serial_debug_rx
</UL>

<P><STRONG><a name="[d9]"></a>pc_buffer_full</STRONG> (Thumb, 22 bytes, Stack size 0 bytes, pc_buffer.o(.text))
<BR><BR>[Called By]<UL><LI><a href="#[d8]">&gt;&gt;</a>&nbsp;&nbsp;&nbsp;serial_debug_tx
</UL>

<P><STRONG><a name="[e5]"></a>spiVerifyBaseAddr</STRONG> (Thumb, 34 bytes, Stack size 0 bytes, spi.o(.text), UNUSED)
<BR><BR>[Called By]<UL><LI><a href="#[ed]">&gt;&gt;</a>&nbsp;&nbsp;&nbsp;wireless_get_32
<LI><a href="#[e4]">&gt;&gt;</a>&nbsp;&nbsp;&nbsp;wireless_send_32
<LI><a href="#[8e]">&gt;&gt;</a>&nbsp;&nbsp;&nbsp;wireless_configure_device
</UL>

<P><STRONG><a name="[f0]"></a>initialize_spi</STRONG> (Thumb, 244 bytes, Stack size 12 bytes, spi.o(.text))
<BR><BR>[Stack]<UL><LI>Max Depth = 12<LI>Call Chain = initialize_spi
</UL>
<BR>[Called By]<UL><LI><a href="#[8a]">&gt;&gt;</a>&nbsp;&nbsp;&nbsp;wireless_initialize
</UL>

<P><STRONG><a name="[de]"></a>spiTx</STRONG> (Thumb, 94 bytes, Stack size 16 bytes, spi.o(.text), UNUSED)
<BR><BR>[Called By]<UL><LI><a href="#[e4]">&gt;&gt;</a>&nbsp;&nbsp;&nbsp;wireless_send_32
<LI><a href="#[ef]">&gt;&gt;</a>&nbsp;&nbsp;&nbsp;wireless_flush_rx_fifo
<LI><a href="#[e9]">&gt;&gt;</a>&nbsp;&nbsp;&nbsp;wireless_flush_tx_fifo
<LI><a href="#[e3]">&gt;&gt;</a>&nbsp;&nbsp;&nbsp;wireless_get_status
<LI><a href="#[e2]">&gt;&gt;</a>&nbsp;&nbsp;&nbsp;wireless_set_rx_addr
<LI><a href="#[e1]">&gt;&gt;</a>&nbsp;&nbsp;&nbsp;wireless_rx_data_payload
<LI><a href="#[e0]">&gt;&gt;</a>&nbsp;&nbsp;&nbsp;wireless_reg_write
<LI><a href="#[dc]">&gt;&gt;</a>&nbsp;&nbsp;&nbsp;wireless_reg_read
<LI><a href="#[8e]">&gt;&gt;</a>&nbsp;&nbsp;&nbsp;wireless_configure_device
</UL>

<P><STRONG><a name="[b5]"></a>gp_timer_wait</STRONG> (Thumb, 64 bytes, Stack size 16 bytes, timers.o(.text), UNUSED)
<BR><BR>[Calls]<UL><LI><a href="#[b6]">&gt;&gt;</a>&nbsp;&nbsp;&nbsp;verify_base_addr
</UL>

<P><STRONG><a name="[b7]"></a>gp_timer_config_32</STRONG> (Thumb, 140 bytes, Stack size 32 bytes, timers.o(.text), UNUSED)
<BR><BR>[Calls]<UL><LI><a href="#[b8]">&gt;&gt;</a>&nbsp;&nbsp;&nbsp;get_clock_masks
<LI><a href="#[b6]">&gt;&gt;</a>&nbsp;&nbsp;&nbsp;verify_base_addr
</UL>

<P><STRONG><a name="[8b]"></a>timers_init</STRONG> (Thumb, 170 bytes, Stack size 40 bytes, timers.o(.text))
<BR><BR>[Stack]<UL><LI>Max Depth = 68<LI>Call Chain = timers_init &rArr; blackjack_timerA
</UL>
<BR>[Calls]<UL><LI><a href="#[b9]">&gt;&gt;</a>&nbsp;&nbsp;&nbsp;blackjack_timerA
<LI><a href="#[b6]">&gt;&gt;</a>&nbsp;&nbsp;&nbsp;verify_base_addr
</UL>
<BR>[Called By]<UL><LI><a href="#[7e]">&gt;&gt;</a>&nbsp;&nbsp;&nbsp;initializeBoard
</UL>

<P><STRONG><a name="[20]"></a>TIMER1A_Handler</STRONG> (Thumb, 20 bytes, Stack size 0 bytes, timers.o(.text))
<BR>[Address Reference Count : 1]<UL><LI> startup_tm4c123.o(RESET)
</UL>
<P><STRONG><a name="[4c]"></a>TIMER5A_Handler</STRONG> (Thumb, 32 bytes, Stack size 0 bytes, timers.o(.text))
<BR>[Address Reference Count : 1]<UL><LI> startup_tm4c123.o(RESET)
</UL>
<P><STRONG><a name="[bb]"></a>verify_uart_base</STRONG> (Thumb, 54 bytes, Stack size 0 bytes, uart.o(.text))
<BR><BR>[Called By]<UL><LI><a href="#[be]">&gt;&gt;</a>&nbsp;&nbsp;&nbsp;uart_init
<LI><a href="#[bd]">&gt;&gt;</a>&nbsp;&nbsp;&nbsp;uart_rx_poll
<LI><a href="#[bc]">&gt;&gt;</a>&nbsp;&nbsp;&nbsp;uart_tx_poll_string
<LI><a href="#[ba]">&gt;&gt;</a>&nbsp;&nbsp;&nbsp;uart_tx_poll
</UL>

<P><STRONG><a name="[bf]"></a>uart_get_rcgc_mask</STRONG> (Thumb, 68 bytes, Stack size 0 bytes, uart.o(.text))
<BR><BR>[Called By]<UL><LI><a href="#[be]">&gt;&gt;</a>&nbsp;&nbsp;&nbsp;uart_init
</UL>

<P><STRONG><a name="[c0]"></a>uart_get_pr_mask</STRONG> (Thumb, 68 bytes, Stack size 0 bytes, uart.o(.text))
<BR><BR>[Called By]<UL><LI><a href="#[be]">&gt;&gt;</a>&nbsp;&nbsp;&nbsp;uart_init
</UL>

<P><STRONG><a name="[c1]"></a>uart_get_irq_num</STRONG> (Thumb, 68 bytes, Stack size 0 bytes, uart.o(.text))
<BR><BR>[Called By]<UL><LI><a href="#[be]">&gt;&gt;</a>&nbsp;&nbsp;&nbsp;uart_init
</UL>

<P><STRONG><a name="[ba]"></a>uart_tx_poll</STRONG> (Thumb, 38 bytes, Stack size 12 bytes, uart.o(.text))
<BR><BR>[Stack]<UL><LI>Max Depth = 12<LI>Call Chain = uart_tx_poll
</UL>
<BR>[Calls]<UL><LI><a href="#[bb]">&gt;&gt;</a>&nbsp;&nbsp;&nbsp;verify_uart_base
</UL>
<BR>[Called By]<UL><LI><a href="#[7a]">&gt;&gt;</a>&nbsp;&nbsp;&nbsp;fputc
</UL>

<P><STRONG><a name="[bc]"></a>uart_tx_poll_string</STRONG> (Thumb, 50 bytes, Stack size 12 bytes, uart.o(.text), UNUSED)
<BR><BR>[Calls]<UL><LI><a href="#[bb]">&gt;&gt;</a>&nbsp;&nbsp;&nbsp;verify_uart_base
</UL>

<P><STRONG><a name="[bd]"></a>uart_rx_poll</STRONG> (Thumb, 70 bytes, Stack size 12 bytes, uart.o(.text), UNUSED)
<BR><BR>[Calls]<UL><LI><a href="#[bb]">&gt;&gt;</a>&nbsp;&nbsp;&nbsp;verify_uart_base
</UL>
<BR>[Called By]<UL><LI><a href="#[db]">&gt;&gt;</a>&nbsp;&nbsp;&nbsp;fgetc
</UL>

<P><STRONG><a name="[be]"></a>uart_init</STRONG> (Thumb, 192 bytes, Stack size 32 bytes, uart.o(.text))
<BR><BR>[Stack]<UL><LI>Max Depth = 32<LI>Call Chain = uart_init
</UL>
<BR>[Calls]<UL><LI><a href="#[c1]">&gt;&gt;</a>&nbsp;&nbsp;&nbsp;uart_get_irq_num
<LI><a href="#[c0]">&gt;&gt;</a>&nbsp;&nbsp;&nbsp;uart_get_pr_mask
<LI><a href="#[bf]">&gt;&gt;</a>&nbsp;&nbsp;&nbsp;uart_get_rcgc_mask
<LI><a href="#[bb]">&gt;&gt;</a>&nbsp;&nbsp;&nbsp;verify_uart_base
</UL>
<BR>[Called By]<UL><LI><a href="#[87]">&gt;&gt;</a>&nbsp;&nbsp;&nbsp;init_serial_debug
</UL>

<P><STRONG><a name="[c2]"></a>lcd_set_pos</STRONG> (Thumb, 58 bytes, Stack size 24 bytes, lcd.o(.text))
<BR><BR>[Stack]<UL><LI>Max Depth = 32<LI>Call Chain = lcd_set_pos &rArr; lcd_write_data_u16
</UL>
<BR>[Calls]<UL><LI><a href="#[c4]">&gt;&gt;</a>&nbsp;&nbsp;&nbsp;lcd_write_data_u16
<LI><a href="#[c3]">&gt;&gt;</a>&nbsp;&nbsp;&nbsp;lcd_write_cmd_u8
</UL>
<BR>[Called By]<UL><LI><a href="#[ca]">&gt;&gt;</a>&nbsp;&nbsp;&nbsp;lcd_draw_rectangle_centered
<LI><a href="#[c9]">&gt;&gt;</a>&nbsp;&nbsp;&nbsp;lcd_draw_color_image
<LI><a href="#[c5]">&gt;&gt;</a>&nbsp;&nbsp;&nbsp;lcd_draw_image
<LI><a href="#[85]">&gt;&gt;</a>&nbsp;&nbsp;&nbsp;lcd_clear_screen
</UL>

<P><STRONG><a name="[85]"></a>lcd_clear_screen</STRONG> (Thumb, 52 bytes, Stack size 16 bytes, lcd.o(.text))
<BR><BR>[Stack]<UL><LI>Max Depth = 48<LI>Call Chain = lcd_clear_screen &rArr; lcd_set_pos &rArr; lcd_write_data_u16
</UL>
<BR>[Calls]<UL><LI><a href="#[c2]">&gt;&gt;</a>&nbsp;&nbsp;&nbsp;lcd_set_pos
<LI><a href="#[c4]">&gt;&gt;</a>&nbsp;&nbsp;&nbsp;lcd_write_data_u16
</UL>
<BR>[Called By]<UL><LI><a href="#[9a]">&gt;&gt;</a>&nbsp;&nbsp;&nbsp;clear
<LI><a href="#[7e]">&gt;&gt;</a>&nbsp;&nbsp;&nbsp;initializeBoard
</UL>

<P><STRONG><a name="[c5]"></a>lcd_draw_image</STRONG> (Thumb, 242 bytes, Stack size 56 bytes, lcd.o(.text))
<BR><BR>[Stack]<UL><LI>Max Depth = 88<LI>Call Chain = lcd_draw_image &rArr; lcd_set_pos &rArr; lcd_write_data_u16
</UL>
<BR>[Calls]<UL><LI><a href="#[c2]">&gt;&gt;</a>&nbsp;&nbsp;&nbsp;lcd_set_pos
<LI><a href="#[c4]">&gt;&gt;</a>&nbsp;&nbsp;&nbsp;lcd_write_data_u16
</UL>
<BR>[Called By]<UL><LI><a href="#[f9]">&gt;&gt;</a>&nbsp;&nbsp;&nbsp;drawCard
<LI><a href="#[f8]">&gt;&gt;</a>&nbsp;&nbsp;&nbsp;drawTen
<LI><a href="#[f3]">&gt;&gt;</a>&nbsp;&nbsp;&nbsp;drawString
</UL>

<P><STRONG><a name="[83]"></a>lcd_config_gpio</STRONG> (Thumb, 222 bytes, Stack size 8 bytes, lcd.o(.text))
<BR><BR>[Stack]<UL><LI>Max Depth = 24<LI>Call Chain = lcd_config_gpio &rArr; gpio_config_enable_pullup
</UL>
<BR>[Calls]<UL><LI><a href="#[a5]">&gt;&gt;</a>&nbsp;&nbsp;&nbsp;gpio_config_enable_pullup
<LI><a href="#[a3]">&gt;&gt;</a>&nbsp;&nbsp;&nbsp;gpio_config_enable_output
<LI><a href="#[a1]">&gt;&gt;</a>&nbsp;&nbsp;&nbsp;gpio_config_digital_enable
<LI><a href="#[c6]">&gt;&gt;</a>&nbsp;&nbsp;&nbsp;gpio_enable_port
</UL>
<BR>[Called By]<UL><LI><a href="#[84]">&gt;&gt;</a>&nbsp;&nbsp;&nbsp;lcd_config_screen
<LI><a href="#[7e]">&gt;&gt;</a>&nbsp;&nbsp;&nbsp;initializeBoard
</UL>

<P><STRONG><a name="[84]"></a>lcd_config_screen</STRONG> (Thumb, 572 bytes, Stack size 8 bytes, lcd.o(.text))
<BR><BR>[Stack]<UL><LI>Max Depth = 32<LI>Call Chain = lcd_config_screen &rArr; lcd_config_gpio &rArr; gpio_config_enable_pullup
</UL>
<BR>[Calls]<UL><LI><a href="#[c8]">&gt;&gt;</a>&nbsp;&nbsp;&nbsp;lcd_write_data_u8
<LI><a href="#[c3]">&gt;&gt;</a>&nbsp;&nbsp;&nbsp;lcd_write_cmd_u8
<LI><a href="#[c7]">&gt;&gt;</a>&nbsp;&nbsp;&nbsp;delayms
<LI><a href="#[83]">&gt;&gt;</a>&nbsp;&nbsp;&nbsp;lcd_config_gpio
</UL>
<BR>[Called By]<UL><LI><a href="#[7e]">&gt;&gt;</a>&nbsp;&nbsp;&nbsp;initializeBoard
</UL>

<P><STRONG><a name="[c9]"></a>lcd_draw_color_image</STRONG> (Thumb, 90 bytes, Stack size 32 bytes, lcd.o(.text), UNUSED)
<BR><BR>[Calls]<UL><LI><a href="#[c2]">&gt;&gt;</a>&nbsp;&nbsp;&nbsp;lcd_set_pos
<LI><a href="#[c4]">&gt;&gt;</a>&nbsp;&nbsp;&nbsp;lcd_write_data_u16
</UL>

<P><STRONG><a name="[ca]"></a>lcd_draw_rectangle_centered</STRONG> (Thumb, 118 bytes, Stack size 48 bytes, lcd.o(.text))
<BR><BR>[Stack]<UL><LI>Max Depth = 80<LI>Call Chain = lcd_draw_rectangle_centered &rArr; lcd_set_pos &rArr; lcd_write_data_u16
</UL>
<BR>[Calls]<UL><LI><a href="#[c2]">&gt;&gt;</a>&nbsp;&nbsp;&nbsp;lcd_set_pos
<LI><a href="#[c4]">&gt;&gt;</a>&nbsp;&nbsp;&nbsp;lcd_write_data_u16
</UL>
<BR>[Called By]<UL><LI><a href="#[f7]">&gt;&gt;</a>&nbsp;&nbsp;&nbsp;drawStringSelectedAndCentered
<LI><a href="#[f2]">&gt;&gt;</a>&nbsp;&nbsp;&nbsp;drawRect
</UL>

<P><STRONG><a name="[cc]"></a>eeprom_byte_write</STRONG> (Thumb, 100 bytes, Stack size 24 bytes, eeprom.o(.text))
<BR><BR>[Stack]<UL><LI>Max Depth = 64<LI>Call Chain = eeprom_byte_write &rArr; eeprom_wait_for_write &rArr; i2cSendByte &rArr; I2CMasterBusy
</UL>
<BR>[Calls]<UL><LI><a href="#[cb]">&gt;&gt;</a>&nbsp;&nbsp;&nbsp;eeprom_wait_for_write
<LI><a href="#[b1]">&gt;&gt;</a>&nbsp;&nbsp;&nbsp;i2cSendByte
<LI><a href="#[ae]">&gt;&gt;</a>&nbsp;&nbsp;&nbsp;I2CMasterBusy
<LI><a href="#[ab]">&gt;&gt;</a>&nbsp;&nbsp;&nbsp;i2cSetSlaveAddr
</UL>
<BR>[Called By]<UL><LI><a href="#[a0]">&gt;&gt;</a>&nbsp;&nbsp;&nbsp;eeprom_bytes_write
</UL>

<P><STRONG><a name="[cd]"></a>eeprom_byte_read</STRONG> (Thumb, 118 bytes, Stack size 24 bytes, eeprom.o(.text), UNUSED)
<BR><BR>[Calls]<UL><LI><a href="#[cb]">&gt;&gt;</a>&nbsp;&nbsp;&nbsp;eeprom_wait_for_write
<LI><a href="#[b2]">&gt;&gt;</a>&nbsp;&nbsp;&nbsp;i2cGetByte
<LI><a href="#[b1]">&gt;&gt;</a>&nbsp;&nbsp;&nbsp;i2cSendByte
<LI><a href="#[ae]">&gt;&gt;</a>&nbsp;&nbsp;&nbsp;I2CMasterBusy
<LI><a href="#[ab]">&gt;&gt;</a>&nbsp;&nbsp;&nbsp;i2cSetSlaveAddr
</UL>
<BR>[Called By]<UL><LI><a href="#[cf]">&gt;&gt;</a>&nbsp;&nbsp;&nbsp;eeprom_bytes_read
</UL>

<P><STRONG><a name="[82]"></a>eeprom_init</STRONG> (Thumb, 156 bytes, Stack size 8 bytes, eeprom.o(.text))
<BR><BR>[Stack]<UL><LI>Max Depth = 32<LI>Call Chain = eeprom_init &rArr; gpio_config_port_control
</UL>
<BR>[Calls]<UL><LI><a href="#[ce]">&gt;&gt;</a>&nbsp;&nbsp;&nbsp;initializeI2CMaster
<LI><a href="#[aa]">&gt;&gt;</a>&nbsp;&nbsp;&nbsp;gpio_config_open_drain
<LI><a href="#[a9]">&gt;&gt;</a>&nbsp;&nbsp;&nbsp;gpio_config_port_control
<LI><a href="#[a8]">&gt;&gt;</a>&nbsp;&nbsp;&nbsp;gpio_config_alternate_function
<LI><a href="#[a1]">&gt;&gt;</a>&nbsp;&nbsp;&nbsp;gpio_config_digital_enable
<LI><a href="#[c6]">&gt;&gt;</a>&nbsp;&nbsp;&nbsp;gpio_enable_port
</UL>
<BR>[Called By]<UL><LI><a href="#[7e]">&gt;&gt;</a>&nbsp;&nbsp;&nbsp;initializeBoard
</UL>

<P><STRONG><a name="[cf]"></a>eeprom_bytes_read</STRONG> (Thumb, 44 bytes, Stack size 24 bytes, eeprom.o(.text), UNUSED)
<BR><BR>[Calls]<UL><LI><a href="#[cd]">&gt;&gt;</a>&nbsp;&nbsp;&nbsp;eeprom_byte_read
</UL>

<P><STRONG><a name="[a0]"></a>eeprom_bytes_write</STRONG> (Thumb, 42 bytes, Stack size 24 bytes, eeprom.o(.text))
<BR><BR>[Stack]<UL><LI>Max Depth = 88<LI>Call Chain = eeprom_bytes_write &rArr; eeprom_byte_write &rArr; eeprom_wait_for_write &rArr; i2cSendByte &rArr; I2CMasterBusy
</UL>
<BR>[Calls]<UL><LI><a href="#[cc]">&gt;&gt;</a>&nbsp;&nbsp;&nbsp;eeprom_byte_write
</UL>
<BR>[Called By]<UL><LI><a href="#[77]">&gt;&gt;</a>&nbsp;&nbsp;&nbsp;main
</UL>

<P><STRONG><a name="[92]"></a>ft6x06_read_td_status</STRONG> (Thumb, 44 bytes, Stack size 8 bytes, ft6x06.o(.text))
<BR><BR>[Stack]<UL><LI>Max Depth = 48<LI>Call Chain = ft6x06_read_td_status &rArr; ft6x06_read_data &rArr; i2cGetByte &rArr; I2CMasterBusy
</UL>
<BR>[Calls]<UL><LI><a href="#[d1]">&gt;&gt;</a>&nbsp;&nbsp;&nbsp;ft6x06_read_data
<LI><a href="#[d0]">&gt;&gt;</a>&nbsp;&nbsp;&nbsp;ft6x06_set_addr
</UL>
<BR>[Called By]<UL><LI><a href="#[91]">&gt;&gt;</a>&nbsp;&nbsp;&nbsp;update_global_event_data
</UL>

<P><STRONG><a name="[93]"></a>ft6x06_read_x</STRONG> (Thumb, 66 bytes, Stack size 16 bytes, ft6x06.o(.text))
<BR><BR>[Stack]<UL><LI>Max Depth = 56<LI>Call Chain = ft6x06_read_x &rArr; ft6x06_read_data &rArr; i2cGetByte &rArr; I2CMasterBusy
</UL>
<BR>[Calls]<UL><LI><a href="#[d1]">&gt;&gt;</a>&nbsp;&nbsp;&nbsp;ft6x06_read_data
<LI><a href="#[d0]">&gt;&gt;</a>&nbsp;&nbsp;&nbsp;ft6x06_set_addr
</UL>
<BR>[Called By]<UL><LI><a href="#[91]">&gt;&gt;</a>&nbsp;&nbsp;&nbsp;update_global_event_data
</UL>

<P><STRONG><a name="[94]"></a>ft6x06_read_y</STRONG> (Thumb, 66 bytes, Stack size 16 bytes, ft6x06.o(.text))
<BR><BR>[Stack]<UL><LI>Max Depth = 56<LI>Call Chain = ft6x06_read_y &rArr; ft6x06_read_data &rArr; i2cGetByte &rArr; I2CMasterBusy
</UL>
<BR>[Calls]<UL><LI><a href="#[d1]">&gt;&gt;</a>&nbsp;&nbsp;&nbsp;ft6x06_read_data
<LI><a href="#[d0]">&gt;&gt;</a>&nbsp;&nbsp;&nbsp;ft6x06_set_addr
</UL>
<BR>[Called By]<UL><LI><a href="#[91]">&gt;&gt;</a>&nbsp;&nbsp;&nbsp;update_global_event_data
</UL>

<P><STRONG><a name="[86]"></a>ft6x06_init</STRONG> (Thumb, 156 bytes, Stack size 8 bytes, ft6x06.o(.text))
<BR><BR>[Stack]<UL><LI>Max Depth = 32<LI>Call Chain = ft6x06_init &rArr; gpio_config_port_control
</UL>
<BR>[Calls]<UL><LI><a href="#[ce]">&gt;&gt;</a>&nbsp;&nbsp;&nbsp;initializeI2CMaster
<LI><a href="#[aa]">&gt;&gt;</a>&nbsp;&nbsp;&nbsp;gpio_config_open_drain
<LI><a href="#[a9]">&gt;&gt;</a>&nbsp;&nbsp;&nbsp;gpio_config_port_control
<LI><a href="#[a8]">&gt;&gt;</a>&nbsp;&nbsp;&nbsp;gpio_config_alternate_function
<LI><a href="#[a1]">&gt;&gt;</a>&nbsp;&nbsp;&nbsp;gpio_config_digital_enable
<LI><a href="#[c6]">&gt;&gt;</a>&nbsp;&nbsp;&nbsp;gpio_enable_port
</UL>
<BR>[Called By]<UL><LI><a href="#[7e]">&gt;&gt;</a>&nbsp;&nbsp;&nbsp;initializeBoard
</UL>

<P><STRONG><a name="[128]"></a>lp_io_set_pin</STRONG> (Thumb, 18 bytes, Stack size 0 bytes, launchpad_io.o(.text), UNUSED)

<P><STRONG><a name="[129]"></a>lp_io_clear_pin</STRONG> (Thumb, 18 bytes, Stack size 0 bytes, launchpad_io.o(.text), UNUSED)

<P><STRONG><a name="[90]"></a>lp_io_read_pin</STRONG> (Thumb, 22 bytes, Stack size 0 bytes, launchpad_io.o(.text))
<BR><BR>[Called By]<UL><LI><a href="#[8f]">&gt;&gt;</a>&nbsp;&nbsp;&nbsp;sw2_debounce
</UL>

<P><STRONG><a name="[80]"></a>lp_io_init</STRONG> (Thumb, 112 bytes, Stack size 0 bytes, launchpad_io.o(.text))
<BR><BR>[Called By]<UL><LI><a href="#[7e]">&gt;&gt;</a>&nbsp;&nbsp;&nbsp;initializeBoard
</UL>

<P><STRONG><a name="[d3]"></a>ps2_initialize_ss2</STRONG> (Thumb, 80 bytes, Stack size 12 bytes, ps2.o(.text))
<BR><BR>[Stack]<UL><LI>Max Depth = 12<LI>Call Chain = ps2_initialize_ss2
</UL>
<BR>[Called By]<UL><LI><a href="#[81]">&gt;&gt;</a>&nbsp;&nbsp;&nbsp;ps2_initialize
</UL>

<P><STRONG><a name="[81]"></a>ps2_initialize</STRONG> (Thumb, 14 bytes, Stack size 8 bytes, ps2.o(.text))
<BR><BR>[Stack]<UL><LI>Max Depth = 32<LI>Call Chain = ps2_initialize &rArr; initialize_adc_gpio_pins &rArr; gpio_config_alternate_function
</UL>
<BR>[Calls]<UL><LI><a href="#[d3]">&gt;&gt;</a>&nbsp;&nbsp;&nbsp;ps2_initialize_ss2
<LI><a href="#[d2]">&gt;&gt;</a>&nbsp;&nbsp;&nbsp;initialize_adc_gpio_pins
</UL>
<BR>[Called By]<UL><LI><a href="#[7e]">&gt;&gt;</a>&nbsp;&nbsp;&nbsp;initializeBoard
</UL>

<P><STRONG><a name="[95]"></a>ps2_get_x</STRONG> (Thumb, 18 bytes, Stack size 8 bytes, ps2.o(.text))
<BR><BR>[Stack]<UL><LI>Max Depth = 16<LI>Call Chain = ps2_get_x &rArr; get_adc_value
</UL>
<BR>[Calls]<UL><LI><a href="#[d4]">&gt;&gt;</a>&nbsp;&nbsp;&nbsp;get_adc_value
</UL>
<BR>[Called By]<UL><LI><a href="#[91]">&gt;&gt;</a>&nbsp;&nbsp;&nbsp;update_global_event_data
</UL>

<P><STRONG><a name="[96]"></a>ps2_get_y</STRONG> (Thumb, 18 bytes, Stack size 8 bytes, ps2.o(.text))
<BR><BR>[Stack]<UL><LI>Max Depth = 16<LI>Call Chain = ps2_get_y &rArr; get_adc_value
</UL>
<BR>[Calls]<UL><LI><a href="#[d4]">&gt;&gt;</a>&nbsp;&nbsp;&nbsp;get_adc_value
</UL>
<BR>[Called By]<UL><LI><a href="#[91]">&gt;&gt;</a>&nbsp;&nbsp;&nbsp;update_global_event_data
</UL>

<P><STRONG><a name="[87]"></a>init_serial_debug</STRONG> (Thumb, 90 bytes, Stack size 16 bytes, serial_debug.o(.text))
<BR><BR>[Stack]<UL><LI>Max Depth = 52<LI>Call Chain = init_serial_debug &rArr; pc_buffer_init &rArr; malloc
</UL>
<BR>[Calls]<UL><LI><a href="#[be]">&gt;&gt;</a>&nbsp;&nbsp;&nbsp;uart_init
<LI><a href="#[b3]">&gt;&gt;</a>&nbsp;&nbsp;&nbsp;pc_buffer_init
<LI><a href="#[a9]">&gt;&gt;</a>&nbsp;&nbsp;&nbsp;gpio_config_port_control
<LI><a href="#[a8]">&gt;&gt;</a>&nbsp;&nbsp;&nbsp;gpio_config_alternate_function
<LI><a href="#[a1]">&gt;&gt;</a>&nbsp;&nbsp;&nbsp;gpio_config_digital_enable
<LI><a href="#[c6]">&gt;&gt;</a>&nbsp;&nbsp;&nbsp;gpio_enable_port
</UL>
<BR>[Called By]<UL><LI><a href="#[7e]">&gt;&gt;</a>&nbsp;&nbsp;&nbsp;initializeBoard
</UL>

<P><STRONG><a name="[d5]"></a>serial_debug_rx</STRONG> (Thumb, 50 bytes, Stack size 16 bytes, serial_debug.o(.text), UNUSED)
<BR><BR>[Calls]<UL><LI><a href="#[d6]">&gt;&gt;</a>&nbsp;&nbsp;&nbsp;pc_buffer_empty
<LI><a href="#[d7]">&gt;&gt;</a>&nbsp;&nbsp;&nbsp;pc_buffer_remove
<LI><a href="#[8c]">&gt;&gt;</a>&nbsp;&nbsp;&nbsp;EnableInterrupts
<LI><a href="#[7f]">&gt;&gt;</a>&nbsp;&nbsp;&nbsp;DisableInterrupts
</UL>
<BR>[Called By]<UL><LI><a href="#[db]">&gt;&gt;</a>&nbsp;&nbsp;&nbsp;fgetc
</UL>

<P><STRONG><a name="[d8]"></a>serial_debug_tx</STRONG> (Thumb, 84 bytes, Stack size 32 bytes, serial_debug.o(.text))
<BR><BR>[Stack]<UL><LI>Max Depth = 40<LI>Call Chain = serial_debug_tx &rArr; pc_buffer_add
</UL>
<BR>[Calls]<UL><LI><a href="#[d9]">&gt;&gt;</a>&nbsp;&nbsp;&nbsp;pc_buffer_full
<LI><a href="#[d6]">&gt;&gt;</a>&nbsp;&nbsp;&nbsp;pc_buffer_empty
<LI><a href="#[da]">&gt;&gt;</a>&nbsp;&nbsp;&nbsp;pc_buffer_add
<LI><a href="#[8c]">&gt;&gt;</a>&nbsp;&nbsp;&nbsp;EnableInterrupts
<LI><a href="#[7f]">&gt;&gt;</a>&nbsp;&nbsp;&nbsp;DisableInterrupts
</UL>
<BR>[Called By]<UL><LI><a href="#[7a]">&gt;&gt;</a>&nbsp;&nbsp;&nbsp;fputc
</UL>

<P><STRONG><a name="[7a]"></a>fputc</STRONG> (Thumb, 66 bytes, Stack size 16 bytes, serial_debug.o(.text))
<BR><BR>[Stack]<UL><LI>Max Depth = 56<LI>Call Chain = fputc &rArr; serial_debug_tx &rArr; pc_buffer_add
</UL>
<BR>[Calls]<UL><LI><a href="#[d8]">&gt;&gt;</a>&nbsp;&nbsp;&nbsp;serial_debug_tx
<LI><a href="#[ba]">&gt;&gt;</a>&nbsp;&nbsp;&nbsp;uart_tx_poll
</UL>
<BR>[Called By]<UL><LI><a href="#[db]">&gt;&gt;</a>&nbsp;&nbsp;&nbsp;fgetc
</UL>
<BR>[Address Reference Count : 1]<UL><LI> printf1.o(i.__0printf$1)
</UL>
<P><STRONG><a name="[db]"></a>fgetc</STRONG> (Thumb, 50 bytes, Stack size 16 bytes, serial_debug.o(.text), UNUSED)
<BR><BR>[Calls]<UL><LI><a href="#[7a]">&gt;&gt;</a>&nbsp;&nbsp;&nbsp;fputc
<LI><a href="#[d5]">&gt;&gt;</a>&nbsp;&nbsp;&nbsp;serial_debug_rx
<LI><a href="#[bd]">&gt;&gt;</a>&nbsp;&nbsp;&nbsp;uart_rx_poll
</UL>

<P><STRONG><a name="[10]"></a>UART0_Handler</STRONG> (Thumb, 152 bytes, Stack size 40 bytes, serial_debug.o(.text))
<BR><BR>[Stack]<UL><LI>Max Depth = 48<LI>Call Chain = UART0_Handler &rArr; pc_buffer_remove
</UL>
<BR>[Calls]<UL><LI><a href="#[d6]">&gt;&gt;</a>&nbsp;&nbsp;&nbsp;pc_buffer_empty
<LI><a href="#[d7]">&gt;&gt;</a>&nbsp;&nbsp;&nbsp;pc_buffer_remove
<LI><a href="#[da]">&gt;&gt;</a>&nbsp;&nbsp;&nbsp;pc_buffer_add
</UL>
<BR>[Address Reference Count : 1]<UL><LI> startup_tm4c123.o(RESET)
</UL>
<P><STRONG><a name="[89]"></a>spi_select</STRONG> (Thumb, 62 bytes, Stack size 0 bytes, spi_select.o(.text))
<BR><BR>[Called By]<UL><LI><a href="#[88]">&gt;&gt;</a>&nbsp;&nbsp;&nbsp;spi_select_init
<LI><a href="#[7e]">&gt;&gt;</a>&nbsp;&nbsp;&nbsp;initializeBoard
</UL>

<P><STRONG><a name="[88]"></a>spi_select_init</STRONG> (Thumb, 92 bytes, Stack size 8 bytes, spi_select.o(.text))
<BR><BR>[Stack]<UL><LI>Max Depth = 24<LI>Call Chain = spi_select_init &rArr; gpio_config_enable_output
</UL>
<BR>[Calls]<UL><LI><a href="#[a3]">&gt;&gt;</a>&nbsp;&nbsp;&nbsp;gpio_config_enable_output
<LI><a href="#[a1]">&gt;&gt;</a>&nbsp;&nbsp;&nbsp;gpio_config_digital_enable
<LI><a href="#[c6]">&gt;&gt;</a>&nbsp;&nbsp;&nbsp;gpio_enable_port
<LI><a href="#[89]">&gt;&gt;</a>&nbsp;&nbsp;&nbsp;spi_select
</UL>
<BR>[Called By]<UL><LI><a href="#[7e]">&gt;&gt;</a>&nbsp;&nbsp;&nbsp;initializeBoard
</UL>

<P><STRONG><a name="[eb]"></a>wait_uS_15</STRONG> (Thumb, 14 bytes, Stack size 0 bytes, wireless.o(.text), UNUSED)
<BR><BR>[Called By]<UL><LI><a href="#[e4]">&gt;&gt;</a>&nbsp;&nbsp;&nbsp;wireless_send_32
</UL>

<P><STRONG><a name="[e4]"></a>wireless_send_32</STRONG> (Thumb, 302 bytes, Stack size 40 bytes, wireless.o(.text), UNUSED)
<BR><BR>[Calls]<UL><LI><a href="#[eb]">&gt;&gt;</a>&nbsp;&nbsp;&nbsp;wait_uS_15
<LI><a href="#[e8]">&gt;&gt;</a>&nbsp;&nbsp;&nbsp;wireless_clear_max_rt
<LI><a href="#[e6]">&gt;&gt;</a>&nbsp;&nbsp;&nbsp;wireless_status_tx_full_asserted
<LI><a href="#[ec]">&gt;&gt;</a>&nbsp;&nbsp;&nbsp;wireless_status_tx_ds_asserted
<LI><a href="#[e9]">&gt;&gt;</a>&nbsp;&nbsp;&nbsp;wireless_flush_tx_fifo
<LI><a href="#[ea]">&gt;&gt;</a>&nbsp;&nbsp;&nbsp;wireless_CE_high
<LI><a href="#[e7]">&gt;&gt;</a>&nbsp;&nbsp;&nbsp;wireless_CE_low
<LI><a href="#[df]">&gt;&gt;</a>&nbsp;&nbsp;&nbsp;wireless_CSN_high
<LI><a href="#[dd]">&gt;&gt;</a>&nbsp;&nbsp;&nbsp;wireless_CSN_low
<LI><a href="#[e3]">&gt;&gt;</a>&nbsp;&nbsp;&nbsp;wireless_get_status
<LI><a href="#[e0]">&gt;&gt;</a>&nbsp;&nbsp;&nbsp;wireless_reg_write
<LI><a href="#[dc]">&gt;&gt;</a>&nbsp;&nbsp;&nbsp;wireless_reg_read
<LI><a href="#[de]">&gt;&gt;</a>&nbsp;&nbsp;&nbsp;spiTx
<LI><a href="#[e5]">&gt;&gt;</a>&nbsp;&nbsp;&nbsp;spiVerifyBaseAddr
</UL>
<BR>[Called By]<UL><LI><a href="#[f1]">&gt;&gt;</a>&nbsp;&nbsp;&nbsp;wireless_test
</UL>

<P><STRONG><a name="[ed]"></a>wireless_get_32</STRONG> (Thumb, 130 bytes, Stack size 16 bytes, wireless.o(.text), UNUSED)
<BR><BR>[Calls]<UL><LI><a href="#[ee]">&gt;&gt;</a>&nbsp;&nbsp;&nbsp;wireless_rx_fifo_empty
<LI><a href="#[e3]">&gt;&gt;</a>&nbsp;&nbsp;&nbsp;wireless_get_status
<LI><a href="#[e1]">&gt;&gt;</a>&nbsp;&nbsp;&nbsp;wireless_rx_data_payload
<LI><a href="#[e0]">&gt;&gt;</a>&nbsp;&nbsp;&nbsp;wireless_reg_write
<LI><a href="#[e5]">&gt;&gt;</a>&nbsp;&nbsp;&nbsp;spiVerifyBaseAddr
</UL>
<BR>[Called By]<UL><LI><a href="#[f1]">&gt;&gt;</a>&nbsp;&nbsp;&nbsp;wireless_test
</UL>

<P><STRONG><a name="[8e]"></a>wireless_configure_device</STRONG> (Thumb, 202 bytes, Stack size 32 bytes, wireless.o(.text), UNUSED)
<BR><BR>[Calls]<UL><LI><a href="#[ef]">&gt;&gt;</a>&nbsp;&nbsp;&nbsp;wireless_flush_rx_fifo
<LI><a href="#[e9]">&gt;&gt;</a>&nbsp;&nbsp;&nbsp;wireless_flush_tx_fifo
<LI><a href="#[ea]">&gt;&gt;</a>&nbsp;&nbsp;&nbsp;wireless_CE_high
<LI><a href="#[e7]">&gt;&gt;</a>&nbsp;&nbsp;&nbsp;wireless_CE_low
<LI><a href="#[df]">&gt;&gt;</a>&nbsp;&nbsp;&nbsp;wireless_CSN_high
<LI><a href="#[dd]">&gt;&gt;</a>&nbsp;&nbsp;&nbsp;wireless_CSN_low
<LI><a href="#[e2]">&gt;&gt;</a>&nbsp;&nbsp;&nbsp;wireless_set_rx_addr
<LI><a href="#[e0]">&gt;&gt;</a>&nbsp;&nbsp;&nbsp;wireless_reg_write
<LI><a href="#[de]">&gt;&gt;</a>&nbsp;&nbsp;&nbsp;spiTx
<LI><a href="#[e5]">&gt;&gt;</a>&nbsp;&nbsp;&nbsp;spiVerifyBaseAddr
</UL>
<BR>[Called By]<UL><LI><a href="#[f1]">&gt;&gt;</a>&nbsp;&nbsp;&nbsp;wireless_test
<LI><a href="#[8d]">&gt;&gt;</a>&nbsp;&nbsp;&nbsp;wireless_connect
</UL>

<P><STRONG><a name="[8a]"></a>wireless_initialize</STRONG> (Thumb, 200 bytes, Stack size 8 bytes, wireless.o(.text))
<BR><BR>[Stack]<UL><LI>Max Depth = 32<LI>Call Chain = wireless_initialize &rArr; gpio_config_port_control
</UL>
<BR>[Calls]<UL><LI><a href="#[f0]">&gt;&gt;</a>&nbsp;&nbsp;&nbsp;initialize_spi
<LI><a href="#[a9]">&gt;&gt;</a>&nbsp;&nbsp;&nbsp;gpio_config_port_control
<LI><a href="#[a8]">&gt;&gt;</a>&nbsp;&nbsp;&nbsp;gpio_config_alternate_function
<LI><a href="#[a3]">&gt;&gt;</a>&nbsp;&nbsp;&nbsp;gpio_config_enable_output
<LI><a href="#[a1]">&gt;&gt;</a>&nbsp;&nbsp;&nbsp;gpio_config_digital_enable
<LI><a href="#[c6]">&gt;&gt;</a>&nbsp;&nbsp;&nbsp;gpio_enable_port
</UL>
<BR>[Called By]<UL><LI><a href="#[7e]">&gt;&gt;</a>&nbsp;&nbsp;&nbsp;initializeBoard
</UL>

<P><STRONG><a name="[f1]"></a>wireless_test</STRONG> (Thumb, 156 bytes, Stack size 40 bytes, wireless.o(.text), UNUSED)
<BR><BR>[Calls]<UL><LI><a href="#[98]">&gt;&gt;</a>&nbsp;&nbsp;&nbsp;__2printf
<LI><a href="#[ed]">&gt;&gt;</a>&nbsp;&nbsp;&nbsp;wireless_get_32
<LI><a href="#[e4]">&gt;&gt;</a>&nbsp;&nbsp;&nbsp;wireless_send_32
<LI><a href="#[8e]">&gt;&gt;</a>&nbsp;&nbsp;&nbsp;wireless_configure_device
</UL>

<P><STRONG><a name="[104]"></a>distanceAbs</STRONG> (Thumb, 40 bytes, Stack size 12 bytes, graphics.o(.text))
<BR><BR>[Stack]<UL><LI>Max Depth = 12<LI>Call Chain = distanceAbs
</UL>
<BR>[Called By]<UL><LI><a href="#[9b]">&gt;&gt;</a>&nbsp;&nbsp;&nbsp;drawHomeScreen
</UL>

<P><STRONG><a name="[99]"></a>graphics_init_data</STRONG> (Thumb, 6 bytes, Stack size 0 bytes, graphics.o(.text))
<BR><BR>[Called By]<UL><LI><a href="#[77]">&gt;&gt;</a>&nbsp;&nbsp;&nbsp;main
</UL>

<P><STRONG><a name="[9a]"></a>clear</STRONG> (Thumb, 12 bytes, Stack size 8 bytes, graphics.o(.text))
<BR><BR>[Stack]<UL><LI>Max Depth = 56<LI>Call Chain = clear &rArr; lcd_clear_screen &rArr; lcd_set_pos &rArr; lcd_write_data_u16
</UL>
<BR>[Calls]<UL><LI><a href="#[85]">&gt;&gt;</a>&nbsp;&nbsp;&nbsp;lcd_clear_screen
</UL>
<BR>[Called By]<UL><LI><a href="#[77]">&gt;&gt;</a>&nbsp;&nbsp;&nbsp;main
</UL>

<P><STRONG><a name="[f2]"></a>drawRect</STRONG> (Thumb, 84 bytes, Stack size 40 bytes, graphics.o(.text))
<BR><BR>[Stack]<UL><LI>Max Depth = 120<LI>Call Chain = drawRect &rArr; lcd_draw_rectangle_centered &rArr; lcd_set_pos &rArr; lcd_write_data_u16
</UL>
<BR>[Calls]<UL><LI><a href="#[ca]">&gt;&gt;</a>&nbsp;&nbsp;&nbsp;lcd_draw_rectangle_centered
</UL>
<BR>[Called By]<UL><LI><a href="#[fa]">&gt;&gt;</a>&nbsp;&nbsp;&nbsp;drawBlackjackControlOptions
<LI><a href="#[f6]">&gt;&gt;</a>&nbsp;&nbsp;&nbsp;drawStringSelected
<LI><a href="#[9f]">&gt;&gt;</a>&nbsp;&nbsp;&nbsp;drawGameScreenOutLineAndData
</UL>

<P><STRONG><a name="[f3]"></a>drawString</STRONG> (Thumb, 204 bytes, Stack size 64 bytes, graphics.o(.text))
<BR><BR>[Stack]<UL><LI>Max Depth = 152<LI>Call Chain = drawString &rArr; lcd_draw_image &rArr; lcd_set_pos &rArr; lcd_write_data_u16
</UL>
<BR>[Calls]<UL><LI><a href="#[c5]">&gt;&gt;</a>&nbsp;&nbsp;&nbsp;lcd_draw_image
</UL>
<BR>[Called By]<UL><LI><a href="#[fe]">&gt;&gt;</a>&nbsp;&nbsp;&nbsp;drawGameState
<LI><a href="#[fc]">&gt;&gt;</a>&nbsp;&nbsp;&nbsp;drawDealer
<LI><a href="#[fb]">&gt;&gt;</a>&nbsp;&nbsp;&nbsp;drawBettingOptions
<LI><a href="#[f6]">&gt;&gt;</a>&nbsp;&nbsp;&nbsp;drawStringSelected
<LI><a href="#[f4]">&gt;&gt;</a>&nbsp;&nbsp;&nbsp;drawStringCentered
</UL>

<P><STRONG><a name="[f5]"></a>calcStringWidth</STRONG> (Thumb, 108 bytes, Stack size 8 bytes, graphics.o(.text))
<BR><BR>[Stack]<UL><LI>Max Depth = 8<LI>Call Chain = calcStringWidth
</UL>
<BR>[Called By]<UL><LI><a href="#[f7]">&gt;&gt;</a>&nbsp;&nbsp;&nbsp;drawStringSelectedAndCentered
<LI><a href="#[f6]">&gt;&gt;</a>&nbsp;&nbsp;&nbsp;drawStringSelected
<LI><a href="#[f4]">&gt;&gt;</a>&nbsp;&nbsp;&nbsp;drawStringCentered
</UL>

<P><STRONG><a name="[f4]"></a>drawStringCentered</STRONG> (Thumb, 60 bytes, Stack size 48 bytes, graphics.o(.text))
<BR><BR>[Stack]<UL><LI>Max Depth = 200<LI>Call Chain = drawStringCentered &rArr; drawString &rArr; lcd_draw_image &rArr; lcd_set_pos &rArr; lcd_write_data_u16
</UL>
<BR>[Calls]<UL><LI><a href="#[f5]">&gt;&gt;</a>&nbsp;&nbsp;&nbsp;calcStringWidth
<LI><a href="#[f3]">&gt;&gt;</a>&nbsp;&nbsp;&nbsp;drawString
</UL>
<BR>[Called By]<UL><LI><a href="#[fd]">&gt;&gt;</a>&nbsp;&nbsp;&nbsp;drawPlayer
<LI><a href="#[fa]">&gt;&gt;</a>&nbsp;&nbsp;&nbsp;drawBlackjackControlOptions
<LI><a href="#[f7]">&gt;&gt;</a>&nbsp;&nbsp;&nbsp;drawStringSelectedAndCentered
<LI><a href="#[9b]">&gt;&gt;</a>&nbsp;&nbsp;&nbsp;drawHomeScreen
</UL>

<P><STRONG><a name="[f6]"></a>drawStringSelected</STRONG> (Thumb, 128 bytes, Stack size 32 bytes, graphics.o(.text))
<BR><BR>[Stack]<UL><LI>Max Depth = 184<LI>Call Chain = drawStringSelected &rArr; drawString &rArr; lcd_draw_image &rArr; lcd_set_pos &rArr; lcd_write_data_u16
</UL>
<BR>[Calls]<UL><LI><a href="#[f5]">&gt;&gt;</a>&nbsp;&nbsp;&nbsp;calcStringWidth
<LI><a href="#[f3]">&gt;&gt;</a>&nbsp;&nbsp;&nbsp;drawString
<LI><a href="#[f2]">&gt;&gt;</a>&nbsp;&nbsp;&nbsp;drawRect
</UL>
<BR>[Called By]<UL><LI><a href="#[fb]">&gt;&gt;</a>&nbsp;&nbsp;&nbsp;drawBettingOptions
</UL>

<P><STRONG><a name="[f7]"></a>drawStringSelectedAndCentered</STRONG> (Thumb, 78 bytes, Stack size 32 bytes, graphics.o(.text))
<BR><BR>[Stack]<UL><LI>Max Depth = 232<LI>Call Chain = drawStringSelectedAndCentered &rArr; drawStringCentered &rArr; drawString &rArr; lcd_draw_image &rArr; lcd_set_pos &rArr; lcd_write_data_u16
</UL>
<BR>[Calls]<UL><LI><a href="#[f4]">&gt;&gt;</a>&nbsp;&nbsp;&nbsp;drawStringCentered
<LI><a href="#[f5]">&gt;&gt;</a>&nbsp;&nbsp;&nbsp;calcStringWidth
<LI><a href="#[ca]">&gt;&gt;</a>&nbsp;&nbsp;&nbsp;lcd_draw_rectangle_centered
</UL>
<BR>[Called By]<UL><LI><a href="#[fa]">&gt;&gt;</a>&nbsp;&nbsp;&nbsp;drawBlackjackControlOptions
<LI><a href="#[9b]">&gt;&gt;</a>&nbsp;&nbsp;&nbsp;drawHomeScreen
</UL>

<P><STRONG><a name="[f8]"></a>drawTen</STRONG> (Thumb, 198 bytes, Stack size 32 bytes, graphics.o(.text))
<BR><BR>[Stack]<UL><LI>Max Depth = 120<LI>Call Chain = drawTen &rArr; lcd_draw_image &rArr; lcd_set_pos &rArr; lcd_write_data_u16
</UL>
<BR>[Calls]<UL><LI><a href="#[c5]">&gt;&gt;</a>&nbsp;&nbsp;&nbsp;lcd_draw_image
</UL>
<BR>[Called By]<UL><LI><a href="#[f9]">&gt;&gt;</a>&nbsp;&nbsp;&nbsp;drawCard
</UL>

<P><STRONG><a name="[f9]"></a>drawCard</STRONG> (Thumb, 408 bytes, Stack size 56 bytes, graphics.o(.text))
<BR><BR>[Stack]<UL><LI>Max Depth = 176<LI>Call Chain = drawCard &rArr; drawTen &rArr; lcd_draw_image &rArr; lcd_set_pos &rArr; lcd_write_data_u16
</UL>
<BR>[Calls]<UL><LI><a href="#[f8]">&gt;&gt;</a>&nbsp;&nbsp;&nbsp;drawTen
<LI><a href="#[c5]">&gt;&gt;</a>&nbsp;&nbsp;&nbsp;lcd_draw_image
</UL>
<BR>[Called By]<UL><LI><a href="#[fd]">&gt;&gt;</a>&nbsp;&nbsp;&nbsp;drawPlayer
<LI><a href="#[fc]">&gt;&gt;</a>&nbsp;&nbsp;&nbsp;drawDealer
<LI><a href="#[9b]">&gt;&gt;</a>&nbsp;&nbsp;&nbsp;drawHomeScreen
</UL>

<P><STRONG><a name="[fa]"></a>drawBlackjackControlOptions</STRONG> (Thumb, 214 bytes, Stack size 32 bytes, graphics.o(.text))
<BR><BR>[Stack]<UL><LI>Max Depth = 264<LI>Call Chain = drawBlackjackControlOptions &rArr; drawStringSelectedAndCentered &rArr; drawStringCentered &rArr; drawString &rArr; lcd_draw_image &rArr; lcd_set_pos &rArr; lcd_write_data_u16
</UL>
<BR>[Calls]<UL><LI><a href="#[f7]">&gt;&gt;</a>&nbsp;&nbsp;&nbsp;drawStringSelectedAndCentered
<LI><a href="#[f4]">&gt;&gt;</a>&nbsp;&nbsp;&nbsp;drawStringCentered
<LI><a href="#[f2]">&gt;&gt;</a>&nbsp;&nbsp;&nbsp;drawRect
</UL>
<BR>[Called By]<UL><LI><a href="#[9f]">&gt;&gt;</a>&nbsp;&nbsp;&nbsp;drawGameScreenOutLineAndData
</UL>

<P><STRONG><a name="[fb]"></a>drawBettingOptions</STRONG> (Thumb, 92 bytes, Stack size 24 bytes, graphics.o(.text))
<BR><BR>[Stack]<UL><LI>Max Depth = 208<LI>Call Chain = drawBettingOptions &rArr; drawStringSelected &rArr; drawString &rArr; lcd_draw_image &rArr; lcd_set_pos &rArr; lcd_write_data_u16
</UL>
<BR>[Calls]<UL><LI><a href="#[f6]">&gt;&gt;</a>&nbsp;&nbsp;&nbsp;drawStringSelected
<LI><a href="#[f3]">&gt;&gt;</a>&nbsp;&nbsp;&nbsp;drawString
</UL>
<BR>[Called By]<UL><LI><a href="#[9f]">&gt;&gt;</a>&nbsp;&nbsp;&nbsp;drawGameScreenOutLineAndData
</UL>

<P><STRONG><a name="[fc]"></a>drawDealer</STRONG> (Thumb, 120 bytes, Stack size 40 bytes, graphics.o(.text))
<BR><BR>[Stack]<UL><LI>Max Depth = 216<LI>Call Chain = drawDealer &rArr; drawCard &rArr; drawTen &rArr; lcd_draw_image &rArr; lcd_set_pos &rArr; lcd_write_data_u16
</UL>
<BR>[Calls]<UL><LI><a href="#[f9]">&gt;&gt;</a>&nbsp;&nbsp;&nbsp;drawCard
<LI><a href="#[f3]">&gt;&gt;</a>&nbsp;&nbsp;&nbsp;drawString
</UL>
<BR>[Called By]<UL><LI><a href="#[9f]">&gt;&gt;</a>&nbsp;&nbsp;&nbsp;drawGameScreenOutLineAndData
</UL>

<P><STRONG><a name="[fd]"></a>drawPlayer</STRONG> (Thumb, 170 bytes, Stack size 40 bytes, graphics.o(.text))
<BR><BR>[Stack]<UL><LI>Max Depth = 240<LI>Call Chain = drawPlayer &rArr; drawStringCentered &rArr; drawString &rArr; lcd_draw_image &rArr; lcd_set_pos &rArr; lcd_write_data_u16
</UL>
<BR>[Calls]<UL><LI><a href="#[f9]">&gt;&gt;</a>&nbsp;&nbsp;&nbsp;drawCard
<LI><a href="#[f4]">&gt;&gt;</a>&nbsp;&nbsp;&nbsp;drawStringCentered
</UL>
<BR>[Called By]<UL><LI><a href="#[9f]">&gt;&gt;</a>&nbsp;&nbsp;&nbsp;drawGameScreenOutLineAndData
</UL>

<P><STRONG><a name="[fe]"></a>drawGameState</STRONG> (Thumb, 32 bytes, Stack size 24 bytes, graphics.o(.text))
<BR><BR>[Stack]<UL><LI>Max Depth = 176<LI>Call Chain = drawGameState &rArr; drawString &rArr; lcd_draw_image &rArr; lcd_set_pos &rArr; lcd_write_data_u16
</UL>
<BR>[Calls]<UL><LI><a href="#[f3]">&gt;&gt;</a>&nbsp;&nbsp;&nbsp;drawString
</UL>
<BR>[Called By]<UL><LI><a href="#[9f]">&gt;&gt;</a>&nbsp;&nbsp;&nbsp;drawGameScreenOutLineAndData
</UL>

<P><STRONG><a name="[9f]"></a>drawGameScreenOutLineAndData</STRONG> (Thumb, 122 bytes, Stack size 24 bytes, graphics.o(.text))
<BR><BR>[Stack]<UL><LI>Max Depth = 288<LI>Call Chain = drawGameScreenOutLineAndData &rArr; drawBlackjackControlOptions &rArr; drawStringSelectedAndCentered &rArr; drawStringCentered &rArr; drawString &rArr; lcd_draw_image &rArr; lcd_set_pos &rArr; lcd_write_data_u16
</UL>
<BR>[Calls]<UL><LI><a href="#[fe]">&gt;&gt;</a>&nbsp;&nbsp;&nbsp;drawGameState
<LI><a href="#[fd]">&gt;&gt;</a>&nbsp;&nbsp;&nbsp;drawPlayer
<LI><a href="#[fc]">&gt;&gt;</a>&nbsp;&nbsp;&nbsp;drawDealer
<LI><a href="#[fb]">&gt;&gt;</a>&nbsp;&nbsp;&nbsp;drawBettingOptions
<LI><a href="#[fa]">&gt;&gt;</a>&nbsp;&nbsp;&nbsp;drawBlackjackControlOptions
<LI><a href="#[f2]">&gt;&gt;</a>&nbsp;&nbsp;&nbsp;drawRect
</UL>
<BR>[Called By]<UL><LI><a href="#[77]">&gt;&gt;</a>&nbsp;&nbsp;&nbsp;main
</UL>

<P><STRONG><a name="[9b]"></a>drawHomeScreen</STRONG> (Thumb, 1364 bytes, Stack size 96 bytes, graphics.o(.text))
<BR><BR>[Stack]<UL><LI>Max Depth = 336<LI>Call Chain = drawHomeScreen &rArr; __hardfp_sin &rArr; __ieee754_rem_pio2 &rArr; __aeabi_drsub &rArr; __aeabi_dadd &rArr; _double_epilogue &rArr; _double_round
</UL>
[...]
<LI><a href="#[116]">&gt;&gt;</a>&nbsp;&nbsp;&nbsp;__mathlib_dbl_infnan
<LI><a href="#[119]">&gt;&gt;</a>&nbsp;&nbsp;&nbsp;__kernel_cos
</UL>
<BR>[Called By]<UL><LI><a href="#[9b]">&gt;&gt;</a>&nbsp;&nbsp;&nbsp;drawHomeScreen
</UL>

<P><STRONG><a name="[100]"></a>__hardfp_sin</STRONG> (Thumb, 180 bytes, Stack size 32 bytes, sin.o(i.__hardfp_sin))
<BR><BR>[Stack]<UL><LI>Max Depth = 240<LI>Call Chain = __hardfp_sin &rArr; __ieee754_rem_pio2 &rArr; __aeabi_drsub &rArr; __aeabi_dadd &rArr; _double_epilogue &rArr; _double_round
</UL>
<BR>[Calls]<UL><LI><a href="#[114]">&gt;&gt;</a>&nbsp;&nbsp;&nbsp;__set_errno
<LI><a href="#[118]">&gt;&gt;</a>&nbsp;&nbsp;&nbsp;__kernel_sin
<LI><a href="#[117]">&gt;&gt;</a>&nbsp;&nbsp;&nbsp;__ieee754_rem_pio2
<LI><a href="#[115]">&gt;&gt;</a>&nbsp;&nbsp;&nbsp;__mathlib_dbl_invalid
<LI><a href="#[116]">&gt;&gt;</a>&nbsp;&nbsp;&nbsp;__mathlib_dbl_infnan
<LI><a href="#[119]">&gt;&gt;</a>&nbsp;&nbsp;&nbsp;__kernel_cos
</UL>
<BR>[Called By]<UL><LI><a href="#[9b]">&gt;&gt;</a>&nbsp;&nbsp;&nbsp;drawHomeScreen
</UL>

<P><STRONG><a name="[117]"></a>__ieee754_rem_pio2</STRONG> (Thumb, 938 bytes, Stack size 120 bytes, rred.o(i.__ieee754_rem_pio2))
<BR><BR>[Stack]<UL><LI>Max Depth = 208<LI>Call Chain = __ieee754_rem_pio2 &rArr; __aeabi_drsub &rArr; __aeabi_dadd &rArr; _double_epilogue &rArr; _double_round
</UL>
<BR>[Calls]<UL><LI><a href="#[10c]">&gt;&gt;</a>&nbsp;&nbsp;&nbsp;__aeabi_drsub
<LI><a href="#[10b]">&gt;&gt;</a>&nbsp;&nbsp;&nbsp;__aeabi_dsub
<LI><a href="#[ff]">&gt;&gt;</a>&nbsp;&nbsp;&nbsp;__aeabi_i2d
<LI><a href="#[101]">&gt;&gt;</a>&nbsp;&nbsp;&nbsp;__aeabi_dmul
<LI><a href="#[102]">&gt;&gt;</a>&nbsp;&nbsp;&nbsp;__aeabi_d2iz
<LI><a href="#[11a]">&gt;&gt;</a>&nbsp;&nbsp;&nbsp;fabs
<LI><a href="#[111]">&gt;&gt;</a>&nbsp;&nbsp;&nbsp;__aeabi_ui2d
<LI><a href="#[9d]">&gt;&gt;</a>&nbsp;&nbsp;&nbsp;__aeabi_dadd
</UL>
<BR>[Called By]<UL><LI><a href="#[100]">&gt;&gt;</a>&nbsp;&nbsp;&nbsp;__hardfp_sin
<LI><a href="#[103]">&gt;&gt;</a>&nbsp;&nbsp;&nbsp;__hardfp_cos
</UL>

<P><STRONG><a name="[119]"></a>__kernel_cos</STRONG> (Thumb, 322 bytes, Stack size 64 bytes, cos_i.o(i.__kernel_cos))
<BR><BR>[Stack]<UL><LI>Max Depth = 176<LI>Call Chain = __kernel_cos &rArr; __kernel_poly &rArr; __aeabi_dmul &rArr; _double_epilogue &rArr; _double_round
</UL>
<BR>[Calls]<UL><LI><a href="#[10c]">&gt;&gt;</a>&nbsp;&nbsp;&nbsp;__aeabi_drsub
<LI><a href="#[10b]">&gt;&gt;</a>&nbsp;&nbsp;&nbsp;__aeabi_dsub
<LI><a href="#[101]">&gt;&gt;</a>&nbsp;&nbsp;&nbsp;__aeabi_dmul
<LI><a href="#[102]">&gt;&gt;</a>&nbsp;&nbsp;&nbsp;__aeabi_d2iz
<LI><a href="#[11b]">&gt;&gt;</a>&nbsp;&nbsp;&nbsp;__kernel_poly
</UL>
<BR>[Called By]<UL><LI><a href="#[100]">&gt;&gt;</a>&nbsp;&nbsp;&nbsp;__hardfp_sin
<LI><a href="#[103]">&gt;&gt;</a>&nbsp;&nbsp;&nbsp;__hardfp_cos
</UL>

<P><STRONG><a name="[11b]"></a>__kernel_poly</STRONG> (Thumb, 248 bytes, Stack size 24 bytes, poly.o(i.__kernel_poly))
<BR><BR>[Stack]<UL><LI>Max Depth = 112<LI>Call Chain = __kernel_poly &rArr; __aeabi_dmul &rArr; _double_epilogue &rArr; _double_round
</UL>
<BR>[Calls]<UL><LI><a href="#[101]">&gt;&gt;</a>&nbsp;&nbsp;&nbsp;__aeabi_dmul
<LI><a href="#[9d]">&gt;&gt;</a>&nbsp;&nbsp;&nbsp;__aeabi_dadd
</UL>
<BR>[Called By]<UL><LI><a href="#[118]">&gt;&gt;</a>&nbsp;&nbsp;&nbsp;__kernel_sin
<LI><a href="#[119]">&gt;&gt;</a>&nbsp;&nbsp;&nbsp;__kernel_cos
</UL>

<P><STRONG><a name="[118]"></a>__kernel_sin</STRONG> (Thumb, 280 bytes, Stack size 72 bytes, sin_i.o(i.__kernel_sin))
<BR><BR>[Stack]<UL><LI>Max Depth = 184<LI>Call Chain = __kernel_sin &rArr; __kernel_poly &rArr; __aeabi_dmul &rArr; _double_epilogue &rArr; _double_round
</UL>
<BR>[Calls]<UL><LI><a href="#[10c]">&gt;&gt;</a>&nbsp;&nbsp;&nbsp;__aeabi_drsub
<LI><a href="#[10b]">&gt;&gt;</a>&nbsp;&nbsp;&nbsp;__aeabi_dsub
<LI><a href="#[101]">&gt;&gt;</a>&nbsp;&nbsp;&nbsp;__aeabi_dmul
<LI><a href="#[11b]">&gt;&gt;</a>&nbsp;&nbsp;&nbsp;__kernel_poly
<LI><a href="#[11c]">&gt;&gt;</a>&nbsp;&nbsp;&nbsp;__ARM_fpclassify
<LI><a href="#[11d]">&gt;&gt;</a>&nbsp;&nbsp;&nbsp;__mathlib_dbl_underflow
<LI><a href="#[9d]">&gt;&gt;</a>&nbsp;&nbsp;&nbsp;__aeabi_dadd
</UL>
<BR>[Called By]<UL><LI><a href="#[100]">&gt;&gt;</a>&nbsp;&nbsp;&nbsp;__hardfp_sin
<LI><a href="#[103]">&gt;&gt;</a>&nbsp;&nbsp;&nbsp;__hardfp_cos
</UL>

<P><STRONG><a name="[116]"></a>__mathlib_dbl_infnan</STRONG> (Thumb, 20 bytes, Stack size 8 bytes, dunder.o(i.__mathlib_dbl_infnan))
<BR><BR>[Stack]<UL><LI>Max Depth = 96<LI>Call Chain = __mathlib_dbl_infnan &rArr; __aeabi_dadd &rArr; _double_epilogue &rArr; _double_round
</UL>
<BR>[Calls]<UL><LI><a href="#[9d]">&gt;&gt;</a>&nbsp;&nbsp;&nbsp;__aeabi_dadd
</UL>
<BR>[Called By]<UL><LI><a href="#[100]">&gt;&gt;</a>&nbsp;&nbsp;&nbsp;__hardfp_sin
<LI><a href="#[103]">&gt;&gt;</a>&nbsp;&nbsp;&nbsp;__hardfp_cos
</UL>

<P><STRONG><a name="[115]"></a>__mathlib_dbl_invalid</STRONG> (Thumb, 24 bytes, Stack size 8 bytes, dunder.o(i.__mathlib_dbl_invalid))
<BR><BR>[Stack]<UL><LI>Max Depth = 48<LI>Call Chain = __mathlib_dbl_invalid &rArr; __aeabi_ddiv &rArr; _double_round
</UL>
<BR>[Calls]<UL><LI><a href="#[10f]">&gt;&gt;</a>&nbsp;&nbsp;&nbsp;__aeabi_ddiv
</UL>
<BR>[Called By]<UL><LI><a href="#[100]">&gt;&gt;</a>&nbsp;&nbsp;&nbsp;__hardfp_sin
<LI><a href="#[103]">&gt;&gt;</a>&nbsp;&nbsp;&nbsp;__hardfp_cos
</UL>

<P><STRONG><a name="[11d]"></a>__mathlib_dbl_underflow</STRONG> (Thumb, 24 bytes, Stack size 8 bytes, dunder.o(i.__mathlib_dbl_underflow))
<BR><BR>[Stack]<UL><LI>Max Depth = 96<LI>Call Chain = __mathlib_dbl_underflow &rArr; __aeabi_dmul &rArr; _double_epilogue &rArr; _double_round
</UL>
<BR>[Calls]<UL><LI><a href="#[101]">&gt;&gt;</a>&nbsp;&nbsp;&nbsp;__aeabi_dmul
</UL>
<BR>[Called By]<UL><LI><a href="#[118]">&gt;&gt;</a>&nbsp;&nbsp;&nbsp;__kernel_sin
</UL>

<P><STRONG><a name="[132]"></a>__scatterload_copy</STRONG> (Thumb, 14 bytes, Stack size unknown bytes, handlers.o(i.__scatterload_copy), UNUSED)

<P><STRONG><a name="[133]"></a>__scatterload_null</STRONG> (Thumb, 2 bytes, Stack size unknown bytes, handlers.o(i.__scatterload_null), UNUSED)

<P><STRONG><a name="[134]"></a>__scatterload_zeroinit</STRONG> (Thumb, 14 bytes, Stack size unknown bytes, handlers.o(i.__scatterload_zeroinit), UNUSED)

<P><STRONG><a name="[114]"></a>__set_errno</STRONG> (Thumb, 6 bytes, Stack size 0 bytes, errno.o(i.__set_errno))
<BR><BR>[Called By]<UL><LI><a href="#[100]">&gt;&gt;</a>&nbsp;&nbsp;&nbsp;__hardfp_sin
<LI><a href="#[103]">&gt;&gt;</a>&nbsp;&nbsp;&nbsp;__hardfp_cos
</UL>

<P><STRONG><a name="[11a]"></a>fabs</STRONG> (Thumb, 24 bytes, Stack size 8 bytes, fabs.o(i.fabs))
<BR><BR>[Stack]<UL><LI>Max Depth = 8<LI>Call Chain = fabs
</UL>
<BR>[Called By]<UL><LI><a href="#[117]">&gt;&gt;</a>&nbsp;&nbsp;&nbsp;__ieee754_rem_pio2
</UL>

<P><STRONG><a name="[b4]"></a>malloc</STRONG> (Thumb, 92 bytes, Stack size 20 bytes, malloc.o(i.malloc))
<BR><BR>[Stack]<UL><LI>Max Depth = 20<LI>Call Chain = malloc
</UL>
<BR>[Called By]<UL><LI><a href="#[b3]">&gt;&gt;</a>&nbsp;&nbsp;&nbsp;pc_buffer_init
</UL>
<P>
<H3>
Local Symbols
</H3>
<P><STRONG><a name="[a2]"></a>verify_base_addr</STRONG> (Thumb, 64 bytes, Stack size 0 bytes, gpio_port.o(.text))
<BR><BR>[Called By]<UL><LI><a href="#[aa]">&gt;&gt;</a>&nbsp;&nbsp;&nbsp;gpio_config_open_drain
<LI><a href="#[a9]">&gt;&gt;</a>&nbsp;&nbsp;&nbsp;gpio_config_port_control
<LI><a href="#[a8]">&gt;&gt;</a>&nbsp;&nbsp;&nbsp;gpio_config_alternate_function
<LI><a href="#[a7]">&gt;&gt;</a>&nbsp;&nbsp;&nbsp;gpio_config_analog_enable
<LI><a href="#[a6]">&gt;&gt;</a>&nbsp;&nbsp;&nbsp;gpio_config_enable_pulldown
<LI><a href="#[a5]">&gt;&gt;</a>&nbsp;&nbsp;&nbsp;gpio_config_enable_pullup
<LI><a href="#[a4]">&gt;&gt;</a>&nbsp;&nbsp;&nbsp;gpio_config_enable_input
<LI><a href="#[a3]">&gt;&gt;</a>&nbsp;&nbsp;&nbsp;gpio_config_enable_output
<LI><a href="#[a1]">&gt;&gt;</a>&nbsp;&nbsp;&nbsp;gpio_config_digital_enable
</UL>

<P><STRONG><a name="[b6]"></a>verify_base_addr</STRONG> (Thumb, 64 bytes, Stack size 0 bytes, timers.o(.text))
<BR><BR>[Called By]<UL><LI><a href="#[b7]">&gt;&gt;</a>&nbsp;&nbsp;&nbsp;gp_timer_config_32
<LI><a href="#[b5]">&gt;&gt;</a>&nbsp;&nbsp;&nbsp;gp_timer_wait
<LI><a href="#[8b]">&gt;&gt;</a>&nbsp;&nbsp;&nbsp;timers_init
</UL>

<P><STRONG><a name="[b8]"></a>get_clock_masks</STRONG> (Thumb, 106 bytes, Stack size 8 bytes, timers.o(.text), UNUSED)
<BR><BR>[Called By]<UL><LI><a href="#[b7]">&gt;&gt;</a>&nbsp;&nbsp;&nbsp;gp_timer_config_32
</UL>

<P><STRONG><a name="[b9]"></a>blackjack_timerA</STRONG> (Thumb, 146 bytes, Stack size 28 bytes, timers.o(.text))
<BR><BR>[Stack]<UL><LI>Max Depth = 28<LI>Call Chain = blackjack_timerA
</UL>
<BR>[Called By]<UL><LI><a href="#[8b]">&gt;&gt;</a>&nbsp;&nbsp;&nbsp;timers_init
</UL>

<P><STRONG><a name="[c7]"></a>delayms</STRONG> (Thumb, 26 bytes, Stack size 0 bytes, lcd.o(.text))
<BR><BR>[Called By]<UL><LI><a href="#[84]">&gt;&gt;</a>&nbsp;&nbsp;&nbsp;lcd_config_screen
</UL>

<P><STRONG><a name="[c3]"></a>lcd_write_cmd_u8</STRONG> (Thumb, 34 bytes, Stack size 0 bytes, lcd.o(.text))
<BR><BR>[Called By]<UL><LI><a href="#[c2]">&gt;&gt;</a>&nbsp;&nbsp;&nbsp;lcd_set_pos
<LI><a href="#[84]">&gt;&gt;</a>&nbsp;&nbsp;&nbsp;lcd_config_screen
</UL>

<P><STRONG><a name="[c8]"></a>lcd_write_data_u8</STRONG> (Thumb, 36 bytes, Stack size 0 bytes, lcd.o(.text))
<BR><BR>[Called By]<UL><LI><a href="#[84]">&gt;&gt;</a>&nbsp;&nbsp;&nbsp;lcd_config_screen
</UL>

<P><STRONG><a name="[c4]"></a>lcd_write_data_u16</STRONG> (Thumb, 60 bytes, Stack size 8 bytes, lcd.o(.text))
<BR><BR>[Stack]<UL><LI>Max Depth = 8<LI>Call Chain = lcd_write_data_u16
</UL>
<BR>[Called By]<UL><LI><a href="#[ca]">&gt;&gt;</a>&nbsp;&nbsp;&nbsp;lcd_draw_rectangle_centered
<LI><a href="#[c9]">&gt;&gt;</a>&nbsp;&nbsp;&nbsp;lcd_draw_color_image
<LI><a href="#[c5]">&gt;&gt;</a>&nbsp;&nbsp;&nbsp;lcd_draw_image
<LI><a href="#[c2]">&gt;&gt;</a>&nbsp;&nbsp;&nbsp;lcd_set_pos
<LI><a href="#[85]">&gt;&gt;</a>&nbsp;&nbsp;&nbsp;lcd_clear_screen
</UL>

<P><STRONG><a name="[cb]"></a>eeprom_wait_for_write</STRONG> (Thumb, 68 bytes, Stack size 16 bytes, eeprom.o(.text))
<BR><BR>[Stack]<UL><LI>Max Depth = 40<LI>Call Chain = eeprom_wait_for_write &rArr; i2cSendByte &rArr; I2CMasterBusy
</UL>
<BR>[Calls]<UL><LI><a href="#[b1]">&gt;&gt;</a>&nbsp;&nbsp;&nbsp;i2cSendByte
<LI><a href="#[af]">&gt;&gt;</a>&nbsp;&nbsp;&nbsp;I2CMasterAdrAck
<LI><a href="#[ae]">&gt;&gt;</a>&nbsp;&nbsp;&nbsp;I2CMasterBusy
<LI><a href="#[ab]">&gt;&gt;</a>&nbsp;&nbsp;&nbsp;i2cSetSlaveAddr
<LI><a href="#[ac]">&gt;&gt;</a>&nbsp;&nbsp;&nbsp;i2cVerifyBaseAddr
</UL>
<BR>[Called By]<UL><LI><a href="#[cd]">&gt;&gt;</a>&nbsp;&nbsp;&nbsp;eeprom_byte_read
<LI><a href="#[cc]">&gt;&gt;</a>&nbsp;&nbsp;&nbsp;eeprom_byte_write
</UL>

<P><STRONG><a name="[d0]"></a>ft6x06_set_addr</STRONG> (Thumb, 52 bytes, Stack size 16 bytes, ft6x06.o(.text))
<BR><BR>[Stack]<UL><LI>Max Depth = 40<LI>Call Chain = ft6x06_set_addr &rArr; i2cSendByte &rArr; I2CMasterBusy
</UL>
<BR>[Calls]<UL><LI><a href="#[b1]">&gt;&gt;</a>&nbsp;&nbsp;&nbsp;i2cSendByte
<LI><a href="#[ae]">&gt;&gt;</a>&nbsp;&nbsp;&nbsp;I2CMasterBusy
<LI><a href="#[ab]">&gt;&gt;</a>&nbsp;&nbsp;&nbsp;i2cSetSlaveAddr
</UL>
<BR>[Called By]<UL><LI><a href="#[94]">&gt;&gt;</a>&nbsp;&nbsp;&nbsp;ft6x06_read_y
<LI><a href="#[93]">&gt;&gt;</a>&nbsp;&nbsp;&nbsp;ft6x06_read_x
<LI><a href="#[92]">&gt;&gt;</a>&nbsp;&nbsp;&nbsp;ft6x06_read_td_status
</UL>

<P><STRONG><a name="[d1]"></a>ft6x06_read_data</STRONG> (Thumb, 52 bytes, Stack size 16 bytes, ft6x06.o(.text))
<BR><BR>[Stack]<UL><LI>Max Depth = 40<LI>Call Chain = ft6x06_read_data &rArr; i2cGetByte &rArr; I2CMasterBusy
</UL>
<BR>[Calls]<UL><LI><a href="#[b2]">&gt;&gt;</a>&nbsp;&nbsp;&nbsp;i2cGetByte
<LI><a href="#[ae]">&gt;&gt;</a>&nbsp;&nbsp;&nbsp;I2CMasterBusy
<LI><a href="#[ab]">&gt;&gt;</a>&nbsp;&nbsp;&nbsp;i2cSetSlaveAddr
</UL>
<BR>[Called By]<UL><LI><a href="#[94]">&gt;&gt;</a>&nbsp;&nbsp;&nbsp;ft6x06_read_y
<LI><a href="#[93]">&gt;&gt;</a>&nbsp;&nbsp;&nbsp;ft6x06_read_x
<LI><a href="#[92]">&gt;&gt;</a>&nbsp;&nbsp;&nbsp;ft6x06_read_td_status
</UL>

<P><STRONG><a name="[d2]"></a>initialize_adc_gpio_pins</STRONG> (Thumb, 58 bytes, Stack size 8 bytes, ps2.o(.text))
<BR><BR>[Stack]<UL><LI>Max Depth = 24<LI>Call Chain = initialize_adc_gpio_pins &rArr; gpio_config_alternate_function
</UL>
<BR>[Calls]<UL><LI><a href="#[a8]">&gt;&gt;</a>&nbsp;&nbsp;&nbsp;gpio_config_alternate_function
<LI><a href="#[a7]">&gt;&gt;</a>&nbsp;&nbsp;&nbsp;gpio_config_analog_enable
<LI><a href="#[a4]">&gt;&gt;</a>&nbsp;&nbsp;&nbsp;gpio_config_enable_input
<LI><a href="#[c6]">&gt;&gt;</a>&nbsp;&nbsp;&nbsp;gpio_enable_port
</UL>
<BR>[Called By]<UL><LI><a href="#[81]">&gt;&gt;</a>&nbsp;&nbsp;&nbsp;ps2_initialize
</UL>

<P><STRONG><a name="[dc]"></a>wireless_reg_read</STRONG> (Thumb, 44 bytes, Stack size 16 bytes, wireless.o(.text), UNUSED)
<BR><BR>[Calls]<UL><LI><a href="#[df]">&gt;&gt;</a>&nbsp;&nbsp;&nbsp;wireless_CSN_high
<LI><a href="#[dd]">&gt;&gt;</a>&nbsp;&nbsp;&nbsp;wireless_CSN_low
<LI><a href="#[de]">&gt;&gt;</a>&nbsp;&nbsp;&nbsp;spiTx
</UL>
<BR>[Called By]<UL><LI><a href="#[e4]">&gt;&gt;</a>&nbsp;&nbsp;&nbsp;wireless_send_32
<LI><a href="#[ee]">&gt;&gt;</a>&nbsp;&nbsp;&nbsp;wireless_rx_fifo_empty
</UL>

<P><STRONG><a name="[e0]"></a>wireless_reg_write</STRONG> (Thumb, 44 bytes, Stack size 24 bytes, wireless.o(.text), UNUSED)
<BR><BR>[Calls]<UL><LI><a href="#[df]">&gt;&gt;</a>&nbsp;&nbsp;&nbsp;wireless_CSN_high
<LI><a href="#[dd]">&gt;&gt;</a>&nbsp;&nbsp;&nbsp;wireless_CSN_low
<LI><a href="#[de]">&gt;&gt;</a>&nbsp;&nbsp;&nbsp;spiTx
</UL>
<BR>[Called By]<UL><LI><a href="#[ed]">&gt;&gt;</a>&nbsp;&nbsp;&nbsp;wireless_get_32
<LI><a href="#[e4]">&gt;&gt;</a>&nbsp;&nbsp;&nbsp;wireless_send_32
<LI><a href="#[e8]">&gt;&gt;</a>&nbsp;&nbsp;&nbsp;wireless_clear_max_rt
<LI><a href="#[8e]">&gt;&gt;</a>&nbsp;&nbsp;&nbsp;wireless_configure_device
</UL>

<P><STRONG><a name="[e1]"></a>wireless_rx_data_payload</STRONG> (Thumb, 90 bytes, Stack size 24 bytes, wireless.o(.text), UNUSED)
<BR><BR>[Calls]<UL><LI><a href="#[df]">&gt;&gt;</a>&nbsp;&nbsp;&nbsp;wireless_CSN_high
<LI><a href="#[dd]">&gt;&gt;</a>&nbsp;&nbsp;&nbsp;wireless_CSN_low
<LI><a href="#[de]">&gt;&gt;</a>&nbsp;&nbsp;&nbsp;spiTx
</UL>
<BR>[Called By]<UL><LI><a href="#[ed]">&gt;&gt;</a>&nbsp;&nbsp;&nbsp;wireless_get_32
</UL>

<P><STRONG><a name="[e2]"></a>wireless_set_rx_addr</STRONG> (Thumb, 118 bytes, Stack size 32 bytes, wireless.o(.text), UNUSED)
<BR><BR>[Calls]<UL><LI><a href="#[df]">&gt;&gt;</a>&nbsp;&nbsp;&nbsp;wireless_CSN_high
<LI><a href="#[dd]">&gt;&gt;</a>&nbsp;&nbsp;&nbsp;wireless_CSN_low
<LI><a href="#[de]">&gt;&gt;</a>&nbsp;&nbsp;&nbsp;spiTx
</UL>
<BR>[Called By]<UL><LI><a href="#[8e]">&gt;&gt;</a>&nbsp;&nbsp;&nbsp;wireless_configure_device
</UL>

<P><STRONG><a name="[e3]"></a>wireless_get_status</STRONG> (Thumb, 32 bytes, Stack size 16 bytes, wireless.o(.text), UNUSED)
<BR><BR>[Calls]<UL><LI><a href="#[df]">&gt;&gt;</a>&nbsp;&nbsp;&nbsp;wireless_CSN_high
<LI><a href="#[dd]">&gt;&gt;</a>&nbsp;&nbsp;&nbsp;wireless_CSN_low
<LI><a href="#[de]">&gt;&gt;</a>&nbsp;&nbsp;&nbsp;spiTx
</UL>
<BR>[Called By]<UL><LI><a href="#[ed]">&gt;&gt;</a>&nbsp;&nbsp;&nbsp;wireless_get_32
<LI><a href="#[e4]">&gt;&gt;</a>&nbsp;&nbsp;&nbsp;wireless_send_32
</UL>

<P><STRONG><a name="[dd]"></a>wireless_CSN_low</STRONG> (Thumb, 18 bytes, Stack size 0 bytes, wireless.o(.text), UNUSED)
<BR><BR>[Called By]<UL><LI><a href="#[e4]">&gt;&gt;</a>&nbsp;&nbsp;&nbsp;wireless_send_32
<LI><a href="#[ef]">&gt;&gt;</a>&nbsp;&nbsp;&nbsp;wireless_flush_rx_fifo
<LI><a href="#[e9]">&gt;&gt;</a>&nbsp;&nbsp;&nbsp;wireless_flush_tx_fifo
<LI><a href="#[e3]">&gt;&gt;</a>&nbsp;&nbsp;&nbsp;wireless_get_status
<LI><a href="#[e2]">&gt;&gt;</a>&nbsp;&nbsp;&nbsp;wireless_set_rx_addr
<LI><a href="#[e1]">&gt;&gt;</a>&nbsp;&nbsp;&nbsp;wireless_rx_data_payload
<LI><a href="#[e0]">&gt;&gt;</a>&nbsp;&nbsp;&nbsp;wireless_reg_write
<LI><a href="#[dc]">&gt;&gt;</a>&nbsp;&nbsp;&nbsp;wireless_reg_read
<LI><a href="#[8e]">&gt;&gt;</a>&nbsp;&nbsp;&nbsp;wireless_configure_device
</UL>

<P><STRONG><a name="[df]"></a>wireless_CSN_high</STRONG> (Thumb, 18 bytes, Stack size 0 bytes, wireless.o(.text), UNUSED)
<BR><BR>[Called By]<UL><LI><a href="#[e4]">&gt;&gt;</a>&nbsp;&nbsp;&nbsp;wireless_send_32
<LI><a href="#[ef]">&gt;&gt;</a>&nbsp;&nbsp;&nbsp;wireless_flush_rx_fifo
<LI><a href="#[e9]">&gt;&gt;</a>&nbsp;&nbsp;&nbsp;wireless_flush_tx_fifo
<LI><a href="#[e3]">&gt;&gt;</a>&nbsp;&nbsp;&nbsp;wireless_get_status
<LI><a href="#[e2]">&gt;&gt;</a>&nbsp;&nbsp;&nbsp;wireless_set_rx_addr
<LI><a href="#[e1]">&gt;&gt;</a>&nbsp;&nbsp;&nbsp;wireless_rx_data_payload
<LI><a href="#[e0]">&gt;&gt;</a>&nbsp;&nbsp;&nbsp;wireless_reg_write
<LI><a href="#[dc]">&gt;&gt;</a>&nbsp;&nbsp;&nbsp;wireless_reg_read
<LI><a href="#[8e]">&gt;&gt;</a>&nbsp;&nbsp;&nbsp;wireless_configure_device
</UL>

<P><STRONG><a name="[e7]"></a>wireless_CE_low</STRONG> (Thumb, 16 bytes, Stack size 0 bytes, wireless.o(.text), UNUSED)
<BR><BR>[Called By]<UL><LI><a href="#[e4]">&gt;&gt;</a>&nbsp;&nbsp;&nbsp;wireless_send_32
<LI><a href="#[8e]">&gt;&gt;</a>&nbsp;&nbsp;&nbsp;wireless_configure_device
</UL>

<P><STRONG><a name="[ea]"></a>wireless_CE_high</STRONG> (Thumb, 16 bytes, Stack size 0 bytes, wireless.o(.text), UNUSED)
<BR><BR>[Called By]<UL><LI><a href="#[e4]">&gt;&gt;</a>&nbsp;&nbsp;&nbsp;wireless_send_32
<LI><a href="#[8e]">&gt;&gt;</a>&nbsp;&nbsp;&nbsp;wireless_configure_device
</UL>

<P><STRONG><a name="[e9]"></a>wireless_flush_tx_fifo</STRONG> (Thumb, 28 bytes, Stack size 16 bytes, wireless.o(.text), UNUSED)
<BR><BR>[Calls]<UL><LI><a href="#[df]">&gt;&gt;</a>&nbsp;&nbsp;&nbsp;wireless_CSN_high
<LI><a href="#[dd]">&gt;&gt;</a>&nbsp;&nbsp;&nbsp;wireless_CSN_low
<LI><a href="#[de]">&gt;&gt;</a>&nbsp;&nbsp;&nbsp;spiTx
</UL>
<BR>[Called By]<UL><LI><a href="#[e4]">&gt;&gt;</a>&nbsp;&nbsp;&nbsp;wireless_send_32
<LI><a href="#[8e]">&gt;&gt;</a>&nbsp;&nbsp;&nbsp;wireless_configure_device
</UL>

<P><STRONG><a name="[ef]"></a>wireless_flush_rx_fifo</STRONG> (Thumb, 28 bytes, Stack size 16 bytes, wireless.o(.text), UNUSED)
<BR><BR>[Calls]<UL><LI><a href="#[df]">&gt;&gt;</a>&nbsp;&nbsp;&nbsp;wireless_CSN_high
<LI><a href="#[dd]">&gt;&gt;</a>&nbsp;&nbsp;&nbsp;wireless_CSN_low
<LI><a href="#[de]">&gt;&gt;</a>&nbsp;&nbsp;&nbsp;spiTx
</UL>
<BR>[Called By]<UL><LI><a href="#[8e]">&gt;&gt;</a>&nbsp;&nbsp;&nbsp;wireless_configure_device
</UL>

<P><STRONG><a name="[ee]"></a>wireless_rx_fifo_empty</STRONG> (Thumb, 24 bytes, Stack size 8 bytes, wireless.o(.text), UNUSED)
<BR><BR>[Calls]<UL><LI><a href="#[dc]">&gt;&gt;</a>&nbsp;&nbsp;&nbsp;wireless_reg_read
</UL>
<BR>[Called By]<UL><LI><a href="#[ed]">&gt;&gt;</a>&nbsp;&nbsp;&nbsp;wireless_get_32
</UL>

<P><STRONG><a name="[ec]"></a>wireless_status_tx_ds_asserted</STRONG> (Thumb, 16 bytes, Stack size 0 bytes, wireless.o(.text), UNUSED)
<BR><BR>[Called By]<UL><LI><a href="#[e4]">&gt;&gt;</a>&nbsp;&nbsp;&nbsp;wireless_send_32
</UL>

<P><STRONG><a name="[e6]"></a>wireless_status_tx_full_asserted</STRONG> (Thumb, 16 bytes, Stack size 0 bytes, wireless.o(.text), UNUSED)
<BR><BR>[Called By]<UL><LI><a href="#[e4]">&gt;&gt;</a>&nbsp;&nbsp;&nbsp;wireless_send_32
</UL>

<P><STRONG><a name="[e8]"></a>wireless_clear_max_rt</STRONG> (Thumb, 12 bytes, Stack size 8 bytes, wireless.o(.text), UNUSED)
<BR><BR>[Calls]<UL><LI><a href="#[e0]">&gt;&gt;</a>&nbsp;&nbsp;&nbsp;wireless_reg_write
</UL>
<BR>[Called By]<UL><LI><a href="#[e4]">&gt;&gt;</a>&nbsp;&nbsp;&nbsp;wireless_send_32
</UL>

<P><STRONG><a name="[106]"></a>getOscClk</STRONG> (Thumb, 182 bytes, Stack size 0 bytes, system_tm4c123.o(.text), UNUSED)
<BR><BR>[Called By]<UL><LI><a href="#[105]">&gt;&gt;</a>&nbsp;&nbsp;&nbsp;SystemCoreClockUpdate
</UL>

<P><STRONG><a name="[113]"></a>_printf_core</STRONG> (Thumb, 336 bytes, Stack size 88 bytes, printf1.o(i._printf_core), UNUSED)
<BR><BR>[Calls]<UL><LI><a href="#[11e]">&gt;&gt;</a>&nbsp;&nbsp;&nbsp;__aeabi_uidivmod
</UL>
<BR>[Called By]<UL><LI><a href="#[112]">&gt;&gt;</a>&nbsp;&nbsp;&nbsp;__0printf$1
</UL>
<P>
<H3>
Undefined Global Symbols
</H3><HR></body></html>
