<html>
<body>
<pre>
<h1>µVision Build Log</h1>
<h2>Tool Versions:</h2>
IDE-Version: µVision V5.24.2.0
Copyright (C) 2017 ARM Ltd and ARM Germany GmbH. All rights reserved.
License Information: UW Madison CAE Flex license: MDK-ARM Professional: 300 user(s) (mdk_pro) Operation stops: 26 Jul 2018
 
Tool Versions:
Toolchain:       MDK-ARM Professional: 300 user(s)  Version: 5.24.1
Toolchain Path:  C:\Keil_v5\ARM\ARMCC\Bin
C Compiler:      Armcc.exe V5.06 update 5 (build 528)
Assembler:       Armasm.exe V5.06 update 5 (build 528)
Linker/Locator:  ArmLink.exe V5.06 update 5 (build 528)
Library Manager: ArmAr.exe V5.06 update 5 (build 528)
Hex Converter:   FromElf.exe V5.06 update 5 (build 528)
CPU DLL:         SARMCM3.DLL V5.24.1
Dialog DLL:      DCM.DLL V1.16.0.0
Target DLL:      lmidk-agdi.dll V???
Dialog DLL:      TCM.DLL V1.32.0.0
 
<h2>Project:</h2>
I:\ECE_353_FINAL\ECE353_Final_Project\Blackjack\Blackjack.uvprojx
Project File Date:  12/12/2017

<h2>Output:</h2>
*** Using Compiler 'V5.06 update 5 (build 528)', folder: 'C:\Keil_v5\ARM\ARMCC\Bin'
Rebuild target 'Blackjack'
compiling blackjack.c...
blackjack.h(151): warning:  #1295-D: Deprecated declaration requestbet - give arg types
  
ool requestbet();
blackjack.h(158): warning:  #1295-D: Deprecated declaration playerturn - give arg types
  void playerturn();
blackjack.c(223): warning:  #1-D: last line of file ends without a newline
  */
blackjack.c: 3 warnings, 0 errors
compiling gpio_port.c...
..\drivers\c\gpio_port.c(82): warning:  #188-D: enumerated type mixed with another type
         return 0;
..\drivers\c\gpio_port.c(453): warning:  #177-D: variable "gpioPort"  was declared but never referenced
    GPIOA_Type  *gpioPort;
..\drivers\c\gpio_port.c: 2 warnings, 0 errors
compiling main.c...
event.h(71): warning:  #1-D: last line of file ends without a newline
  #endif
graphics.h(42): warning:  #1295-D: Deprecated declaration drawGameScreenOutLineAndData - give arg types
  int drawGameScreenOutLineAndData();
graphics.h(44): warning:  #1295-D: Deprecated declaration clear - give arg types
  void clear();
graphics.h(47): warning:  #1295-D: Deprecated declaration draw - give arg types
  int draw(); 
graphics.h(50): warning:  #1-D: last line of file ends without a newline
  #endif
..\drivers\include\timers.h(55): warning:  #1295-D: Deprecated declaration reset_watchDog - give arg types
  void reset_watchDog();
main.c(236): warning:  #177-D: variable "info"  was declared but never referenced
  	char info[80];
main.c(328): warning:  #177-D: variable "startScreen"  was declared but never referenced
  		bool startScreen = true;
main.c(329): warning:  #177-D: variable "theta"  was declared but never referenced
  		float theta = 3.1419/2;
main.c(280): warning:  #177-D: variable "info"  was declared but never referenced
  	char info[80];
main.c(281): warning:  #177-D: variable "x"  was declared but never referenced
  	int x = 30 ; 
main.c(283): warning:  #177-D: variable "t"  was declared but never referenced
  	int t = 0 ;
main.c(284): warning:  #177-D: variable "theta"  was declared but never referenced
  	float theta = 3.1419/2; 
main.c: 13 warnings, 0 errors
compiling adc.c...
compiling pc_buffer.c...
compiling i2c.c...
compiling spi.c...
compiling timers.c...
..\drivers\include\timers.h(55): warning:  #1295-D: Deprecated declaration reset_watchDog - give arg types
  void reset_watchDog();
..\drivers\c\timers.c: 1 warning, 0 errors
compiling uart.c...
..\drivers\c\uart.c(184): warning:  #188-D: enumerated type mixed with another type
         return 0;
..\drivers\c\uart.c: 1 warning, 0 errors
compiling interrupts.c...
compiling io_expander.c...
..\peripherals\c\io_expander.c(65): warning:  #550-D: variable "status"  was set but never used
    i2c_status_t status;
..\peripherals\c\io_expander.c(144): warning:  #1-D: last line of file ends without a newline
  }
..\peripherals\c\io_expander.c: 2 warnings, 0 errors
compiling lcd.c...
compiling eeprom.c...
..\peripherals\c\eeprom.c(255): warning:  #940-D: missing return statement at end of non-void function "eeprom_bytes_read" 
  }
..\peripherals\c\eeprom.c(270): warning:  #940-D: missing return statement at end of non-void function "eeprom_bytes_write" 
  }
..\peripherals\c\eeprom.c: 2 warnings, 0 errors
compiling ft6x06.c...
compiling launchpad_io.c...
compiling ps2.c...
compiling serial_debug.c...
..\peripherals\c\serial_debug.c(182): warning:  #177-D: variable "uart_base"  was declared but never referenced
     uint32_t uart_base;
..\peripherals\c\serial_debug.c(183): warning:  #177-D: variable "tx_buffer"  was declared but never referenced
     PC_Buffer *tx_buffer;
..\peripherals\c\serial_debug.c: 2 warnings, 0 errors
compiling spi_select.c...
compiling image_data.c...
compiling wireless.c...
..\drivers\include\timers.h(55): warning:  #1295-D: Deprecated declaration reset_watchDog - give arg types
  void reset_watchDog();
..\peripherals\c\wireless.c(617): warning:  #111-D: statement is unreachable
  	data_flag = false; 
..\peripherals\c\wireless.c: 2 warnings, 0 errors
compiling ws2812b_ice.c...
..\peripherals\c\ws2812b_ice.c(52): warning:  #1-D: last line of file ends without a newline
  };
..\peripherals\c\ws2812b_ice.c: 1 warning, 0 errors
compiling event.c...
event.c(1): warning:  #1-D: last line of file ends without a newline
  #include "event.h"
event.h(71): warning:  #1-D: last line of file ends without a newline
  #endif
event.c: 2 warnings, 0 errors
assembling startup_TM4C123.s...
compiling graphics.c...
event.h(71): warning:  #1-D: last line of file ends without a newline
  #endif
graphics.h(42): warning:  #1295-D: Deprecated declaration drawGameScreenOutLineAndData - give arg types
  int drawGameScreenOutLineAndData();
graphics.h(44): warning:  #1295-D: Deprecated declaration clear - give arg types
  void clear();
graphics.h(47): warning:  #1295-D: Deprecated declaration draw - give arg types
  int draw(); 
graphics.h(50): warning:  #1-D: last line of file ends without a newline
  #endif
graphics.c(223): warning:  #177-D: variable "valIndex"  was declared but never referenced
  	int valIndex = 0 ; 
graphics.c(305): warning:  #177-D: variable "xPos"  was declared but never referenced
  	int xPos = controlOptionsWidth/2-10;
graphics.c(400): warning:  #188-D: enumerated type mixed with another type
  	drawCard(dealerCardOne.x, dealerCardOne.y, 1, 1, 0);
graphics.c(400): warning:  #188-D: enumerated type mixed with another type
  	drawCard(dealerCardOne.x, dealerCardOne.y, 1, 1, 0);
graphics.c(401): warning:  #188-D: enumerated type mixed with another type
  	drawCard(dealerCardTwo.x, dealerCardTwo.y, 1, 1, 3);
graphics.c(401): warning:  #188-D: enumerated type mixed with another type
  	drawCard(dealerCardTwo.x, dealerCardTwo.y, 1, 1, 3);
graphics.c(425): warning:  #188-D: enumerated type mixed with another type
  	drawCard(playerCardOne.x, playerCardOne.y, 1, 1, 0);
graphics.c(425): warning:  #188-D: enumerated type mixed with another type
  	drawCard(playerCardOne.x, playerCardOne.y, 1, 1, 0);
graphics.c(426): warning:  #188-D: enumerated type mixed with another type
  	drawCard(playerCardTwo.x, playerCardTwo.y, 1, 2, 1);
graphics.c(426): warning:  #188-D: enumerated type mixed with another type
  	drawCard(playerCardTwo.x, playerCardTwo.y, 1, 2, 1);
graphics.c(427): warning:  #188-D: enumerated type mixed with another type
  	drawCard(playerCardThree.x, playerCardThree.y, 1, 1, 3);
graphics.c(427): warning:  #188-D: enumerated type mixed with another type
  	drawCard(playerCardThree.x, playerCardThree.y, 1, 1, 3);
graphics.c(440): warning:  #177-D: variable "lineWidth"  was declared but never referenced
  	int lineWidth = 4;
graphics.c(442): warning:  #177-D: variable "controlAreaWidth"  was declared but never referenced
  	int controlAreaWidth = 50;
graphics.c(443): warning:  #177-D: variable "controlAreaHeight"  was declared but never referenced
  	int controlAreaHeight = 70;
graphics.c(446): warning:  #177-D: variable "controlColumn"  was declared but never referenced
  	int controlColumn;
graphics.c(490): warning:  #188-D: enumerated type mixed with another type
  	drawCard(
OLS/2+cos(theta)*r , 
OWS/2+sin(theta)*r, 0, 0, 3);
graphics.c(490): warning:  #188-D: enumerated type mixed with another type
  	drawCard(
OLS/2+cos(theta)*r , 
OWS/2+sin(theta)*r, 0, 0, 3);
graphics.c(493): warning:  #188-D: enumerated type mixed with another type
  	drawCard(
OLS/2+cos(theta)*r , 
OWS/2+sin(theta)*r, 0, 3, 3);
graphics.c(493): warning:  #188-D: enumerated type mixed with another type
  	drawCard(
OLS/2+cos(theta)*r , 
OWS/2+sin(theta)*r, 0, 3, 3);
graphics.c(496): warning:  #188-D: enumerated type mixed with another type
  	drawCard(
OLS/2+cos(theta)*r , 
OWS/2+sin(theta)*r, 0, 1, 3);
graphics.c(496): warning:  #188-D: enumerated type mixed with another type
  	drawCard(
OLS/2+cos(theta)*r , 
OWS/2+sin(theta)*r, 0, 1, 3);
graphics.c(499): warning:  #188-D: enumerated type mixed with another type
  	drawCard(
OLS/2+cos(theta)*r , 
OWS/2+sin(theta)*r, 0, 2, 3);
graphics.c(499): warning:  #188-D: enumerated type mixed with another type
  	drawCard(
OLS/2+cos(theta)*r , 
OWS/2+sin(theta)*r, 0, 2, 3);
graphics.c(476): warning:  #177-D: variable "y"  was declared but never referenced
  	int y = ROWS/2;
graphics.c(562): warning:  #940-D: missing return statement at end of non-void function "drawWirelessSearchScreen" 
  }
graphics.c(550): warning:  #177-D: variable "y"  was declared but never referenced
  	int y = ROWS/2;
graphics.c(573): warning:  #940-D: missing return statement at end of non-void function "drawControls" 
  }
graphics.c(592): warning:  #1035-D: single-precision operand implicitly converted to double-precision
  			theta +=0.04;
graphics.c(604): warning:  #940-D: missing return statement at end of non-void function "draw" 
  }
graphics.c: 35 warnings, 0 errors
compiling system_TM4C123.c...
linking...
Program Size: Code=20704 RO-data=2384 RW-data=172 ZI-data=4156  
".\obj\ece353_base_project.axf" - 0 Error(s), 66 Warning(s).

<h2>Software Packages used:</h2>

Package Vendor: ARM
                http://www.keil.com/pack/ARM.CMSIS.5.0.1.pack
                ARM.CMSIS.5.0.1
                CMSIS (Cortex Microcontroller Software Interface Standard)
   * Component: CORE Version: 5.0.1

Package Vendor: Keil
                http://www.keil.com/pack/Keil.TM4C_DFP.1.1.0.pack
                Keil.TM4C_DFP.1.1.0
                Texas Instruments Tiva C Series Device Support and Examples
   * Component: Startup Version: 1.0.1

<h2>Collection of Component include folders:</h2>
  .\RTE\_Blackjack
  C:\Keil_v5\ARM\PACK\ARM\CMSIS\5.0.1\CMSIS\Include
  C:\Keil_v5\ARM\PACK\Keil\TM4C_DFP\1.1.0\Device\Include\TM4C123

<h2>Collection of Component Files used:</h2>

   * Component: Keil::Device:Startup:1.0.1
      Include file:  Device\Include\TM4C123\TM4C123.h
      Source file:   Device\Source\system_TM4C123.c
      Source file:   Device\Source\ARM\startup_TM4C123.s

   * Component: ARM::CMSIS:CORE:5.0.1
Build Time Elapsed:  00:00:11
</pre>
</body>
</html>
