Component: ARM Compiler 5.06 update 5 (build 528) Tool: armlink [4d35e2]

==============================================================================

Section Cross References

    main.o(.text) refers to lcd.o(.text) for lcd_config_gpio
    main.o(.text) refers to graphics.o(.text) for clear
    lcd.o(.text) refers to gpio_port.o(.text) for gpio_enable_port
    graphics.o(.text) refers to lcd.o(.text) for lcd_clear_screen
    graphics.o(.text) refers to graphics.o(.data) for defaultBackgroundColor
    graphics.o(.text) refers to image_data.o(.constdata) for cardBorderBitmap
    startup_tm4c123.o(RESET) refers to startup_tm4c123.o(STACK) for __initial_sp
    startup_tm4c123.o(RESET) refers to startup_tm4c123.o(.text) for Reset_Handler
    startup_tm4c123.o(.text) refers to system_tm4c123.o(.text) for SystemInit
    startup_tm4c123.o(.text) refers to entry.o(.ARM.Collect$$$$00000000) for __main
    system_tm4c123.o(.text) refers to system_tm4c123.o(.data) for SystemCoreClock
    entry.o(.ARM.Collect$$$$00000000) refers (Special) to entry10a.o(.ARM.Collect$$$$0000000D) for __rt_final_cpp
    entry.o(.ARM.Collect$$$$00000000) refers (Special) to entry11a.o(.ARM.Collect$$$$0000000F) for __rt_final_exit
    entry.o(.ARM.Collect$$$$00000000) refers (Special) to entry7b.o(.ARM.Collect$$$$00000008) for _main_clock
    entry.o(.ARM.Collect$$$$00000000) refers (Special) to entry8b.o(.ARM.Collect$$$$0000000A) for _main_cpp_init
    entry.o(.ARM.Collect$$$$00000000) refers (Special) to entry9a.o(.ARM.Collect$$$$0000000B) for _main_init
    entry.o(.ARM.Collect$$$$00000000) refers (Special) to entry5.o(.ARM.Collect$$$$00000004) for _main_scatterload
    entry.o(.ARM.Collect$$$$00000000) refers (Special) to entry2.o(.ARM.Collect$$$$00000001) for _main_stk
    entry2.o(.ARM.Collect$$$$00000001) refers to entry2.o(.ARM.Collect$$$$00002712) for __lit__00000000
    entry2.o(.ARM.Collect$$$$00002712) refers to startup_tm4c123.o(STACK) for __initial_sp
    entry2.o(__vectab_stack_and_reset_area) refers to startup_tm4c123.o(STACK) for __initial_sp
    entry2.o(__vectab_stack_and_reset_area) refers to entry.o(.ARM.Collect$$$$00000000) for __main
    entry5.o(.ARM.Collect$$$$00000004) refers to init.o(.text) for __scatterload
    entry9a.o(.ARM.Collect$$$$0000000B) refers to main.o(.text) for main
    entry9b.o(.ARM.Collect$$$$0000000C) refers to main.o(.text) for main
    init.o(.text) refers to entry5.o(.ARM.Collect$$$$00000004) for __main_after_scatterload


==============================================================================

Removing Unused input sections from the image.

    Removing main.o(.rev16_text), (4 bytes).
    Removing main.o(.revsh_text), (4 bytes).
    Removing main.o(.rrx_text), (6 bytes).
    Removing gpio_port.o(.rev16_text), (4 bytes).
    Removing gpio_port.o(.revsh_text), (4 bytes).
    Removing gpio_port.o(.rrx_text), (6 bytes).
    Removing lcd.o(.rev16_text), (4 bytes).
    Removing lcd.o(.revsh_text), (4 bytes).
    Removing lcd.o(.rrx_text), (6 bytes).
    Removing graphics.o(.rev16_text), (4 bytes).
    Removing graphics.o(.revsh_text), (4 bytes).
    Removing graphics.o(.rrx_text), (6 bytes).
    Removing graphics.o(.constdata), (8 bytes).
    Removing startup_tm4c123.o(HEAP), (0 bytes).
    Removing system_tm4c123.o(.rev16_text), (4 bytes).
    Removing system_tm4c123.o(.revsh_text), (4 bytes).
    Removing system_tm4c123.o(.rrx_text), (6 bytes).

17 unused section(s) (total 78 bytes) removed from the image.

==============================================================================

Image Symbol Table

    Local Symbols

    Symbol Name                              Value     Ov Type        Size  Object(Section)

    RESET                                    0x00000000   Section      620  startup_tm4c123.o(RESET)
    ../clib/microlib/init/entry.s            0x00000000   Number         0  entry7a.o ABSOLUTE
    ../clib/microlib/init/entry.s            0x00000000   Number         0  entry2.o ABSOLUTE
    ../clib/microlib/init/entry.s            0x00000000   Number         0  entry5.o ABSOLUTE
    ../clib/microlib/init/entry.s            0x00000000   Number         0  entry11b.o ABSOLUTE
    ../clib/microlib/init/entry.s            0x00000000   Number         0  entry11a.o ABSOLUTE
    ../clib/microlib/init/entry.s            0x00000000   Number         0  entry10b.o ABSOLUTE
    ../clib/microlib/init/entry.s            0x00000000   Number         0  entry10a.o ABSOLUTE
    ../clib/microlib/init/entry.s            0x00000000   Number         0  entry9b.o ABSOLUTE
    ../clib/microlib/init/entry.s            0x00000000   Number         0  entry9a.o ABSOLUTE
    ../clib/microlib/init/entry.s            0x00000000   Number         0  entry8b.o ABSOLUTE
    ../clib/microlib/init/entry.s            0x00000000   Number         0  entry8a.o ABSOLUTE
    ../clib/microlib/init/entry.s            0x00000000   Number         0  entry.o ABSOLUTE
    ../clib/microlib/init/entry.s            0x00000000   Number         0  entry7b.o ABSOLUTE
    ..\\drivers\\c\\gpio_port.c              0x00000000   Number         0  gpio_port.o ABSOLUTE
    ..\\peripherals\\c\\lcd.c                0x00000000   Number         0  lcd.o ABSOLUTE
    ..\drivers\c\gpio_port.c                 0x00000000   Number         0  gpio_port.o ABSOLUTE
    ..\peripherals\c\lcd.c                   0x00000000   Number         0  lcd.o ABSOLUTE
    RTE\Device\TM4C123GH6PM\startup_TM4C123.s 0x00000000   Number         0  startup_tm4c123.o ABSOLUTE
    RTE\Device\TM4C123GH6PM\system_TM4C123.c 0x00000000   Number         0  system_tm4c123.o ABSOLUTE
    RTE\\Device\\TM4C123GH6PM\\system_TM4C123.c 0x00000000   Number         0  system_tm4c123.o ABSOLUTE
    dc.s                                     0x00000000   Number         0  dc.o ABSOLUTE
    graphics.c                               0x00000000   Number         0  graphics.o ABSOLUTE
    graphics.c                               0x00000000   Number         0  graphics.o ABSOLUTE
    handlers.s                               0x00000000   Number         0  handlers.o ABSOLUTE
    image_data.c                             0x00000000   Number         0  image_data.o ABSOLUTE
    init.s                                   0x00000000   Number         0  init.o ABSOLUTE
    main.c                                   0x00000000   Number         0  main.o ABSOLUTE
    main.c                                   0x00000000   Number         0  main.o ABSOLUTE
    .ARM.Collect$$$$00000000                 0x0000026c   Section        0  entry.o(.ARM.Collect$$$$00000000)
    .ARM.Collect$$$$00000001                 0x0000026c   Section        4  entry2.o(.ARM.Collect$$$$00000001)
    .ARM.Collect$$$$00000004                 0x00000270   Section        4  entry5.o(.ARM.Collect$$$$00000004)
    .ARM.Collect$$$$00000008                 0x00000274   Section        0  entry7b.o(.ARM.Collect$$$$00000008)
    .ARM.Collect$$$$0000000A                 0x00000274   Section        0  entry8b.o(.ARM.Collect$$$$0000000A)
    .ARM.Collect$$$$0000000B                 0x00000274   Section        8  entry9a.o(.ARM.Collect$$$$0000000B)
    .ARM.Collect$$$$0000000D                 0x0000027c   Section        0  entry10a.o(.ARM.Collect$$$$0000000D)
    .ARM.Collect$$$$0000000F                 0x0000027c   Section        0  entry11a.o(.ARM.Collect$$$$0000000F)
    .ARM.Collect$$$$00002712                 0x0000027c   Section        4  entry2.o(.ARM.Collect$$$$00002712)
    __lit__00000000                          0x0000027c   Data           4  entry2.o(.ARM.Collect$$$$00002712)
    .text                                    0x00000280   Section        0  main.o(.text)
    .text                                    0x00000364   Section        0  gpio_port.o(.text)
    verify_base_addr                         0x00000365   Thumb Code    64  gpio_port.o(.text)
    .text                                    0x000005cc   Section        0  lcd.o(.text)
    delayms                                  0x000005cd   Thumb Code    26  lcd.o(.text)
    lcd_write_cmd_u8                         0x000005e7   Thumb Code    34  lcd.o(.text)
    lcd_write_data_u8                        0x00000609   Thumb Code    36  lcd.o(.text)
    lcd_write_data_u16                       0x0000062d   Thumb Code    60  lcd.o(.text)
    .text                                    0x00000bb8   Section        0  graphics.o(.text)
    .text                                    0x00000ddc   Section      252  startup_tm4c123.o(.text)
    $v0                                      0x00000ddc   Number         0  startup_tm4c123.o(.text)
    .text                                    0x00000ed8   Section        0  system_tm4c123.o(.text)
    getOscClk                                0x00000ed9   Thumb Code   182  system_tm4c123.o(.text)
    .text                                    0x00001128   Section       36  init.o(.text)
    i.__scatterload_copy                     0x0000114c   Section       14  handlers.o(i.__scatterload_copy)
    i.__scatterload_null                     0x0000115a   Section        2  handlers.o(i.__scatterload_null)
    i.__scatterload_zeroinit                 0x0000115c   Section       14  handlers.o(i.__scatterload_zeroinit)
    .constdata                               0x0000116c   Section      852  image_data.o(.constdata)
    .data                                    0x20000000   Section        4  graphics.o(.data)
    .data                                    0x20000004   Section        4  system_tm4c123.o(.data)
    STACK                                    0x20000008   Section     4096  startup_tm4c123.o(STACK)

    Global Symbols

    Symbol Name                              Value     Ov Type        Size  Object(Section)

    BuildAttributes$$THM_ISAv4$E$P$D$K$B$S$7EM$VFPi3$EXTD16$VFPS$VFMA$PE$A:L22UL41UL21$X:L11$S22US41US21$IEEE1$IW$USESV6$~STKCKD$USESV7$~SHL$OSPACE$EBA8$MICROLIB$REQ8$PRES8$EABIv2 0x00000000   Number         0  anon$$obj.o ABSOLUTE
    __ARM_use_no_argv                        0x00000000   Number         0  main.o ABSOLUTE
    __Vectors                                0x00000000   Data           4  startup_tm4c123.o(RESET)
    __cpp_initialize__aeabi_                  - Undefined Weak Reference
    __cxa_finalize                            - Undefined Weak Reference
    __decompress                              - Undefined Weak Reference
    _clock_init                               - Undefined Weak Reference
    _microlib_exit                            - Undefined Weak Reference
    __Vectors_End                            0x0000026c   Data           0  startup_tm4c123.o(RESET)
    __Vectors_Size                           0x0000026c   Number         0  startup_tm4c123.o ABSOLUTE
    __main                                   0x0000026d   Thumb Code     0  entry.o(.ARM.Collect$$$$00000000)
    _main_stk                                0x0000026d   Thumb Code     0  entry2.o(.ARM.Collect$$$$00000001)
    _main_scatterload                        0x00000271   Thumb Code     0  entry5.o(.ARM.Collect$$$$00000004)
    __main_after_scatterload                 0x00000275   Thumb Code     0  entry5.o(.ARM.Collect$$$$00000004)
    _main_clock                              0x00000275   Thumb Code     0  entry7b.o(.ARM.Collect$$$$00000008)
    _main_cpp_init                           0x00000275   Thumb Code     0  entry8b.o(.ARM.Collect$$$$0000000A)
    _main_init                               0x00000275   Thumb Code     0  entry9a.o(.ARM.Collect$$$$0000000B)
    __rt_final_cpp                           0x0000027d   Thumb Code     0  entry10a.o(.ARM.Collect$$$$0000000D)
    __rt_final_exit                          0x0000027d   Thumb Code     0  entry11a.o(.ARM.Collect$$$$0000000F)
    main                                     0x00000281   Thumb Code   224  main.o(.text)
    gpio_get_irq_num                         0x000003a5   Thumb Code    74  gpio_port.o(.text)
    gpio_enable_port                         0x000003ef   Thumb Code   156  gpio_port.o(.text)
    gpio_config_digital_enable               0x0000048b   Thumb Code    34  gpio_port.o(.text)
    gpio_config_enable_output                0x000004ad   Thumb Code    34  gpio_port.o(.text)
    gpio_config_enable_input                 0x000004cf   Thumb Code    34  gpio_port.o(.text)
    gpio_config_enable_pullup                0x000004f1   Thumb Code    34  gpio_port.o(.text)
    gpio_config_enable_pulldown              0x00000513   Thumb Code    34  gpio_port.o(.text)
    gpio_config_analog_enable                0x00000535   Thumb Code    34  gpio_port.o(.text)
    gpio_config_alternate_function           0x00000557   Thumb Code    34  gpio_port.o(.text)
    gpio_config_port_control                 0x00000579   Thumb Code    40  gpio_port.o(.text)
    gpio_config_open_drain                   0x000005a1   Thumb Code     6  gpio_port.o(.text)
    gpio_config_falling_edge_irq             0x000005a7   Thumb Code     6  gpio_port.o(.text)
    lcd_set_pos                              0x00000669   Thumb Code    58  lcd.o(.text)
    lcd_clear_screen                         0x000006a3   Thumb Code    52  lcd.o(.text)
    lcd_draw_image                           0x000006d7   Thumb Code   242  lcd.o(.text)
    lcd_config_gpio                          0x000007c9   Thumb Code   222  lcd.o(.text)
    lcd_config_screen                        0x000008a7   Thumb Code   572  lcd.o(.text)
    lcd_draw_color_image                     0x00000ae3   Thumb Code    90  lcd.o(.text)
    lcd_draw_rectangle_centered              0x00000b3d   Thumb Code   118  lcd.o(.text)
    clear                                    0x00000bb9   Thumb Code    12  graphics.o(.text)
    drawTen                                  0x00000bc5   Thumb Code   198  graphics.o(.text)
    drawCard                                 0x00000c8b   Thumb Code   298  graphics.o(.text)
    Reset_Handler                            0x00000ddd   Thumb Code     8  startup_tm4c123.o(.text)
    NMI_Handler                              0x00000de5   Thumb Code     2  startup_tm4c123.o(.text)
    HardFault_Handler                        0x00000de7   Thumb Code     2  startup_tm4c123.o(.text)
    MemManage_Handler                        0x00000de9   Thumb Code     2  startup_tm4c123.o(.text)
    BusFault_Handler                         0x00000deb   Thumb Code     2  startup_tm4c123.o(.text)
    UsageFault_Handler                       0x00000ded   Thumb Code     2  startup_tm4c123.o(.text)
    SVC_Handler                              0x00000def   Thumb Code     2  startup_tm4c123.o(.text)
    DebugMon_Handler                         0x00000df1   Thumb Code     2  startup_tm4c123.o(.text)
    PendSV_Handler                           0x00000df3   Thumb Code     2  startup_tm4c123.o(.text)
    SysTick_Handler                          0x00000df5   Thumb Code     2  startup_tm4c123.o(.text)
    GPIOA_Handler                            0x00000df7   Thumb Code     2  startup_tm4c123.o(.text)
    GPIOB_Handler                            0x00000df9   Thumb Code     2  startup_tm4c123.o(.text)
    GPIOC_Handler                            0x00000dfb   Thumb Code     2  startup_tm4c123.o(.text)
    GPIOD_Handler                            0x00000dfd   Thumb Code     2  startup_tm4c123.o(.text)
    GPIOE_Handler                            0x00000dff   Thumb Code     2  startup_tm4c123.o(.text)
    UART0_Handler                            0x00000e01   Thumb Code     2  startup_tm4c123.o(.text)
    UART1_Handler                            0x00000e03   Thumb Code     2  startup_tm4c123.o(.text)
    SSI0_Handler                             0x00000e05   Thumb Code     2  startup_tm4c123.o(.text)
    I2C0_Handler                             0x00000e07   Thumb Code     2  startup_tm4c123.o(.text)
    PMW0_FAULT_Handler                       0x00000e09   Thumb Code     2  startup_tm4c123.o(.text)
    PWM0_0_Handler                           0x00000e0b   Thumb Code     2  startup_tm4c123.o(.text)
    PWM0_1_Handler                           0x00000e0d   Thumb Code     2  startup_tm4c123.o(.text)
    PWM0_2_Handler                           0x00000e0f   Thumb Code     2  startup_tm4c123.o(.text)
    QEI0_Handler                             0x00000e11   Thumb Code     2  startup_tm4c123.o(.text)
    ADC0SS0_Handler                          0x00000e13   Thumb Code     2  startup_tm4c123.o(.text)
    ADC0SS1_Handler                          0x00000e15   Thumb Code     2  startup_tm4c123.o(.text)
    ADC0SS2_Handler                          0x00000e17   Thumb Code     2  startup_tm4c123.o(.text)
    ADC0SS3_Handler                          0x00000e19   Thumb Code     2  startup_tm4c123.o(.text)
    WDT0_Handler                             0x00000e1b   Thumb Code     2  startup_tm4c123.o(.text)
    TIMER0A_Handler                          0x00000e1d   Thumb Code     2  startup_tm4c123.o(.text)
    TIMER0B_Handler                          0x00000e1f   Thumb Code     2  startup_tm4c123.o(.text)
    TIMER1A_Handler                          0x00000e21   Thumb Code     2  startup_tm4c123.o(.text)
    TIMER1B_Handler                          0x00000e23   Thumb Code     2  startup_tm4c123.o(.text)
    TIMER2A_Handler                          0x00000e25   Thumb Code     2  startup_tm4c123.o(.text)
    TIMER2B_Handler                          0x00000e27   Thumb Code     2  startup_tm4c123.o(.text)
    COMP0_Handler                            0x00000e29   Thumb Code     2  startup_tm4c123.o(.text)
    COMP1_Handler                            0x00000e2b   Thumb Code     2  startup_tm4c123.o(.text)
    COMP2_Handler                            0x00000e2d   Thumb Code     2  startup_tm4c123.o(.text)
    SYSCTL_Handler                           0x00000e2f   Thumb Code     2  startup_tm4c123.o(.text)
    FLASH_Handler                            0x00000e31   Thumb Code     2  startup_tm4c123.o(.text)
    GPIOF_Handler                            0x00000e33   Thumb Code     2  startup_tm4c123.o(.text)
    GPIOG_Handler                            0x00000e35   Thumb Code     2  startup_tm4c123.o(.text)
    GPIOH_Handler                            0x00000e37   Thumb Code     2  startup_tm4c123.o(.text)
    UART2_Handler                            0x00000e39   Thumb Code     2  startup_tm4c123.o(.text)
    SSI1_Handler                             0x00000e3b   Thumb Code     2  startup_tm4c123.o(.text)
    TIMER3A_Handler                          0x00000e3d   Thumb Code     2  startup_tm4c123.o(.text)
    TIMER3B_Handler                          0x00000e3f   Thumb Code     2  startup_tm4c123.o(.text)
    I2C1_Handler                             0x00000e41   Thumb Code     2  startup_tm4c123.o(.text)
    QEI1_Handler                             0x00000e43   Thumb Code     2  startup_tm4c123.o(.text)
    CAN0_Handler                             0x00000e45   Thumb Code     2  startup_tm4c123.o(.text)
    CAN1_Handler                             0x00000e47   Thumb Code     2  startup_tm4c123.o(.text)
    CAN2_Handler                             0x00000e49   Thumb Code     2  startup_tm4c123.o(.text)
    HIB_Handler                              0x00000e4b   Thumb Code     2  startup_tm4c123.o(.text)
    USB0_Handler                             0x00000e4d   Thumb Code     2  startup_tm4c123.o(.text)
    PWM0_3_Handler                           0x00000e4f   Thumb Code     2  startup_tm4c123.o(.text)
    UDMA_Handler                             0x00000e51   Thumb Code     2  startup_tm4c123.o(.text)
    UDMAERR_Handler                          0x00000e53   Thumb Code     2  startup_tm4c123.o(.text)
    ADC1SS0_Handler                          0x00000e55   Thumb Code     2  startup_tm4c123.o(.text)
    ADC1SS1_Handler                          0x00000e57   Thumb Code     2  startup_tm4c123.o(.text)
    ADC1SS2_Handler                          0x00000e59   Thumb Code     2  startup_tm4c123.o(.text)
    ADC1SS3_Handler                          0x00000e5b   Thumb Code     2  startup_tm4c123.o(.text)
    GPIOJ_Handler                            0x00000e5d   Thumb Code     2  startup_tm4c123.o(.text)
    GPIOK_Handler                            0x00000e5f   Thumb Code     2  startup_tm4c123.o(.text)
    GPIOL_Handler                            0x00000e61   Thumb Code     2  startup_tm4c123.o(.text)
    SSI2_Handler                             0x00000e63   Thumb Code     2  startup_tm4c123.o(.text)
    SSI3_Handler                             0x00000e65   Thumb Code     2  startup_tm4c123.o(.text)
    UART3_Handler                            0x00000e67   Thumb Code     2  startup_tm4c123.o(.text)
    UART4_Handler                            0x00000e69   Thumb Code     2  startup_tm4c123.o(.text)
    UART5_Handler                            0x00000e6b   Thumb Code     2  startup_tm4c123.o(.text)
    UART6_Handler                            0x00000e6d   Thumb Code     2  startup_tm4c123.o(.text)
    UART7_Handler                            0x00000e6f   Thumb Code     2  startup_tm4c123.o(.text)
    I2C2_Handler                             0x00000e71   Thumb Code     2  startup_tm4c123.o(.text)
    I2C3_Handler                             0x00000e73   Thumb Code     2  startup_tm4c123.o(.text)
    TIMER4A_Handler                          0x00000e75   Thumb Code     2  startup_tm4c123.o(.text)
    TIMER4B_Handler                          0x00000e77   Thumb Code     2  startup_tm4c123.o(.text)
    TIMER5A_Handler                          0x00000e79   Thumb Code     2  startup_tm4c123.o(.text)
    TIMER5B_Handler                          0x00000e7b   Thumb Code     2  startup_tm4c123.o(.text)
    WTIMER0A_Handler                         0x00000e7d   Thumb Code     2  startup_tm4c123.o(.text)
    WTIMER0B_Handler                         0x00000e7f   Thumb Code     2  startup_tm4c123.o(.text)
    WTIMER1A_Handler                         0x00000e81   Thumb Code     2  startup_tm4c123.o(.text)
    WTIMER1B_Handler                         0x00000e83   Thumb Code     2  startup_tm4c123.o(.text)
    WTIMER2A_Handler                         0x00000e85   Thumb Code     2  startup_tm4c123.o(.text)
    WTIMER2B_Handler                         0x00000e87   Thumb Code     2  startup_tm4c123.o(.text)
    WTIMER3A_Handler                         0x00000e89   Thumb Code     2  startup_tm4c123.o(.text)
    WTIMER3B_Handler                         0x00000e8b   Thumb Code     2  startup_tm4c123.o(.text)
    WTIMER4A_Handler                         0x00000e8d   Thumb Code     2  startup_tm4c123.o(.text)
    WTIMER4B_Handler                         0x00000e8f   Thumb Code     2  startup_tm4c123.o(.text)
    WTIMER5A_Handler                         0x00000e91   Thumb Code     2  startup_tm4c123.o(.text)
    WTIMER5B_Handler                         0x00000e93   Thumb Code     2  startup_tm4c123.o(.text)
    FPU_Handler                              0x00000e95   Thumb Code     2  startup_tm4c123.o(.text)
    I2C4_Handler                             0x00000e97   Thumb Code     2  startup_tm4c123.o(.text)
    I2C5_Handler                             0x00000e99   Thumb Code     2  startup_tm4c123.o(.text)
    GPIOM_Handler                            0x00000e9b   Thumb Code     2  startup_tm4c123.o(.text)
    GPION_Handler                            0x00000e9d   Thumb Code     2  startup_tm4c123.o(.text)
    QEI2_Handler                             0x00000e9f   Thumb Code     2  startup_tm4c123.o(.text)
    GPIOP0_Handler                           0x00000ea1   Thumb Code     2  startup_tm4c123.o(.text)
    GPIOP1_Handler                           0x00000ea3   Thumb Code     2  startup_tm4c123.o(.text)
    GPIOP2_Handler                           0x00000ea5   Thumb Code     2  startup_tm4c123.o(.text)
    GPIOP3_Handler                           0x00000ea7   Thumb Code     2  startup_tm4c123.o(.text)
    GPIOP4_Handler                           0x00000ea9   Thumb Code     2  startup_tm4c123.o(.text)
    GPIOP5_Handler                           0x00000eab   Thumb Code     2  startup_tm4c123.o(.text)
    GPIOP6_Handler                           0x00000ead   Thumb Code     2  startup_tm4c123.o(.text)
    GPIOP7_Handler                           0x00000eaf   Thumb Code     2  startup_tm4c123.o(.text)
    GPIOQ0_Handler                           0x00000eb1   Thumb Code     2  startup_tm4c123.o(.text)
    GPIOQ1_Handler                           0x00000eb3   Thumb Code     2  startup_tm4c123.o(.text)
    GPIOQ2_Handler                           0x00000eb5   Thumb Code     2  startup_tm4c123.o(.text)
    GPIOQ3_Handler                           0x00000eb7   Thumb Code     2  startup_tm4c123.o(.text)
    GPIOQ4_Handler                           0x00000eb9   Thumb Code     2  startup_tm4c123.o(.text)
    GPIOQ5_Handler                           0x00000ebb   Thumb Code     2  startup_tm4c123.o(.text)
    GPIOQ6_Handler                           0x00000ebd   Thumb Code     2  startup_tm4c123.o(.text)
    GPIOQ7_Handler                           0x00000ebf   Thumb Code     2  startup_tm4c123.o(.text)
    GPIOR_Handler                            0x00000ec1   Thumb Code     2  startup_tm4c123.o(.text)
    GPIOS_Handler                            0x00000ec3   Thumb Code     2  startup_tm4c123.o(.text)
    PMW1_0_Handler                           0x00000ec5   Thumb Code     2  startup_tm4c123.o(.text)
    PWM1_1_Handler                           0x00000ec7   Thumb Code     2  startup_tm4c123.o(.text)
    PWM1_2_Handler                           0x00000ec9   Thumb Code     2  startup_tm4c123.o(.text)
    PWM1_3_Handler                           0x00000ecb   Thumb Code     2  startup_tm4c123.o(.text)
    PWM1_FAULT_Handler                       0x00000ecd   Thumb Code     2  startup_tm4c123.o(.text)
    SystemCoreClockUpdate                    0x00000f8f   Thumb Code   184  system_tm4c123.o(.text)
    SystemInit                               0x00001047   Thumb Code   112  system_tm4c123.o(.text)
    __scatterload                            0x00001129   Thumb Code    28  init.o(.text)
    __scatterload_rt2                        0x00001129   Thumb Code     0  init.o(.text)
    __scatterload_copy                       0x0000114d   Thumb Code    14  handlers.o(i.__scatterload_copy)
    __scatterload_null                       0x0000115b   Thumb Code     2  handlers.o(i.__scatterload_null)
    __scatterload_zeroinit                   0x0000115d   Thumb Code    14  handlers.o(i.__scatterload_zeroinit)
    calibri_10ptBitmap                       0x0000116c   Data         126  image_data.o(.constdata)
    calibri_10ptDescriptors                  0x000011ec   Data         112  image_data.o(.constdata)
    spadeBitmap                              0x0000125c   Data          30  image_data.o(.constdata)
    spadeWidthPages                          0x0000127a   Data           1  image_data.o(.constdata)
    spadeHeightPixels                        0x0000127b   Data           1  image_data.o(.constdata)
    heartBitmap                              0x0000127c   Data          30  image_data.o(.constdata)
    heartWidthPages                          0x0000129a   Data           1  image_data.o(.constdata)
    heartHeightPixels                        0x0000129b   Data           1  image_data.o(.constdata)
    diamondBitmap                            0x0000129c   Data          30  image_data.o(.constdata)
    diamondWidthPages                        0x000012ba   Data           1  image_data.o(.constdata)
    diamondHeightPixels                      0x000012bb   Data           1  image_data.o(.constdata)
    clubBitmap                               0x000012bc   Data          30  image_data.o(.constdata)
    clubWidthPages                           0x000012da   Data           1  image_data.o(.constdata)
    clubHeightPixels                         0x000012db   Data           1  image_data.o(.constdata)
    cardBackBitmap                           0x000012dc   Data         240  image_data.o(.constdata)
    cardBackWidthPages                       0x000013cc   Data           1  image_data.o(.constdata)
    cardBackHeightPixels                     0x000013cd   Data           1  image_data.o(.constdata)
    cardBorderBitmap                         0x000013ce   Data         240  image_data.o(.constdata)
    cardBorderWidthPages                     0x000014be   Data           1  image_data.o(.constdata)
    cardBorderHeightPixels                   0x000014bf   Data           1  image_data.o(.constdata)
    Region$$Table$$Base                      0x000014c0   Number         0  anon$$obj.o(Region$$Table)
    Region$$Table$$Limit                     0x000014e0   Number         0  anon$$obj.o(Region$$Table)
    defaultColor                             0x20000000   Data           2  graphics.o(.data)
    defaultBackgroundColor                   0x20000002   Data           2  graphics.o(.data)
    SystemCoreClock                          0x20000004   Data           4  system_tm4c123.o(.data)
    __initial_sp                             0x20001008   Data           0  startup_tm4c123.o(STACK)



==============================================================================

Memory Map of the image

  Image Entry point : 0x00000ddd

  Load Region LR_1 (Base: 0x00000000, Size: 0x000014e8, Max: 0xffffffff, ABSOLUTE)

    Execution Region ER_RO (Exec base: 0x00000000, Load base: 0x00000000, Size: 0x000014e0, Max: 0xffffffff, ABSOLUTE)

    Exec Addr    Load Addr    Size         Type   Attr      Idx    E Section Name        Object

    0x00000000   0x00000000   0x0000026c   Data   RO          173    RESET               startup_tm4c123.o
    0x0000026c   0x0000026c   0x00000000   Code   RO          208  * .ARM.Collect$$$$00000000  mc_w.l(entry.o)
    0x0000026c   0x0000026c   0x00000004   Code   RO          211    .ARM.Collect$$$$00000001  mc_w.l(entry2.o)
    0x00000270   0x00000270   0x00000004   Code   RO          214    .ARM.Collect$$$$00000004  mc_w.l(entry5.o)
    0x00000274   0x00000274   0x00000000   Code   RO          216    .ARM.Collect$$$$00000008  mc_w.l(entry7b.o)
    0x00000274   0x00000274   0x00000000   Code   RO          218    .ARM.Collect$$$$0000000A  mc_w.l(entry8b.o)
    0x00000274   0x00000274   0x00000008   Code   RO          219    .ARM.Collect$$$$0000000B  mc_w.l(entry9a.o)
    0x0000027c   0x0000027c   0x00000000   Code   RO          221    .ARM.Collect$$$$0000000D  mc_w.l(entry10a.o)
    0x0000027c   0x0000027c   0x00000000   Code   RO          223    .ARM.Collect$$$$0000000F  mc_w.l(entry11a.o)
    0x0000027c   0x0000027c   0x00000004   Code   RO          212    .ARM.Collect$$$$00002712  mc_w.l(entry2.o)
    0x00000280   0x00000280   0x000000e4   Code   RO            4    .text               main.o
    0x00000364   0x00000364   0x00000268   Code   RO           86    .text               gpio_port.o
    0x000005cc   0x000005cc   0x000005ec   Code   RO          110    .text               lcd.o
    0x00000bb8   0x00000bb8   0x00000224   Code   RO          146    .text               graphics.o
    0x00000ddc   0x00000ddc   0x000000fc   Code   RO          174  * .text               startup_tm4c123.o
    0x00000ed8   0x00000ed8   0x00000250   Code   RO          181    .text               system_tm4c123.o
    0x00001128   0x00001128   0x00000024   Code   RO          225    .text               mc_w.l(init.o)
    0x0000114c   0x0000114c   0x0000000e   Code   RO          229    i.__scatterload_copy  mc_w.l(handlers.o)
    0x0000115a   0x0000115a   0x00000002   Code   RO          230    i.__scatterload_null  mc_w.l(handlers.o)
    0x0000115c   0x0000115c   0x0000000e   Code   RO          231    i.__scatterload_zeroinit  mc_w.l(handlers.o)
    0x0000116a   0x0000116a   0x00000002   PAD
    0x0000116c   0x0000116c   0x00000354   Data   RO          131    .constdata          image_data.o
    0x000014c0   0x000014c0   0x00000020   Data   RO          227    Region$$Table       anon$$obj.o


    Execution Region ER_RW (Exec base: 0x20000000, Load base: 0x000014e0, Size: 0x00000008, Max: 0xffffffff, ABSOLUTE)

    Exec Addr    Load Addr    Size         Type   Attr      Idx    E Section Name        Object

    0x20000000   0x000014e0   0x00000004   Data   RW          148    .data               graphics.o
    0x20000004   0x000014e4   0x00000004   Data   RW          182    .data               system_tm4c123.o


    Execution Region ER_ZI (Exec base: 0x20000008, Load base: 0x000014e8, Size: 0x00001000, Max: 0xffffffff, ABSOLUTE)

    Exec Addr    Load Addr    Size         Type   Attr      Idx    E Section Name        Object

    0x20000008        -       0x00001000   Zero   RW          171    STACK               startup_tm4c123.o


==============================================================================

Image component sizes


      Code (inc. data)   RO Data    RW Data    ZI Data      Debug   Object Name

       616         32          0          0          0       5030   gpio_port.o
       548         40          0          4          0       2141   graphics.o
         0          0        852          0          0       1584   image_data.o
      1516         28          0          0          0       4257   lcd.o
       228          4          0          0          0      27867   main.o
       252         10        620          0       4096       5436   startup_tm4c123.o
       592        138          0          4          0       1541   system_tm4c123.o

    ----------------------------------------------------------------------
      3752        252       1504          8       4096      47856   Object Totals
         0          0         32          0          0          0   (incl. Generated)
         0          0          0          0          0          0   (incl. Padding)

    ----------------------------------------------------------------------

      Code (inc. data)   RO Data    RW Data    ZI Data      Debug   Library Member Name

         0          0          0          0          0          0   entry.o
         0          0          0          0          0          0   entry10a.o
         0          0          0          0          0          0   entry11a.o
         8          4          0          0          0          0   entry2.o
         4          0          0          0          0          0   entry5.o
         0          0          0          0          0          0   entry7b.o
         0          0          0          0          0          0   entry8b.o
         8          4          0          0          0          0   entry9a.o
        30          0          0          0          0          0   handlers.o
        36          8          0          0          0         68   init.o

    ----------------------------------------------------------------------
        88         16          0          0          0         68   Library Totals
         2          0          0          0          0          0   (incl. Padding)

    ----------------------------------------------------------------------

      Code (inc. data)   RO Data    RW Data    ZI Data      Debug   Library Name

        86         16          0          0          0         68   mc_w.l

    ----------------------------------------------------------------------
        88         16          0          0          0         68   Library Totals

    ----------------------------------------------------------------------

==============================================================================


      Code (inc. data)   RO Data    RW Data    ZI Data      Debug   

      3840        268       1504          8       4096      47628   Grand Totals
      3840        268       1504          8       4096      47628   ELF Image Totals
      3840        268       1504          8          0          0   ROM Totals

==============================================================================

    Total RO  Size (Code + RO Data)                 5344 (   5.22kB)
    Total RW  Size (RW Data + ZI Data)              4104 (   4.01kB)
    Total ROM Size (Code + RO Data + RW Data)       5352 (   5.23kB)

==============================================================================

