Component: ARM Compiler 5.06 update 5 (build 528) Tool: armlink [4d35e2]

==============================================================================

Section Cross References

    main.o(.text) refers to hw3_lib.o(.text) for ece353_hw3_init_serial
    main.o(.text) refers to validate_uart.o(.text) for put_string
    main.o(.text) refers to printf6.o(i.__0sprintf$6) for __2sprintf
    main.o(.text) refers to tic_tac_toe.o(.text) for tic_tac_toe_hw_init
    main.o(.text) refers to board_setup.o(.text) for validate_hw3
    main.o(.text) refers to ps2.o(.text) for ps2_get_x
    main.o(.text) refers to tic_tac_toe.o(.data) for individual_1
    tic_tac_toe.o(.text) refers to gpio_port.o(.text) for gpio_enable_port
    tic_tac_toe.o(.text) refers to ps2.o(.text) for ps2_initialize
    tic_tac_toe.o(.text) refers to timers.o(.text) for gp_timer_config_32
    tic_tac_toe.o(.text) refers to lcd.o(.text) for lcd_config_gpio
    tic_tac_toe.o(.text) refers to tic_tac_toe.o(.data) for gp_timer
    tic_tac_toe.o(.text) refers to tic_tac_toe.o(.bss) for board
    tic_tac_toe.o(.text) refers to tic_tac_toe_images.o(.constdata) for Bitmaps_X
    lcd.o(.text) refers to gpio_port.o(.text) for gpio_enable_port
    ps2.o(.text) refers to gpio_port.o(.text) for gpio_enable_port
    ps2.o(.text) refers to tic_tac_toe.o(.data) for X_Val
    startup_tm4c123.o(RESET) refers to startup_tm4c123.o(STACK) for __initial_sp
    startup_tm4c123.o(RESET) refers to startup_tm4c123.o(.text) for Reset_Handler
    startup_tm4c123.o(RESET) refers to tic_tac_toe.o(.text) for ADC0SS2_Handler
    startup_tm4c123.o(.text) refers to system_tm4c123.o(.text) for SystemInit
    startup_tm4c123.o(.text) refers to entry.o(.ARM.Collect$$$$00000000) for __main
    system_tm4c123.o(.text) refers to system_tm4c123.o(.data) for SystemCoreClock
    board_setup.o(.text) refers to tic_tac_toe.o(.text) for tic_tac_toe_update_game_board
    board_setup.o(.text) refers to printf6.o(i.__0sprintf$6) for __2sprintf
    board_setup.o(.text) refers to validate_uart.o(.text) for put_string
    board_setup.o(.text) refers to memcpya.o(.text) for __aeabi_memcpy4
    board_setup.o(.text) refers to hw3_lib.o(.text) for ece353_hw3_lcd_O_wins
    board_setup.o(.text) refers to board_setup.o(.constdata) for MoveText
    board_setup.o(.constdata) refers to board_setup.o(.conststring) for .conststring
    validate_uart.o(.text) refers to printf6.o(i.__0sprintf$6) for __2sprintf
    validate_uart.o(.text) refers to validate_sysctl.o(.text) for validate_uart_rcgc
    validate_uart.o(.text) refers to validate_uart.o(.conststring) for .conststring
    hw3_lib.o(.text) refers to lcd.o(.text) for lcd_draw_image
    hw3_lib.o(.text) refers to hw3_lib.o(.constdata) for button_owinsBitmaps
    entry.o(.ARM.Collect$$$$00000000) refers (Special) to entry10a.o(.ARM.Collect$$$$0000000D) for __rt_final_cpp
    entry.o(.ARM.Collect$$$$00000000) refers (Special) to entry11a.o(.ARM.Collect$$$$0000000F) for __rt_final_exit
    entry.o(.ARM.Collect$$$$00000000) refers (Special) to entry7b.o(.ARM.Collect$$$$00000008) for _main_clock
    entry.o(.ARM.Collect$$$$00000000) refers (Special) to entry8b.o(.ARM.Collect$$$$0000000A) for _main_cpp_init
    entry.o(.ARM.Collect$$$$00000000) refers (Special) to entry9a.o(.ARM.Collect$$$$0000000B) for _main_init
    entry.o(.ARM.Collect$$$$00000000) refers (Special) to entry5.o(.ARM.Collect$$$$00000004) for _main_scatterload
    entry.o(.ARM.Collect$$$$00000000) refers (Special) to entry2.o(.ARM.Collect$$$$00000001) for _main_stk
    printfb.o(i.__0fprintf$bare) refers to printfb.o(i._printf_core) for _printf_core
    printfb.o(i.__0fprintf$bare) refers to fputc.o(i.fputc) for fputc
    printfb.o(i.__0printf$bare) refers to printfb.o(i._printf_core) for _printf_core
    printfb.o(i.__0printf$bare) refers to fputc.o(i.fputc) for fputc
    printfb.o(i.__0printf$bare) refers to stdout.o(.data) for __stdout
    printfb.o(i.__0snprintf$bare) refers to printfb.o(i._printf_core) for _printf_core
    printfb.o(i.__0snprintf$bare) refers to printfb.o(i._snputc) for _snputc
    printfb.o(i.__0sprintf$bare) refers to printfb.o(i._printf_core) for _printf_core
    printfb.o(i.__0sprintf$bare) refers to printfb.o(i._sputc) for _sputc
    printfb.o(i.__0vfprintf$bare) refers to printfb.o(i._printf_core) for _printf_core
    printfb.o(i.__0vfprintf$bare) refers to fputc.o(i.fputc) for fputc
    printfb.o(i.__0vprintf$bare) refers to printfb.o(i._printf_core) for _printf_core
    printfb.o(i.__0vprintf$bare) refers to fputc.o(i.fputc) for fputc
    printfb.o(i.__0vprintf$bare) refers to stdout.o(.data) for __stdout
    printfb.o(i.__0vsnprintf$bare) refers to printfb.o(i._printf_core) for _printf_core
    printfb.o(i.__0vsnprintf$bare) refers to printfb.o(i._snputc) for _snputc
    printfb.o(i.__0vsprintf$bare) refers to printfb.o(i._printf_core) for _printf_core
    printfb.o(i.__0vsprintf$bare) refers to printfb.o(i._sputc) for _sputc
    printf0.o(i.__0fprintf$0) refers to printf0.o(i._printf_core) for _printf_core
    printf0.o(i.__0fprintf$0) refers to fputc.o(i.fputc) for fputc
    printf0.o(i.__0printf$0) refers to printf0.o(i._printf_core) for _printf_core
    printf0.o(i.__0printf$0) refers to fputc.o(i.fputc) for fputc
    printf0.o(i.__0printf$0) refers to stdout.o(.data) for __stdout
    printf0.o(i.__0snprintf$0) refers to printf0.o(i._printf_core) for _printf_core
    printf0.o(i.__0snprintf$0) refers to printf0.o(i._snputc) for _snputc
    printf0.o(i.__0sprintf$0) refers to printf0.o(i._printf_core) for _printf_core
    printf0.o(i.__0sprintf$0) refers to printf0.o(i._sputc) for _sputc
    printf0.o(i.__0vfprintf$0) refers to printf0.o(i._printf_core) for _printf_core
    printf0.o(i.__0vfprintf$0) refers to fputc.o(i.fputc) for fputc
    printf0.o(i.__0vprintf$0) refers to printf0.o(i._printf_core) for _printf_core
    printf0.o(i.__0vprintf$0) refers to fputc.o(i.fputc) for fputc
    printf0.o(i.__0vprintf$0) refers to stdout.o(.data) for __stdout
    printf0.o(i.__0vsnprintf$0) refers to printf0.o(i._printf_core) for _printf_core
    printf0.o(i.__0vsnprintf$0) refers to printf0.o(i._snputc) for _snputc
    printf0.o(i.__0vsprintf$0) refers to printf0.o(i._printf_core) for _printf_core
    printf0.o(i.__0vsprintf$0) refers to printf0.o(i._sputc) for _sputc
    printf1.o(i.__0fprintf$1) refers to printf1.o(i._printf_core) for _printf_core
    printf1.o(i.__0fprintf$1) refers to fputc.o(i.fputc) for fputc
    printf1.o(i.__0printf$1) refers to printf1.o(i._printf_core) for _printf_core
    printf1.o(i.__0printf$1) refers to fputc.o(i.fputc) for fputc
    printf1.o(i.__0printf$1) refers to stdout.o(.data) for __stdout
    printf1.o(i.__0snprintf$1) refers to printf1.o(i._printf_core) for _printf_core
    printf1.o(i.__0snprintf$1) refers to printf1.o(i._snputc) for _snputc
    printf1.o(i.__0sprintf$1) refers to printf1.o(i._printf_core) for _printf_core
    printf1.o(i.__0sprintf$1) refers to printf1.o(i._sputc) for _sputc
    printf1.o(i.__0vfprintf$1) refers to printf1.o(i._printf_core) for _printf_core
    printf1.o(i.__0vfprintf$1) refers to fputc.o(i.fputc) for fputc
    printf1.o(i.__0vprintf$1) refers to printf1.o(i._printf_core) for _printf_core
    printf1.o(i.__0vprintf$1) refers to fputc.o(i.fputc) for fputc
    printf1.o(i.__0vprintf$1) refers to stdout.o(.data) for __stdout
    printf1.o(i.__0vsnprintf$1) refers to printf1.o(i._printf_core) for _printf_core
    printf1.o(i.__0vsnprintf$1) refers to printf1.o(i._snputc) for _snputc
    printf1.o(i.__0vsprintf$1) refers to printf1.o(i._printf_core) for _printf_core
    printf1.o(i.__0vsprintf$1) refers to printf1.o(i._sputc) for _sputc
    printf1.o(i._printf_core) refers to uidiv.o(.text) for __aeabi_uidivmod
    printf2.o(i.__0fprintf$2) refers to printf2.o(i._printf_core) for _printf_core
    printf2.o(i.__0fprintf$2) refers to fputc.o(i.fputc) for fputc
    printf2.o(i.__0printf$2) refers to printf2.o(i._printf_core) for _printf_core
    printf2.o(i.__0printf$2) refers to fputc.o(i.fputc) for fputc
    printf2.o(i.__0printf$2) refers to stdout.o(.data) for __stdout
    printf2.o(i.__0snprintf$2) refers to printf2.o(i._printf_core) for _printf_core
    printf2.o(i.__0snprintf$2) refers to printf2.o(i._snputc) for _snputc
    printf2.o(i.__0sprintf$2) refers to printf2.o(i._printf_core) for _printf_core
    printf2.o(i.__0sprintf$2) refers to printf2.o(i._sputc) for _sputc
    printf2.o(i.__0vfprintf$2) refers to printf2.o(i._printf_core) for _printf_core
    printf2.o(i.__0vfprintf$2) refers to fputc.o(i.fputc) for fputc
    printf2.o(i.__0vprintf$2) refers to printf2.o(i._printf_core) for _printf_core
    printf2.o(i.__0vprintf$2) refers to fputc.o(i.fputc) for fputc
    printf2.o(i.__0vprintf$2) refers to stdout.o(.data) for __stdout
    printf2.o(i.__0vsnprintf$2) refers to printf2.o(i._printf_core) for _printf_core
    printf2.o(i.__0vsnprintf$2) refers to printf2.o(i._snputc) for _snputc
    printf2.o(i.__0vsprintf$2) refers to printf2.o(i._printf_core) for _printf_core
    printf2.o(i.__0vsprintf$2) refers to printf2.o(i._sputc) for _sputc
    printf3.o(i.__0fprintf$3) refers to printf3.o(i._printf_core) for _printf_core
    printf3.o(i.__0fprintf$3) refers to fputc.o(i.fputc) for fputc
    printf3.o(i.__0printf$3) refers to printf3.o(i._printf_core) for _printf_core
    printf3.o(i.__0printf$3) refers to fputc.o(i.fputc) for fputc
    printf3.o(i.__0printf$3) refers to stdout.o(.data) for __stdout
    printf3.o(i.__0snprintf$3) refers to printf3.o(i._printf_core) for _printf_core
    printf3.o(i.__0snprintf$3) refers to printf3.o(i._snputc) for _snputc
    printf3.o(i.__0sprintf$3) refers to printf3.o(i._printf_core) for _printf_core
    printf3.o(i.__0sprintf$3) refers to printf3.o(i._sputc) for _sputc
    printf3.o(i.__0vfprintf$3) refers to printf3.o(i._printf_core) for _printf_core
    printf3.o(i.__0vfprintf$3) refers to fputc.o(i.fputc) for fputc
    printf3.o(i.__0vprintf$3) refers to printf3.o(i._printf_core) for _printf_core
    printf3.o(i.__0vprintf$3) refers to fputc.o(i.fputc) for fputc
    printf3.o(i.__0vprintf$3) refers to stdout.o(.data) for __stdout
    printf3.o(i.__0vsnprintf$3) refers to printf3.o(i._printf_core) for _printf_core
    printf3.o(i.__0vsnprintf$3) refers to printf3.o(i._snputc) for _snputc
    printf3.o(i.__0vsprintf$3) refers to printf3.o(i._printf_core) for _printf_core
    printf3.o(i.__0vsprintf$3) refers to printf3.o(i._sputc) for _sputc
    printf3.o(i._printf_core) refers to uidiv.o(.text) for __aeabi_uidivmod
    printf4.o(i.__0fprintf$4) refers to printf4.o(i._printf_core) for _printf_core
    printf4.o(i.__0fprintf$4) refers to fputc.o(i.fputc) for fputc
    printf4.o(i.__0printf$4) refers to printf4.o(i._printf_core) for _printf_core
    printf4.o(i.__0printf$4) refers to fputc.o(i.fputc) for fputc
    printf4.o(i.__0printf$4) refers to stdout.o(.data) for __stdout
    printf4.o(i.__0snprintf$4) refers to printf4.o(i._printf_core) for _printf_core
    printf4.o(i.__0snprintf$4) refers to printf4.o(i._snputc) for _snputc
    printf4.o(i.__0sprintf$4) refers to printf4.o(i._printf_core) for _printf_core
    printf4.o(i.__0sprintf$4) refers to printf4.o(i._sputc) for _sputc
    printf4.o(i.__0vfprintf$4) refers to printf4.o(i._printf_core) for _printf_core
    printf4.o(i.__0vfprintf$4) refers to fputc.o(i.fputc) for fputc
    printf4.o(i.__0vprintf$4) refers to printf4.o(i._printf_core) for _printf_core
    printf4.o(i.__0vprintf$4) refers to fputc.o(i.fputc) for fputc
    printf4.o(i.__0vprintf$4) refers to stdout.o(.data) for __stdout
    printf4.o(i.__0vsnprintf$4) refers to printf4.o(i._printf_core) for _printf_core
    printf4.o(i.__0vsnprintf$4) refers to printf4.o(i._snputc) for _snputc
    printf4.o(i.__0vsprintf$4) refers to printf4.o(i._printf_core) for _printf_core
    printf4.o(i.__0vsprintf$4) refers to printf4.o(i._sputc) for _sputc
    printf4.o(i._printf_core) refers to uldiv.o(.text) for __aeabi_uldivmod
    printf5.o(i.__0fprintf$5) refers to printf5.o(i._printf_core) for _printf_core
    printf5.o(i.__0fprintf$5) refers to fputc.o(i.fputc) for fputc
    printf5.o(i.__0printf$5) refers to printf5.o(i._printf_core) for _printf_core
    printf5.o(i.__0printf$5) refers to fputc.o(i.fputc) for fputc
    printf5.o(i.__0printf$5) refers to stdout.o(.data) for __stdout
    printf5.o(i.__0snprintf$5) refers to printf5.o(i._printf_core) for _printf_core
    printf5.o(i.__0snprintf$5) refers to printf5.o(i._snputc) for _snputc
    printf5.o(i.__0sprintf$5) refers to printf5.o(i._printf_core) for _printf_core
    printf5.o(i.__0sprintf$5) refers to printf5.o(i._sputc) for _sputc
    printf5.o(i.__0vfprintf$5) refers to printf5.o(i._printf_core) for _printf_core
    printf5.o(i.__0vfprintf$5) refers to fputc.o(i.fputc) for fputc
    printf5.o(i.__0vprintf$5) refers to printf5.o(i._printf_core) for _printf_core
    printf5.o(i.__0vprintf$5) refers to fputc.o(i.fputc) for fputc
    printf5.o(i.__0vprintf$5) refers to stdout.o(.data) for __stdout
    printf5.o(i.__0vsnprintf$5) refers to printf5.o(i._printf_core) for _printf_core
    printf5.o(i.__0vsnprintf$5) refers to printf5.o(i._snputc) for _snputc
    printf5.o(i.__0vsprintf$5) refers to printf5.o(i._printf_core) for _printf_core
    printf5.o(i.__0vsprintf$5) refers to printf5.o(i._sputc) for _sputc
    printf5.o(i._printf_core) refers to uldiv.o(.text) for __aeabi_uldivmod
    printf6.o(i.__0fprintf$6) refers to printf6.o(i._printf_core) for _printf_core
    printf6.o(i.__0fprintf$6) refers to fputc.o(i.fputc) for fputc
    printf6.o(i.__0printf$6) refers to printf6.o(i._printf_core) for _printf_core
    printf6.o(i.__0printf$6) refers to fputc.o(i.fputc) for fputc
    printf6.o(i.__0printf$6) refers to stdout.o(.data) for __stdout
    printf6.o(i.__0snprintf$6) refers to printf6.o(i._printf_core) for _printf_core
    printf6.o(i.__0snprintf$6) refers to printf6.o(i._snputc) for _snputc
    printf6.o(i.__0sprintf$6) refers to printf6.o(i._printf_core) for _printf_core
    printf6.o(i.__0sprintf$6) refers to printf6.o(i._sputc) for _sputc
    printf6.o(i.__0vfprintf$6) refers to printf6.o(i._printf_core) for _printf_core
    printf6.o(i.__0vfprintf$6) refers to fputc.o(i.fputc) for fputc
    printf6.o(i.__0vprintf$6) refers to printf6.o(i._printf_core) for _printf_core
    printf6.o(i.__0vprintf$6) refers to fputc.o(i.fputc) for fputc
    printf6.o(i.__0vprintf$6) refers to stdout.o(.data) for __stdout
    printf6.o(i.__0vsnprintf$6) refers to printf6.o(i._printf_core) for _printf_core
    printf6.o(i.__0vsnprintf$6) refers to printf6.o(i._snputc) for _snputc
    printf6.o(i.__0vsprintf$6) refers to printf6.o(i._printf_core) for _printf_core
    printf6.o(i.__0vsprintf$6) refers to printf6.o(i._sputc) for _sputc
    printf6.o(i._printf_core) refers to printf6.o(i._printf_pre_padding) for _printf_pre_padding
    printf6.o(i._printf_core) refers to uidiv.o(.text) for __aeabi_uidivmod
    printf6.o(i._printf_core) refers to printf6.o(i._printf_post_padding) for _printf_post_padding
    printf7.o(i.__0fprintf$7) refers to printf7.o(i._printf_core) for _printf_core
    printf7.o(i.__0fprintf$7) refers to fputc.o(i.fputc) for fputc
    printf7.o(i.__0printf$7) refers to printf7.o(i._printf_core) for _printf_core
    printf7.o(i.__0printf$7) refers to fputc.o(i.fputc) for fputc
    printf7.o(i.__0printf$7) refers to stdout.o(.data) for __stdout
    printf7.o(i.__0snprintf$7) refers to printf7.o(i._printf_core) for _printf_core
    printf7.o(i.__0snprintf$7) refers to printf7.o(i._snputc) for _snputc
    printf7.o(i.__0sprintf$7) refers to printf7.o(i._printf_core) for _printf_core
    printf7.o(i.__0sprintf$7) refers to printf7.o(i._sputc) for _sputc
    printf7.o(i.__0vfprintf$7) refers to printf7.o(i._printf_core) for _printf_core
    printf7.o(i.__0vfprintf$7) refers to fputc.o(i.fputc) for fputc
    printf7.o(i.__0vprintf$7) refers to printf7.o(i._printf_core) for _printf_core
    printf7.o(i.__0vprintf$7) refers to fputc.o(i.fputc) for fputc
    printf7.o(i.__0vprintf$7) refers to stdout.o(.data) for __stdout
    printf7.o(i.__0vsnprintf$7) refers to printf7.o(i._printf_core) for _printf_core
    printf7.o(i.__0vsnprintf$7) refers to printf7.o(i._snputc) for _snputc
    printf7.o(i.__0vsprintf$7) refers to printf7.o(i._printf_core) for _printf_core
    printf7.o(i.__0vsprintf$7) refers to printf7.o(i._sputc) for _sputc
    printf7.o(i._printf_core) refers to printf7.o(i._printf_pre_padding) for _printf_pre_padding
    printf7.o(i._printf_core) refers to uldiv.o(.text) for __aeabi_uldivmod
    printf7.o(i._printf_core) refers to printf7.o(i._printf_post_padding) for _printf_post_padding
    printf8.o(i.__0fprintf$8) refers to printf8.o(i._printf_core) for _printf_core
    printf8.o(i.__0fprintf$8) refers to fputc.o(i.fputc) for fputc
    printf8.o(i.__0printf$8) refers to printf8.o(i._printf_core) for _printf_core
    printf8.o(i.__0printf$8) refers to fputc.o(i.fputc) for fputc
    printf8.o(i.__0printf$8) refers to stdout.o(.data) for __stdout
    printf8.o(i.__0snprintf$8) refers to printf8.o(i._printf_core) for _printf_core
    printf8.o(i.__0snprintf$8) refers to printf8.o(i._snputc) for _snputc
    printf8.o(i.__0sprintf$8) refers to printf8.o(i._printf_core) for _printf_core
    printf8.o(i.__0sprintf$8) refers to printf8.o(i._sputc) for _sputc
    printf8.o(i.__0vfprintf$8) refers to printf8.o(i._printf_core) for _printf_core
    printf8.o(i.__0vfprintf$8) refers to fputc.o(i.fputc) for fputc
    printf8.o(i.__0vprintf$8) refers to printf8.o(i._printf_core) for _printf_core
    printf8.o(i.__0vprintf$8) refers to fputc.o(i.fputc) for fputc
    printf8.o(i.__0vprintf$8) refers to stdout.o(.data) for __stdout
    printf8.o(i.__0vsnprintf$8) refers to printf8.o(i._printf_core) for _printf_core
    printf8.o(i.__0vsnprintf$8) refers to printf8.o(i._snputc) for _snputc
    printf8.o(i.__0vsprintf$8) refers to printf8.o(i._printf_core) for _printf_core
    printf8.o(i.__0vsprintf$8) refers to printf8.o(i._sputc) for _sputc
    printf8.o(i._printf_core) refers to printf8.o(i._printf_pre_padding) for _printf_pre_padding
    printf8.o(i._printf_core) refers to uldiv.o(.text) for __aeabi_uldivmod
    printf8.o(i._printf_core) refers to printf8.o(i._printf_post_padding) for _printf_post_padding
    printfa.o(i.__0fprintf) refers (Special) to iusefp.o(.text) for __I$use$fp
    printfa.o(i.__0fprintf) refers to printfa.o(i._printf_core) for _printf_core
    printfa.o(i.__0fprintf) refers to fputc.o(i.fputc) for fputc
    printfa.o(i.__0printf) refers (Special) to iusefp.o(.text) for __I$use$fp
    printfa.o(i.__0printf) refers to printfa.o(i._printf_core) for _printf_core
    printfa.o(i.__0printf) refers to fputc.o(i.fputc) for fputc
    printfa.o(i.__0printf) refers to stdout.o(.data) for __stdout
    printfa.o(i.__0snprintf) refers (Special) to iusefp.o(.text) for __I$use$fp
    printfa.o(i.__0snprintf) refers to printfa.o(i._printf_core) for _printf_core
    printfa.o(i.__0snprintf) refers to printfa.o(i._snputc) for _snputc
    printfa.o(i.__0sprintf) refers (Special) to iusefp.o(.text) for __I$use$fp
    printfa.o(i.__0sprintf) refers to printfa.o(i._printf_core) for _printf_core
    printfa.o(i.__0sprintf) refers to printfa.o(i._sputc) for _sputc
    printfa.o(i.__0vfprintf) refers (Special) to iusefp.o(.text) for __I$use$fp
    printfa.o(i.__0vfprintf) refers to printfa.o(i._printf_core) for _printf_core
    printfa.o(i.__0vfprintf) refers to fputc.o(i.fputc) for fputc
    printfa.o(i.__0vprintf) refers (Special) to iusefp.o(.text) for __I$use$fp
    printfa.o(i.__0vprintf) refers to printfa.o(i._printf_core) for _printf_core
    printfa.o(i.__0vprintf) refers to fputc.o(i.fputc) for fputc
    printfa.o(i.__0vprintf) refers to stdout.o(.data) for __stdout
    printfa.o(i.__0vsnprintf) refers (Special) to iusefp.o(.text) for __I$use$fp
    printfa.o(i.__0vsnprintf) refers to printfa.o(i._printf_core) for _printf_core
    printfa.o(i.__0vsnprintf) refers to printfa.o(i._snputc) for _snputc
    printfa.o(i.__0vsprintf) refers (Special) to iusefp.o(.text) for __I$use$fp
    printfa.o(i.__0vsprintf) refers to printfa.o(i._printf_core) for _printf_core
    printfa.o(i.__0vsprintf) refers to printfa.o(i._sputc) for _sputc
    printfa.o(i._fp_digits) refers (Special) to iusefp.o(.text) for __I$use$fp
    printfa.o(i._fp_digits) refers to dmul.o(.text) for __aeabi_dmul
    printfa.o(i._fp_digits) refers to ddiv.o(.text) for __aeabi_ddiv
    printfa.o(i._fp_digits) refers to cdrcmple.o(.text) for __aeabi_cdrcmple
    printfa.o(i._fp_digits) refers to dadd.o(.text) for __aeabi_dadd
    printfa.o(i._fp_digits) refers to dfixul.o(.text) for __aeabi_d2ulz
    printfa.o(i._fp_digits) refers to uldiv.o(.text) for __aeabi_uldivmod
    printfa.o(i._printf_core) refers (Special) to iusefp.o(.text) for __I$use$fp
    printfa.o(i._printf_core) refers to printfa.o(i._printf_pre_padding) for _printf_pre_padding
    printfa.o(i._printf_core) refers to uldiv.o(.text) for __aeabi_uldivmod
    printfa.o(i._printf_core) refers to printfa.o(i._printf_post_padding) for _printf_post_padding
    printfa.o(i._printf_core) refers to printfa.o(i._fp_digits) for _fp_digits
    printfa.o(i._printf_core) refers to uidiv.o(.text) for __aeabi_uidivmod
    printfa.o(i._printf_post_padding) refers (Special) to iusefp.o(.text) for __I$use$fp
    printfa.o(i._printf_pre_padding) refers (Special) to iusefp.o(.text) for __I$use$fp
    printfa.o(i._snputc) refers (Special) to iusefp.o(.text) for __I$use$fp
    printfa.o(i._sputc) refers (Special) to iusefp.o(.text) for __I$use$fp
    entry2.o(.ARM.Collect$$$$00000001) refers to entry2.o(.ARM.Collect$$$$00002712) for __lit__00000000
    entry2.o(.ARM.Collect$$$$00002712) refers to startup_tm4c123.o(STACK) for __initial_sp
    entry2.o(__vectab_stack_and_reset_area) refers to startup_tm4c123.o(STACK) for __initial_sp
    entry2.o(__vectab_stack_and_reset_area) refers to entry.o(.ARM.Collect$$$$00000000) for __main
    entry5.o(.ARM.Collect$$$$00000004) refers to init.o(.text) for __scatterload
    entry9a.o(.ARM.Collect$$$$0000000B) refers to main.o(.text) for main
    entry9b.o(.ARM.Collect$$$$0000000C) refers to main.o(.text) for main
    fputc.o(i.fputc) refers (Special) to iusesemip.o(.text) for __I$use$semihosting$fputc
    fputc.o(i.fputc) refers (Special) to semi.o(.text) for __semihosting_library_function
    uldiv.o(.text) refers to llushr.o(.text) for __aeabi_llsr
    uldiv.o(.text) refers to llshl.o(.text) for __aeabi_llsl
    dadd.o(.text) refers to llshl.o(.text) for __aeabi_llsl
    dadd.o(.text) refers to llsshr.o(.text) for __aeabi_lasr
    dadd.o(.text) refers to depilogue.o(.text) for _double_epilogue
    dmul.o(.text) refers to depilogue.o(.text) for _double_epilogue
    ddiv.o(.text) refers to depilogue.o(.text) for _double_round
    dfixul.o(.text) refers to llushr.o(.text) for __aeabi_llsr
    dfixul.o(.text) refers to llshl.o(.text) for __aeabi_llsl
    init.o(.text) refers to entry5.o(.ARM.Collect$$$$00000004) for __main_after_scatterload
    depilogue.o(.text) refers to llshl.o(.text) for __aeabi_llsl
    depilogue.o(.text) refers to llushr.o(.text) for __aeabi_llsr


==============================================================================

Removing Unused input sections from the image.

    Removing main.o(.rev16_text), (4 bytes).
    Removing main.o(.revsh_text), (4 bytes).
    Removing main.o(.rrx_text), (6 bytes).
    Removing tic_tac_toe.o(.rev16_text), (4 bytes).
    Removing tic_tac_toe.o(.revsh_text), (4 bytes).
    Removing tic_tac_toe.o(.rrx_text), (6 bytes).
    Removing adc.o(.rev16_text), (4 bytes).
    Removing adc.o(.revsh_text), (4 bytes).
    Removing adc.o(.rrx_text), (6 bytes).
    Removing adc.o(.text), (152 bytes).
    Removing gpio_port.o(.rev16_text), (4 bytes).
    Removing gpio_port.o(.revsh_text), (4 bytes).
    Removing gpio_port.o(.rrx_text), (6 bytes).
    Removing timers.o(.rev16_text), (4 bytes).
    Removing timers.o(.revsh_text), (4 bytes).
    Removing timers.o(.rrx_text), (6 bytes).
    Removing launchpad_io.o(.rev16_text), (4 bytes).
    Removing launchpad_io.o(.revsh_text), (4 bytes).
    Removing launchpad_io.o(.rrx_text), (6 bytes).
    Removing launchpad_io.o(.text), (196 bytes).
    Removing lcd.o(.rev16_text), (4 bytes).
    Removing lcd.o(.revsh_text), (4 bytes).
    Removing lcd.o(.rrx_text), (6 bytes).
    Removing ps2.o(.rev16_text), (4 bytes).
    Removing ps2.o(.revsh_text), (4 bytes).
    Removing ps2.o(.rrx_text), (6 bytes).
    Removing startup_tm4c123.o(HEAP), (0 bytes).
    Removing system_tm4c123.o(.rev16_text), (4 bytes).
    Removing system_tm4c123.o(.revsh_text), (4 bytes).
    Removing system_tm4c123.o(.rrx_text), (6 bytes).
    Removing board_setup.o(.rev16_text), (4 bytes).
    Removing board_setup.o(.revsh_text), (4 bytes).
    Removing board_setup.o(.rrx_text), (6 bytes).
    Removing validate_uart.o(.rev16_text), (4 bytes).
    Removing validate_uart.o(.revsh_text), (4 bytes).
    Removing validate_uart.o(.rrx_text), (6 bytes).
    Removing hw3_lib.o(.rev16_text), (4 bytes).
    Removing hw3_lib.o(.revsh_text), (4 bytes).
    Removing hw3_lib.o(.rrx_text), (6 bytes).
    Removing validate_sysctl.o(.rev16_text), (4 bytes).
    Removing validate_sysctl.o(.revsh_text), (4 bytes).
    Removing validate_sysctl.o(.rrx_text), (6 bytes).
    Removing dadd.o(.text), (334 bytes).
    Removing dmul.o(.text), (228 bytes).
    Removing ddiv.o(.text), (222 bytes).
    Removing dfixul.o(.text), (48 bytes).
    Removing cdrcmple.o(.text), (48 bytes).
    Removing depilogue.o(.text), (186 bytes).

48 unused section(s) (total 1596 bytes) removed from the image.

==============================================================================

Image Symbol Table

    Local Symbols

    Symbol Name                              Value     Ov Type        Size  Object(Section)

    RESET                                    0x00000000   Section      620  startup_tm4c123.o(RESET)
    ../clib/microlib/division.c              0x00000000   Number         0  uldiv.o ABSOLUTE
    ../clib/microlib/division.c              0x00000000   Number         0  uidiv.o ABSOLUTE
    ../clib/microlib/init/entry.s            0x00000000   Number         0  entry7b.o ABSOLUTE
    ../clib/microlib/init/entry.s            0x00000000   Number         0  entry10a.o ABSOLUTE
    ../clib/microlib/init/entry.s            0x00000000   Number         0  entry11b.o ABSOLUTE
    ../clib/microlib/init/entry.s            0x00000000   Number         0  entry5.o ABSOLUTE
    ../clib/microlib/init/entry.s            0x00000000   Number         0  entry8a.o ABSOLUTE
    ../clib/microlib/init/entry.s            0x00000000   Number         0  entry.o ABSOLUTE
    ../clib/microlib/init/entry.s            0x00000000   Number         0  entry11a.o ABSOLUTE
    ../clib/microlib/init/entry.s            0x00000000   Number         0  entry7a.o ABSOLUTE
    ../clib/microlib/init/entry.s            0x00000000   Number         0  entry8b.o ABSOLUTE
    ../clib/microlib/init/entry.s            0x00000000   Number         0  entry10b.o ABSOLUTE
    ../clib/microlib/init/entry.s            0x00000000   Number         0  entry9a.o ABSOLUTE
    ../clib/microlib/init/entry.s            0x00000000   Number         0  entry9b.o ABSOLUTE
    ../clib/microlib/init/entry.s            0x00000000   Number         0  entry2.o ABSOLUTE
    ../clib/microlib/longlong.c              0x00000000   Number         0  llushr.o ABSOLUTE
    ../clib/microlib/longlong.c              0x00000000   Number         0  llshl.o ABSOLUTE
    ../clib/microlib/longlong.c              0x00000000   Number         0  llsshr.o ABSOLUTE
    ../clib/microlib/printf/printf.c         0x00000000   Number         0  printf0.o ABSOLUTE
    ../clib/microlib/printf/printf.c         0x00000000   Number         0  printfb.o ABSOLUTE
    ../clib/microlib/printf/printf.c         0x00000000   Number         0  printf8.o ABSOLUTE
    ../clib/microlib/printf/printf.c         0x00000000   Number         0  printf7.o ABSOLUTE
    ../clib/microlib/printf/printf.c         0x00000000   Number         0  printf1.o ABSOLUTE
    ../clib/microlib/printf/printf.c         0x00000000   Number         0  printfa.o ABSOLUTE
    ../clib/microlib/printf/printf.c         0x00000000   Number         0  printf6.o ABSOLUTE
    ../clib/microlib/printf/printf.c         0x00000000   Number         0  printf5.o ABSOLUTE
    ../clib/microlib/printf/printf.c         0x00000000   Number         0  printf4.o ABSOLUTE
    ../clib/microlib/printf/printf.c         0x00000000   Number         0  printf3.o ABSOLUTE
    ../clib/microlib/printf/printf.c         0x00000000   Number         0  printf2.o ABSOLUTE
    ../clib/microlib/printf/stubs.s          0x00000000   Number         0  stubs.o ABSOLUTE
    ../clib/microlib/stdio/fputc.c           0x00000000   Number         0  fputc.o ABSOLUTE
    ../clib/microlib/stdio/semi.s            0x00000000   Number         0  semi.o ABSOLUTE
    ../clib/microlib/stdio/streams.c         0x00000000   Number         0  stdout.o ABSOLUTE
    ../clib/microlib/string/memcpy.c         0x00000000   Number         0  memcpyb.o ABSOLUTE
    ../clib/microlib/string/memcpy.c         0x00000000   Number         0  memcpya.o ABSOLUTE
    ../clib/microlib/stubs.s                 0x00000000   Number         0  iusefp.o ABSOLUTE
    ../clib/microlib/stubs.s                 0x00000000   Number         0  iusesemip.o ABSOLUTE
    ../fplib/microlib/fpadd.c                0x00000000   Number         0  dadd.o ABSOLUTE
    ../fplib/microlib/fpdiv.c                0x00000000   Number         0  ddiv.o ABSOLUTE
    ../fplib/microlib/fpepilogue.c           0x00000000   Number         0  depilogue.o ABSOLUTE
    ../fplib/microlib/fpfix.c                0x00000000   Number         0  dfixul.o ABSOLUTE
    ../fplib/microlib/fpmul.c                0x00000000   Number         0  dmul.o ABSOLUTE
    ..\\drivers\\c\\adc.c                    0x00000000   Number         0  adc.o ABSOLUTE
    ..\\drivers\\c\\gpio_port.c              0x00000000   Number         0  gpio_port.o ABSOLUTE
    ..\\drivers\\c\\timers.c                 0x00000000   Number         0  timers.o ABSOLUTE
    ..\\peripherals\\c\\launchpad_io.c       0x00000000   Number         0  launchpad_io.o ABSOLUTE
    ..\\peripherals\\c\\lcd.c                0x00000000   Number         0  lcd.o ABSOLUTE
    ..\\peripherals\\c\\ps2.c                0x00000000   Number         0  ps2.o ABSOLUTE
    ..\drivers\c\adc.c                       0x00000000   Number         0  adc.o ABSOLUTE
    ..\drivers\c\gpio_port.c                 0x00000000   Number         0  gpio_port.o ABSOLUTE
    ..\drivers\c\timers.c                    0x00000000   Number         0  timers.o ABSOLUTE
    ..\peripherals\c\launchpad_io.c          0x00000000   Number         0  launchpad_io.o ABSOLUTE
    ..\peripherals\c\lcd.c                   0x00000000   Number         0  lcd.o ABSOLUTE
    ..\peripherals\c\ps2.c                   0x00000000   Number         0  ps2.o ABSOLUTE
    RTE\Device\TM4C123GH6PM\startup_TM4C123.s 0x00000000   Number         0  startup_tm4c123.o ABSOLUTE
    RTE\Device\TM4C123GH6PM\system_TM4C123.c 0x00000000   Number         0  system_tm4c123.o ABSOLUTE
    RTE\\Device\\TM4C123GH6PM\\system_TM4C123.c 0x00000000   Number         0  system_tm4c123.o ABSOLUTE
    board_setup.c                            0x00000000   Number         0  board_setup.o ABSOLUTE
    board_setup.c                            0x00000000   Number         0  board_setup.o ABSOLUTE
    cdrcmple.s                               0x00000000   Number         0  cdrcmple.o ABSOLUTE
    dc.s                                     0x00000000   Number         0  dc.o ABSOLUTE
    handlers.s                               0x00000000   Number         0  handlers.o ABSOLUTE
    hw3_lib.c                                0x00000000   Number         0  hw3_lib.o ABSOLUTE
    hw3_lib.c                                0x00000000   Number         0  hw3_lib.o ABSOLUTE
    init.s                                   0x00000000   Number         0  init.o ABSOLUTE
    main.c                                   0x00000000   Number         0  main.o ABSOLUTE
    main.c                                   0x00000000   Number         0  main.o ABSOLUTE
    tic_tac_toe.c                            0x00000000   Number         0  tic_tac_toe.o ABSOLUTE
    tic_tac_toe.c                            0x00000000   Number         0  tic_tac_toe.o ABSOLUTE
    tic_tac_toe_images.c                     0x00000000   Number         0  tic_tac_toe_images.o ABSOLUTE
    validate_sysctl.c                        0x00000000   Number         0  validate_sysctl.o ABSOLUTE
    validate_sysctl.c                        0x00000000   Number         0  validate_sysctl.o ABSOLUTE
    validate_uart.c                          0x00000000   Number         0  validate_uart.o ABSOLUTE
    validate_uart.c                          0x00000000   Number         0  validate_uart.o ABSOLUTE
    .ARM.Collect$$$$00000000                 0x0000026c   Section        0  entry.o(.ARM.Collect$$$$00000000)
    .ARM.Collect$$$$00000001                 0x0000026c   Section        4  entry2.o(.ARM.Collect$$$$00000001)
    .ARM.Collect$$$$00000004                 0x00000270   Section        4  entry5.o(.ARM.Collect$$$$00000004)
    .ARM.Collect$$$$00000008                 0x00000274   Section        0  entry7b.o(.ARM.Collect$$$$00000008)
    .ARM.Collect$$$$0000000A                 0x00000274   Section        0  entry8b.o(.ARM.Collect$$$$0000000A)
    .ARM.Collect$$$$0000000B                 0x00000274   Section        8  entry9a.o(.ARM.Collect$$$$0000000B)
    .ARM.Collect$$$$0000000D                 0x0000027c   Section        0  entry10a.o(.ARM.Collect$$$$0000000D)
    .ARM.Collect$$$$0000000F                 0x0000027c   Section        0  entry11a.o(.ARM.Collect$$$$0000000F)
    .ARM.Collect$$$$00002712                 0x0000027c   Section        4  entry2.o(.ARM.Collect$$$$00002712)
    __lit__00000000                          0x0000027c   Data           4  entry2.o(.ARM.Collect$$$$00002712)
    .text                                    0x00000280   Section        0  main.o(.text)
    .text                                    0x000003b4   Section        0  tic_tac_toe.o(.text)
    __NVIC_SetPriority                       0x000003b5   Thumb Code    32  tic_tac_toe.o(.text)
    __NVIC_EnableIRQ                         0x00000a5f   Thumb Code    26  tic_tac_toe.o(.text)
    .text                                    0x00000abc   Section        0  gpio_port.o(.text)
    verify_base_addr                         0x00000abd   Thumb Code    64  gpio_port.o(.text)
    .text                                    0x00000d24   Section        0  timers.o(.text)
    verify_base_addr                         0x00000d25   Thumb Code    64  timers.o(.text)
    get_clock_masks                          0x00000d65   Thumb Code   106  timers.o(.text)
    .text                                    0x00000eac   Section        0  lcd.o(.text)
    delayms                                  0x00000ead   Thumb Code    26  lcd.o(.text)
    lcd_write_cmd_u8                         0x00000ec7   Thumb Code    34  lcd.o(.text)
    lcd_write_data_u8                        0x00000ee9   Thumb Code    36  lcd.o(.text)
    lcd_write_data_u16                       0x00000f0d   Thumb Code    60  lcd.o(.text)
    .text                                    0x00001498   Section        0  ps2.o(.text)
    initialize_adc_gpio_pins                 0x00001499   Thumb Code    34  ps2.o(.text)
    ps2_configure_adc                        0x000014bb   Thumb Code   110  ps2.o(.text)
    .text                                    0x000015b8   Section      252  startup_tm4c123.o(.text)
    $v0                                      0x000015b8   Number         0  startup_tm4c123.o(.text)
    .text                                    0x000016b4   Section        0  system_tm4c123.o(.text)
    getOscClk                                0x000016b5   Thumb Code   182  system_tm4c123.o(.text)
    .text                                    0x00001904   Section        0  board_setup.o(.text)
    DisableInterrupts                        0x00001905   Thumb Code     4  board_setup.o(.text)
    EnableInterrupts                         0x00001909   Thumb Code     4  board_setup.o(.text)
    .text                                    0x00001cd4   Section        0  validate_uart.o(.text)
    uart_get_ibrd                            0x00001d7f   Thumb Code    30  validate_uart.o(.text)
    uart_get_fbrd                            0x00001d9d   Thumb Code    28  validate_uart.o(.text)
    uart_get_irq_num                         0x00001db9   Thumb Code    68  validate_uart.o(.text)
    .text                                    0x000020d4   Section        0  hw3_lib.o(.text)
    staff_uart_config_gpio                   0x000020dd   Thumb Code    82  hw3_lib.o(.text)
    staff_uart_config_polling                0x0000212f   Thumb Code    68  hw3_lib.o(.text)
    .text                                    0x00002218   Section        0  validate_sysctl.o(.text)
    get_gpio_rcgc                            0x00002219   Thumb Code    74  validate_sysctl.o(.text)
    get_adc_rcgc                             0x00002263   Thumb Code    28  validate_sysctl.o(.text)
    get_gpt_rcgc                             0x0000227f   Thumb Code    74  validate_sysctl.o(.text)
    get_uart_rcgc                            0x000022c9   Thumb Code    68  validate_sysctl.o(.text)
    get_spi_rcgc                             0x0000230d   Thumb Code    48  validate_sysctl.o(.text)
    .text                                    0x000023e4   Section        0  memcpya.o(.text)
    .text                                    0x00002408   Section        0  uidiv.o(.text)
    .text                                    0x00002434   Section       36  init.o(.text)
    i.__0sprintf$6                           0x00002458   Section        0  printf6.o(i.__0sprintf$6)
    i.__scatterload_copy                     0x00002480   Section       14  handlers.o(i.__scatterload_copy)
    i.__scatterload_null                     0x0000248e   Section        2  handlers.o(i.__scatterload_null)
    i.__scatterload_zeroinit                 0x00002490   Section       14  handlers.o(i.__scatterload_zeroinit)
    i._printf_core                           0x000024a0   Section        0  printf6.o(i._printf_core)
    _printf_core                             0x000024a1   Thumb Code   748  printf6.o(i._printf_core)
    i._printf_post_padding                   0x00002790   Section        0  printf6.o(i._printf_post_padding)
    _printf_post_padding                     0x00002791   Thumb Code    36  printf6.o(i._printf_post_padding)
    i._printf_pre_padding                    0x000027b4   Section        0  printf6.o(i._printf_pre_padding)
    _printf_pre_padding                      0x000027b5   Thumb Code    46  printf6.o(i._printf_pre_padding)
    i._sputc                                 0x000027e2   Section        0  printf6.o(i._sputc)
    _sputc                                   0x000027e3   Thumb Code    10  printf6.o(i._sputc)
    .constdata                               0x000027ec   Section      460  tic_tac_toe_images.o(.constdata)
    .constdata                               0x000029b8   Section      296  board_setup.o(.constdata)
    .constdata                               0x00002ae0   Section     1468  hw3_lib.o(.constdata)
    .conststring                             0x0000309c   Section       93  board_setup.o(.conststring)
    .conststring                             0x000030fc   Section       92  validate_uart.o(.conststring)
    .data                                    0x20000000   Section       60  tic_tac_toe.o(.data)
    .data                                    0x2000003c   Section        4  system_tm4c123.o(.data)
    .bss                                     0x20000040   Section       44  tic_tac_toe.o(.bss)
    STACK                                    0x20000070   Section     4096  startup_tm4c123.o(STACK)

    Global Symbols

    Symbol Name                              Value     Ov Type        Size  Object(Section)

    BuildAttributes$$THM_ISAv4$E$P$D$K$B$S$7EM$VFPi3$EXTD16$VFPS$VFMA$PE$A:L22UL41UL21$X:L11$S22US41US21$IEEE1$IW$USESV6$~STKCKD$USESV7$~SHL$OSPACE$ROPI$EBA8$MICROLIB$REQ8$PRES8$EABIv2 0x00000000   Number         0  anon$$obj.o ABSOLUTE
    __ARM_use_no_argv                        0x00000000   Number         0  main.o ABSOLUTE
    __Vectors                                0x00000000   Data           4  startup_tm4c123.o(RESET)
    _printf_a                                0x00000000   Number         0  stubs.o ABSOLUTE
    _printf_c                                0x00000000   Number         0  stubs.o ABSOLUTE
    _printf_charcount                        0x00000000   Number         0  stubs.o ABSOLUTE
    _printf_d                                0x00000000   Number         0  stubs.o ABSOLUTE
    _printf_e                                0x00000000   Number         0  stubs.o ABSOLUTE
    _printf_f                                0x00000000   Number         0  stubs.o ABSOLUTE
    _printf_flags                            0x00000000   Number         0  stubs.o ABSOLUTE
    _printf_fp_dec                           0x00000000   Number         0  stubs.o ABSOLUTE
    _printf_fp_hex                           0x00000000   Number         0  stubs.o ABSOLUTE
    _printf_g                                0x00000000   Number         0  stubs.o ABSOLUTE
    _printf_i                                0x00000000   Number         0  stubs.o ABSOLUTE
    _printf_int_dec                          0x00000000   Number         0  stubs.o ABSOLUTE
    _printf_l                                0x00000000   Number         0  stubs.o ABSOLUTE
    _printf_lc                               0x00000000   Number         0  stubs.o ABSOLUTE
    _printf_ll                               0x00000000   Number         0  stubs.o ABSOLUTE
    _printf_lld                              0x00000000   Number         0  stubs.o ABSOLUTE
    _printf_lli                              0x00000000   Number         0  stubs.o ABSOLUTE
    _printf_llo                              0x00000000   Number         0  stubs.o ABSOLUTE
    _printf_llu                              0x00000000   Number         0  stubs.o ABSOLUTE
    _printf_llx                              0x00000000   Number         0  stubs.o ABSOLUTE
    _printf_longlong_dec                     0x00000000   Number         0  stubs.o ABSOLUTE
    _printf_longlong_hex                     0x00000000   Number         0  stubs.o ABSOLUTE
    _printf_longlong_oct                     0x00000000   Number         0  stubs.o ABSOLUTE
    _printf_ls                               0x00000000   Number         0  stubs.o ABSOLUTE
    _printf_mbtowc                           0x00000000   Number         0  stubs.o ABSOLUTE
    _printf_n                                0x00000000   Number         0  stubs.o ABSOLUTE
    _printf_o                                0x00000000   Number         0  stubs.o ABSOLUTE
    _printf_p                                0x00000000   Number         0  stubs.o ABSOLUTE
    _printf_percent                          0x00000000   Number         0  stubs.o ABSOLUTE
    _printf_pre_padding                      0x00000000   Number         0  stubs.o ABSOLUTE
    _printf_return_value                     0x00000000   Number         0  stubs.o ABSOLUTE
    _printf_s                                0x00000000   Number         0  stubs.o ABSOLUTE
    _printf_sizespec                         0x00000000   Number         0  stubs.o ABSOLUTE
    _printf_str                              0x00000000   Number         0  stubs.o ABSOLUTE
    _printf_truncate_signed                  0x00000000   Number         0  stubs.o ABSOLUTE
    _printf_truncate_unsigned                0x00000000   Number         0  stubs.o ABSOLUTE
    _printf_u                                0x00000000   Number         0  stubs.o ABSOLUTE
    _printf_wc                               0x00000000   Number         0  stubs.o ABSOLUTE
    _printf_wctomb                           0x00000000   Number         0  stubs.o ABSOLUTE
    _printf_widthprec                        0x00000000   Number         0  stubs.o ABSOLUTE
    _printf_x                                0x00000000   Number         0  stubs.o ABSOLUTE
    __cpp_initialize__aeabi_                  - Undefined Weak Reference
    __cxa_finalize                            - Undefined Weak Reference
    __decompress                              - Undefined Weak Reference
    _clock_init                               - Undefined Weak Reference
    _microlib_exit                            - Undefined Weak Reference
    __Vectors_End                            0x0000026c   Data           0  startup_tm4c123.o(RESET)
    __Vectors_Size                           0x0000026c   Number         0  startup_tm4c123.o ABSOLUTE
    __main                                   0x0000026d   Thumb Code     0  entry.o(.ARM.Collect$$$$00000000)
    _main_stk                                0x0000026d   Thumb Code     0  entry2.o(.ARM.Collect$$$$00000001)
    _main_scatterload                        0x00000271   Thumb Code     0  entry5.o(.ARM.Collect$$$$00000004)
    __main_after_scatterload                 0x00000275   Thumb Code     0  entry5.o(.ARM.Collect$$$$00000004)
    _main_clock                              0x00000275   Thumb Code     0  entry7b.o(.ARM.Collect$$$$00000008)
    _main_cpp_init                           0x00000275   Thumb Code     0  entry8b.o(.ARM.Collect$$$$0000000A)
    _main_init                               0x00000275   Thumb Code     0  entry9a.o(.ARM.Collect$$$$0000000B)
    __rt_final_cpp                           0x0000027d   Thumb Code     0  entry10a.o(.ARM.Collect$$$$0000000D)
    __rt_final_exit                          0x0000027d   Thumb Code     0  entry11a.o(.ARM.Collect$$$$0000000F)
    main                                     0x00000281   Thumb Code   206  main.o(.text)
    tic_tac_toe_hw_init                      0x000003d5   Thumb Code   140  tic_tac_toe.o(.text)
    update_game                              0x00000461   Thumb Code   454  tic_tac_toe.o(.text)
    tic_tac_toe_update_game_board            0x00000627   Thumb Code   170  tic_tac_toe.o(.text)
    tic_tac_toe_game_init                    0x000006d1   Thumb Code   166  tic_tac_toe.o(.text)
    tic_tac_toe_check_for_win                0x00000777   Thumb Code   118  tic_tac_toe.o(.text)
    tic_tac_toe_sw2_pressed                  0x000007ed   Thumb Code    40  tic_tac_toe.o(.text)
    tic_tac_toe_return_direction             0x00000815   Thumb Code    78  tic_tac_toe.o(.text)
    claimSquare                              0x00000863   Thumb Code   166  tic_tac_toe.o(.text)
    tic_tac_toe_claim_square                 0x00000909   Thumb Code   230  tic_tac_toe.o(.text)
    tic_tac_toe_sample_ready                 0x000009ef   Thumb Code    22  tic_tac_toe.o(.text)
    TIMER5A_Handler                          0x00000a05   Thumb Code    42  tic_tac_toe.o(.text)
    ADC0SS2_Handler                          0x00000a2f   Thumb Code    48  tic_tac_toe.o(.text)
    gpio_get_irq_num                         0x00000afd   Thumb Code    74  gpio_port.o(.text)
    gpio_enable_port                         0x00000b47   Thumb Code   156  gpio_port.o(.text)
    gpio_config_digital_enable               0x00000be3   Thumb Code    34  gpio_port.o(.text)
    gpio_config_enable_output                0x00000c05   Thumb Code    34  gpio_port.o(.text)
    gpio_config_enable_input                 0x00000c27   Thumb Code    34  gpio_port.o(.text)
    gpio_config_enable_pullup                0x00000c49   Thumb Code    34  gpio_port.o(.text)
    gpio_config_enable_pulldown              0x00000c6b   Thumb Code    34  gpio_port.o(.text)
    gpio_config_analog_enable                0x00000c8d   Thumb Code    34  gpio_port.o(.text)
    gpio_config_alternate_function           0x00000caf   Thumb Code    34  gpio_port.o(.text)
    gpio_config_port_control                 0x00000cd1   Thumb Code    40  gpio_port.o(.text)
    gpio_config_open_drain                   0x00000cf9   Thumb Code     6  gpio_port.o(.text)
    gpio_config_falling_edge_irq             0x00000cff   Thumb Code     6  gpio_port.o(.text)
    gp_timer_wait                            0x00000dcf   Thumb Code    64  timers.o(.text)
    gp_timer_config_32                       0x00000e0f   Thumb Code   140  timers.o(.text)
    lcd_set_pos                              0x00000f49   Thumb Code    58  lcd.o(.text)
    lcd_clear_screen                         0x00000f83   Thumb Code    52  lcd.o(.text)
    lcd_draw_image                           0x00000fb7   Thumb Code   242  lcd.o(.text)
    lcd_config_gpio                          0x000010a9   Thumb Code   222  lcd.o(.text)
    lcd_config_screen                        0x00001187   Thumb Code   572  lcd.o(.text)
    lcd_draw_color_image                     0x000013c3   Thumb Code    90  lcd.o(.text)
    lcd_draw_rectangle_centered              0x0000141d   Thumb Code   118  lcd.o(.text)
    ps2_initialize_adc                       0x00001529   Thumb Code    86  ps2.o(.text)
    ps2_initialize                           0x0000157f   Thumb Code    12  ps2.o(.text)
    ps2_get_x                                0x0000158b   Thumb Code     6  ps2.o(.text)
    ps2_get_y                                0x00001591   Thumb Code     6  ps2.o(.text)
    Reset_Handler                            0x000015b9   Thumb Code     8  startup_tm4c123.o(.text)
    NMI_Handler                              0x000015c1   Thumb Code     2  startup_tm4c123.o(.text)
    HardFault_Handler                        0x000015c3   Thumb Code     2  startup_tm4c123.o(.text)
    MemManage_Handler                        0x000015c5   Thumb Code     2  startup_tm4c123.o(.text)
    BusFault_Handler                         0x000015c7   Thumb Code     2  startup_tm4c123.o(.text)
    UsageFault_Handler                       0x000015c9   Thumb Code     2  startup_tm4c123.o(.text)
    SVC_Handler                              0x000015cb   Thumb Code     2  startup_tm4c123.o(.text)
    DebugMon_Handler                         0x000015cd   Thumb Code     2  startup_tm4c123.o(.text)
    PendSV_Handler                           0x000015cf   Thumb Code     2  startup_tm4c123.o(.text)
    SysTick_Handler                          0x000015d1   Thumb Code     2  startup_tm4c123.o(.text)
    GPIOA_Handler                            0x000015d3   Thumb Code     2  startup_tm4c123.o(.text)
    GPIOB_Handler                            0x000015d5   Thumb Code     2  startup_tm4c123.o(.text)
    GPIOC_Handler                            0x000015d7   Thumb Code     2  startup_tm4c123.o(.text)
    GPIOD_Handler                            0x000015d9   Thumb Code     2  startup_tm4c123.o(.text)
    GPIOE_Handler                            0x000015db   Thumb Code     2  startup_tm4c123.o(.text)
    UART0_Handler                            0x000015dd   Thumb Code     2  startup_tm4c123.o(.text)
    UART1_Handler                            0x000015df   Thumb Code     2  startup_tm4c123.o(.text)
    SSI0_Handler                             0x000015e1   Thumb Code     2  startup_tm4c123.o(.text)
    I2C0_Handler                             0x000015e3   Thumb Code     2  startup_tm4c123.o(.text)
    PMW0_FAULT_Handler                       0x000015e5   Thumb Code     2  startup_tm4c123.o(.text)
    PWM0_0_Handler                           0x000015e7   Thumb Code     2  startup_tm4c123.o(.text)
    PWM0_1_Handler                           0x000015e9   Thumb Code     2  startup_tm4c123.o(.text)
    PWM0_2_Handler                           0x000015eb   Thumb Code     2  startup_tm4c123.o(.text)
    QEI0_Handler                             0x000015ed   Thumb Code     2  startup_tm4c123.o(.text)
    ADC0SS0_Handler                          0x000015ef   Thumb Code     2  startup_tm4c123.o(.text)
    ADC0SS1_Handler                          0x000015f1   Thumb Code     2  startup_tm4c123.o(.text)
    ADC0SS3_Handler                          0x000015f5   Thumb Code     2  startup_tm4c123.o(.text)
    WDT0_Handler                             0x000015f7   Thumb Code     2  startup_tm4c123.o(.text)
    TIMER0A_Handler                          0x000015f9   Thumb Code     2  startup_tm4c123.o(.text)
    TIMER0B_Handler                          0x000015fb   Thumb Code     2  startup_tm4c123.o(.text)
    TIMER1A_Handler                          0x000015fd   Thumb Code     2  startup_tm4c123.o(.text)
    TIMER1B_Handler                          0x000015ff   Thumb Code     2  startup_tm4c123.o(.text)
    TIMER2A_Handler                          0x00001601   Thumb Code     2  startup_tm4c123.o(.text)
    TIMER2B_Handler                          0x00001603   Thumb Code     2  startup_tm4c123.o(.text)
    COMP0_Handler                            0x00001605   Thumb Code     2  startup_tm4c123.o(.text)
    COMP1_Handler                            0x00001607   Thumb Code     2  startup_tm4c123.o(.text)
    COMP2_Handler                            0x00001609   Thumb Code     2  startup_tm4c123.o(.text)
    SYSCTL_Handler                           0x0000160b   Thumb Code     2  startup_tm4c123.o(.text)
    FLASH_Handler                            0x0000160d   Thumb Code     2  startup_tm4c123.o(.text)
    GPIOF_Handler                            0x0000160f   Thumb Code     2  startup_tm4c123.o(.text)
    GPIOG_Handler                            0x00001611   Thumb Code     2  startup_tm4c123.o(.text)
    GPIOH_Handler                            0x00001613   Thumb Code     2  startup_tm4c123.o(.text)
    UART2_Handler                            0x00001615   Thumb Code     2  startup_tm4c123.o(.text)
    SSI1_Handler                             0x00001617   Thumb Code     2  startup_tm4c123.o(.text)
    TIMER3A_Handler                          0x00001619   Thumb Code     2  startup_tm4c123.o(.text)
    TIMER3B_Handler                          0x0000161b   Thumb Code     2  startup_tm4c123.o(.text)
    I2C1_Handler                             0x0000161d   Thumb Code     2  startup_tm4c123.o(.text)
    QEI1_Handler                             0x0000161f   Thumb Code     2  startup_tm4c123.o(.text)
    CAN0_Handler                             0x00001621   Thumb Code     2  startup_tm4c123.o(.text)
    CAN1_Handler                             0x00001623   Thumb Code     2  startup_tm4c123.o(.text)
    CAN2_Handler                             0x00001625   Thumb Code     2  startup_tm4c123.o(.text)
    HIB_Handler                              0x00001627   Thumb Code     2  startup_tm4c123.o(.text)
    USB0_Handler                             0x00001629   Thumb Code     2  startup_tm4c123.o(.text)
    PWM0_3_Handler                           0x0000162b   Thumb Code     2  startup_tm4c123.o(.text)
    UDMA_Handler                             0x0000162d   Thumb Code     2  startup_tm4c123.o(.text)
    UDMAERR_Handler                          0x0000162f   Thumb Code     2  startup_tm4c123.o(.text)
    ADC1SS0_Handler                          0x00001631   Thumb Code     2  startup_tm4c123.o(.text)
    ADC1SS1_Handler                          0x00001633   Thumb Code     2  startup_tm4c123.o(.text)
    ADC1SS2_Handler                          0x00001635   Thumb Code     2  startup_tm4c123.o(.text)
    ADC1SS3_Handler                          0x00001637   Thumb Code     2  startup_tm4c123.o(.text)
    GPIOJ_Handler                            0x00001639   Thumb Code     2  startup_tm4c123.o(.text)
    GPIOK_Handler                            0x0000163b   Thumb Code     2  startup_tm4c123.o(.text)
    GPIOL_Handler                            0x0000163d   Thumb Code     2  startup_tm4c123.o(.text)
    SSI2_Handler                             0x0000163f   Thumb Code     2  startup_tm4c123.o(.text)
    SSI3_Handler                             0x00001641   Thumb Code     2  startup_tm4c123.o(.text)
    UART3_Handler                            0x00001643   Thumb Code     2  startup_tm4c123.o(.text)
    UART4_Handler                            0x00001645   Thumb Code     2  startup_tm4c123.o(.text)
    UART5_Handler                            0x00001647   Thumb Code     2  startup_tm4c123.o(.text)
    UART6_Handler                            0x00001649   Thumb Code     2  startup_tm4c123.o(.text)
    UART7_Handler                            0x0000164b   Thumb Code     2  startup_tm4c123.o(.text)
    I2C2_Handler                             0x0000164d   Thumb Code     2  startup_tm4c123.o(.text)
    I2C3_Handler                             0x0000164f   Thumb Code     2  startup_tm4c123.o(.text)
    TIMER4A_Handler                          0x00001651   Thumb Code     2  startup_tm4c123.o(.text)
    TIMER4B_Handler                          0x00001653   Thumb Code     2  startup_tm4c123.o(.text)
    TIMER5B_Handler                          0x00001657   Thumb Code     2  startup_tm4c123.o(.text)
    WTIMER0A_Handler                         0x00001659   Thumb Code     2  startup_tm4c123.o(.text)
    WTIMER0B_Handler                         0x0000165b   Thumb Code     2  startup_tm4c123.o(.text)
    WTIMER1A_Handler                         0x0000165d   Thumb Code     2  startup_tm4c123.o(.text)
    WTIMER1B_Handler                         0x0000165f   Thumb Code     2  startup_tm4c123.o(.text)
    WTIMER2A_Handler                         0x00001661   Thumb Code     2  startup_tm4c123.o(.text)
    WTIMER2B_Handler                         0x00001663   Thumb Code     2  startup_tm4c123.o(.text)
    WTIMER3A_Handler                         0x00001665   Thumb Code     2  startup_tm4c123.o(.text)
    WTIMER3B_Handler                         0x00001667   Thumb Code     2  startup_tm4c123.o(.text)
    WTIMER4A_Handler                         0x00001669   Thumb Code     2  startup_tm4c123.o(.text)
    WTIMER4B_Handler                         0x0000166b   Thumb Code     2  startup_tm4c123.o(.text)
    WTIMER5A_Handler                         0x0000166d   Thumb Code     2  startup_tm4c123.o(.text)
    WTIMER5B_Handler                         0x0000166f   Thumb Code     2  startup_tm4c123.o(.text)
    FPU_Handler                              0x00001671   Thumb Code     2  startup_tm4c123.o(.text)
    I2C4_Handler                             0x00001673   Thumb Code     2  startup_tm4c123.o(.text)
    I2C5_Handler                             0x00001675   Thumb Code     2  startup_tm4c123.o(.text)
    GPIOM_Handler                            0x00001677   Thumb Code     2  startup_tm4c123.o(.text)
    GPION_Handler                            0x00001679   Thumb Code     2  startup_tm4c123.o(.text)
    QEI2_Handler                             0x0000167b   Thumb Code     2  startup_tm4c123.o(.text)
    GPIOP0_Handler                           0x0000167d   Thumb Code     2  startup_tm4c123.o(.text)
    GPIOP1_Handler                           0x0000167f   Thumb Code     2  startup_tm4c123.o(.text)
    GPIOP2_Handler                           0x00001681   Thumb Code     2  startup_tm4c123.o(.text)
    GPIOP3_Handler                           0x00001683   Thumb Code     2  startup_tm4c123.o(.text)
    GPIOP4_Handler                           0x00001685   Thumb Code     2  startup_tm4c123.o(.text)
    GPIOP5_Handler                           0x00001687   Thumb Code     2  startup_tm4c123.o(.text)
    GPIOP6_Handler                           0x00001689   Thumb Code     2  startup_tm4c123.o(.text)
    GPIOP7_Handler                           0x0000168b   Thumb Code     2  startup_tm4c123.o(.text)
    GPIOQ0_Handler                           0x0000168d   Thumb Code     2  startup_tm4c123.o(.text)
    GPIOQ1_Handler                           0x0000168f   Thumb Code     2  startup_tm4c123.o(.text)
    GPIOQ2_Handler                           0x00001691   Thumb Code     2  startup_tm4c123.o(.text)
    GPIOQ3_Handler                           0x00001693   Thumb Code     2  startup_tm4c123.o(.text)
    GPIOQ4_Handler                           0x00001695   Thumb Code     2  startup_tm4c123.o(.text)
    GPIOQ5_Handler                           0x00001697   Thumb Code     2  startup_tm4c123.o(.text)
    GPIOQ6_Handler                           0x00001699   Thumb Code     2  startup_tm4c123.o(.text)
    GPIOQ7_Handler                           0x0000169b   Thumb Code     2  startup_tm4c123.o(.text)
    GPIOR_Handler                            0x0000169d   Thumb Code     2  startup_tm4c123.o(.text)
    GPIOS_Handler                            0x0000169f   Thumb Code     2  startup_tm4c123.o(.text)
    PMW1_0_Handler                           0x000016a1   Thumb Code     2  startup_tm4c123.o(.text)
    PWM1_1_Handler                           0x000016a3   Thumb Code     2  startup_tm4c123.o(.text)
    PWM1_2_Handler                           0x000016a5   Thumb Code     2  startup_tm4c123.o(.text)
    PWM1_3_Handler                           0x000016a7   Thumb Code     2  startup_tm4c123.o(.text)
    PWM1_FAULT_Handler                       0x000016a9   Thumb Code     2  startup_tm4c123.o(.text)
    SystemCoreClockUpdate                    0x0000176b   Thumb Code   184  system_tm4c123.o(.text)
    SystemInit                               0x00001823   Thumb Code   112  system_tm4c123.o(.text)
    validate_move                            0x0000190d   Thumb Code   140  board_setup.o(.text)
    hw3_test0                                0x00001999   Thumb Code   100  board_setup.o(.text)
    hw3_test1                                0x000019fd   Thumb Code    98  board_setup.o(.text)
    hw3_test2                                0x00001a5f   Thumb Code    98  board_setup.o(.text)
    hw3_test3                                0x00001ac1   Thumb Code    98  board_setup.o(.text)
    hw3_test4                                0x00001b23   Thumb Code    98  board_setup.o(.text)
    hw3_test5                                0x00001b85   Thumb Code    98  board_setup.o(.text)
    validate_hw3                             0x00001be7   Thumb Code    34  board_setup.o(.text)
    put_string                               0x00001cd5   Thumb Code    34  validate_uart.o(.text)
    validate_print_ice_validation_info_start 0x00001cf7   Thumb Code    68  validate_uart.o(.text)
    validate_print_ice_validation_info_end   0x00001d3b   Thumb Code    68  validate_uart.o(.text)
    staff_uart_config_gpio                   0x00001dfd   Thumb Code    82  validate_uart.o(.text)
    staff_uart_config_polling                0x00001e4f   Thumb Code    68  validate_uart.o(.text)
    validate_uart_baud_rate                  0x00001e93   Thumb Code    26  validate_uart.o(.text)
    validate_uart_line_control               0x00001ead   Thumb Code    18  validate_uart.o(.text)
    validate_uart_interrupt_mask             0x00001ebf   Thumb Code    18  validate_uart.o(.text)
    validate_uart_control                    0x00001ed1   Thumb Code    18  validate_uart.o(.text)
    validate_uart_interrupts_enabled         0x00001ee3   Thumb Code    44  validate_uart.o(.text)
    put_char                                 0x00001f0f   Thumb Code    20  validate_uart.o(.text)
    get_char                                 0x00001f23   Thumb Code    62  validate_uart.o(.text)
    get_string                               0x00001f61   Thumb Code    40  validate_uart.o(.text)
    initialize_serial_debug                  0x00001f89   Thumb Code    12  validate_uart.o(.text)
    print_test_status                        0x00001f95   Thumb Code    52  validate_uart.o(.text)
    validate_uart                            0x00001fc9   Thumb Code   126  validate_uart.o(.text)
    DisableInterrupts                        0x000020d5   Thumb Code     4  hw3_lib.o(.text)
    EnableInterrupts                         0x000020d9   Thumb Code     4  hw3_lib.o(.text)
    ece353_hw3_put_string                    0x00002173   Thumb Code    34  hw3_lib.o(.text)
    ece353_hw3_lcd_O_wins                    0x00002195   Thumb Code    30  hw3_lib.o(.text)
    ece353_hw3_lcd_X_wins                    0x000021b3   Thumb Code    30  hw3_lib.o(.text)
    ece353_hw3_lcd_tie                       0x000021d1   Thumb Code    30  hw3_lib.o(.text)
    ece353_hw3_init_serial                   0x000021ef   Thumb Code    12  hw3_lib.o(.text)
    validate_gpio_rcgc                       0x0000233d   Thumb Code    26  validate_sysctl.o(.text)
    validate_adc_rcgc                        0x00002357   Thumb Code    28  validate_sysctl.o(.text)
    validate_gpt_rcgc                        0x00002373   Thumb Code    28  validate_sysctl.o(.text)
    validate_uart_rcgc                       0x0000238f   Thumb Code    28  validate_sysctl.o(.text)
    validate_spi_rcgc                        0x000023ab   Thumb Code    28  validate_sysctl.o(.text)
    __aeabi_memcpy                           0x000023e5   Thumb Code    36  memcpya.o(.text)
    __aeabi_memcpy4                          0x000023e5   Thumb Code     0  memcpya.o(.text)
    __aeabi_memcpy8                          0x000023e5   Thumb Code     0  memcpya.o(.text)
    __aeabi_uidiv                            0x00002409   Thumb Code     0  uidiv.o(.text)
    __aeabi_uidivmod                         0x00002409   Thumb Code    44  uidiv.o(.text)
    __scatterload                            0x00002435   Thumb Code    28  init.o(.text)
    __scatterload_rt2                        0x00002435   Thumb Code     0  init.o(.text)
    __0sprintf$6                             0x00002459   Thumb Code    34  printf6.o(i.__0sprintf$6)
    __1sprintf$6                             0x00002459   Thumb Code     0  printf6.o(i.__0sprintf$6)
    __2sprintf                               0x00002459   Thumb Code     0  printf6.o(i.__0sprintf$6)
    __scatterload_copy                       0x00002481   Thumb Code    14  handlers.o(i.__scatterload_copy)
    __scatterload_null                       0x0000248f   Thumb Code     2  handlers.o(i.__scatterload_null)
    __scatterload_zeroinit                   0x00002491   Thumb Code    14  handlers.o(i.__scatterload_zeroinit)
    Bitmaps_X                                0x000027ec   Data         230  tic_tac_toe_images.o(.constdata)
    Bitmaps_O                                0x000028d2   Data         230  tic_tac_toe_images.o(.constdata)
    MoveText                                 0x000029b8   Data          24  board_setup.o(.constdata)
    ActionText                               0x000029d0   Data           8  board_setup.o(.constdata)
    StatusText                               0x000029d8   Data          16  board_setup.o(.constdata)
    button_owinsBitmaps                      0x00002ae0   Data         476  hw3_lib.o(.constdata)
    button_owinsWidthPixels                  0x00002cbc   Data           1  hw3_lib.o(.constdata)
    button_owinsHeightPixels                 0x00002cbd   Data           1  hw3_lib.o(.constdata)
    button_xwinsBitmaps                      0x00002cbe   Data         442  hw3_lib.o(.constdata)
    button_xwinsWidthPixels                  0x00002e78   Data           1  hw3_lib.o(.constdata)
    button_xwinsHeightPixels                 0x00002e79   Data           1  hw3_lib.o(.constdata)
    button_itsatieBitmaps                    0x00002e7a   Data         544  hw3_lib.o(.constdata)
    button_itsatieWidthPixels                0x0000309a   Data           1  hw3_lib.o(.constdata)
    button_itsatieHeightPixels               0x0000309b   Data           1  hw3_lib.o(.constdata)
    Region$$Table$$Base                      0x00003158   Number         0  anon$$obj.o(Region$$Table)
    Region$$Table$$Limit                     0x00003178   Number         0  anon$$obj.o(Region$$Table)
    individual_1                             0x20000000   Data          15  tic_tac_toe.o(.data)
    Current_Direction                        0x2000000f   Data           1  tic_tac_toe.o(.data)
    Previous_Direction                       0x20000010   Data           1  tic_tac_toe.o(.data)
    piecesInPlay                             0x20000014   Data           4  tic_tac_toe.o(.data)
    curr_x                                   0x20000018   Data           4  tic_tac_toe.o(.data)
    curr_y                                   0x2000001c   Data           4  tic_tac_toe.o(.data)
    pressed                                  0x20000020   Data           4  tic_tac_toe.o(.data)
    isX                                      0x20000024   Data           1  tic_tac_toe.o(.data)
    ALERT_SAMPLE                             0x20000025   Data           1  tic_tac_toe.o(.data)
    X_Val                                    0x20000026   Data           2  tic_tac_toe.o(.data)
    Y_Val                                    0x20000028   Data           2  tic_tac_toe.o(.data)
    gp_timer                                 0x2000002c   Data           4  tic_tac_toe.o(.data)
    yloc                                     0x20000030   Data           6  tic_tac_toe.o(.data)
    xloc                                     0x20000036   Data           6  tic_tac_toe.o(.data)
    SystemCoreClock                          0x2000003c   Data           4  system_tm4c123.o(.data)
    board                                    0x20000040   Data           9  tic_tac_toe.o(.bss)
    score                                    0x2000004c   Data          32  tic_tac_toe.o(.bss)
    __initial_sp                             0x20001070   Data           0  startup_tm4c123.o(STACK)



==============================================================================

Memory Map of the image

  Image Entry point : 0x000015b9

  Load Region LR_1 (Base: 0x00000000, Size: 0x000031b8, Max: 0xffffffff, ABSOLUTE)

    Execution Region ER_RO (Exec base: 0x00000000, Load base: 0x00000000, Size: 0x00003178, Max: 0xffffffff, ABSOLUTE)

    Exec Addr    Load Addr    Size         Type   Attr      Idx    E Section Name        Object

    0x00000000   0x00000000   0x0000026c   Data   RO          304    RESET               startup_tm4c123.o
    0x0000026c   0x0000026c   0x00000000   Code   RO          573  * .ARM.Collect$$$$00000000  mc_w.l(entry.o)
    0x0000026c   0x0000026c   0x00000004   Code   RO          841    .ARM.Collect$$$$00000001  mc_w.l(entry2.o)
    0x00000270   0x00000270   0x00000004   Code   RO          844    .ARM.Collect$$$$00000004  mc_w.l(entry5.o)
    0x00000274   0x00000274   0x00000000   Code   RO          846    .ARM.Collect$$$$00000008  mc_w.l(entry7b.o)
    0x00000274   0x00000274   0x00000000   Code   RO          848    .ARM.Collect$$$$0000000A  mc_w.l(entry8b.o)
    0x00000274   0x00000274   0x00000008   Code   RO          849    .ARM.Collect$$$$0000000B  mc_w.l(entry9a.o)
    0x0000027c   0x0000027c   0x00000000   Code   RO          851    .ARM.Collect$$$$0000000D  mc_w.l(entry10a.o)
    0x0000027c   0x0000027c   0x00000000   Code   RO          853    .ARM.Collect$$$$0000000F  mc_w.l(entry11a.o)
    0x0000027c   0x0000027c   0x00000004   Code   RO          842    .ARM.Collect$$$$00002712  mc_w.l(entry2.o)
    0x00000280   0x00000280   0x00000134   Code   RO            4    .text               main.o
    0x000003b4   0x000003b4   0x00000708   Code   RO          109    .text               tic_tac_toe.o
    0x00000abc   0x00000abc   0x00000268   Code   RO          180    .text               gpio_port.o
    0x00000d24   0x00000d24   0x00000188   Code   RO          204    .text               timers.o
    0x00000eac   0x00000eac   0x000005ec   Code   RO          252    .text               lcd.o
    0x00001498   0x00001498   0x00000120   Code   RO          276    .text               ps2.o
    0x000015b8   0x000015b8   0x000000fc   Code   RO          305  * .text               startup_tm4c123.o
    0x000016b4   0x000016b4   0x00000250   Code   RO          312    .text               system_tm4c123.o
    0x00001904   0x00001904   0x000003d0   Code   RO          342    .text               ece353_hw3_validate.lib(board_setup.o)
    0x00001cd4   0x00001cd4   0x00000400   Code   RO          474    .text               ece353_hw3_validate.lib(validate_uart.o)
    0x000020d4   0x000020d4   0x00000144   Code   RO          499    .text               ece353_hw3.lib(hw3_lib.o)
    0x00002218   0x00002218   0x000001cc   Code   RO          552    .text               ece353_hw3_validate.lib(validate_sysctl.o)
    0x000023e4   0x000023e4   0x00000024   Code   RO          576    .text               mc_w.l(memcpya.o)
    0x00002408   0x00002408   0x0000002c   Code   RO          858    .text               mc_w.l(uidiv.o)
    0x00002434   0x00002434   0x00000024   Code   RO          873    .text               mc_w.l(init.o)
    0x00002458   0x00002458   0x00000028   Code   RO          737    i.__0sprintf$6      mc_w.l(printf6.o)
    0x00002480   0x00002480   0x0000000e   Code   RO          887    i.__scatterload_copy  mc_w.l(handlers.o)
    0x0000248e   0x0000248e   0x00000002   Code   RO          888    i.__scatterload_null  mc_w.l(handlers.o)
    0x00002490   0x00002490   0x0000000e   Code   RO          889    i.__scatterload_zeroinit  mc_w.l(handlers.o)
    0x0000249e   0x0000249e   0x00000002   PAD
    0x000024a0   0x000024a0   0x000002f0   Code   RO          742    i._printf_core      mc_w.l(printf6.o)
    0x00002790   0x00002790   0x00000024   Code   RO          743    i._printf_post_padding  mc_w.l(printf6.o)
    0x000027b4   0x000027b4   0x0000002e   Code   RO          744    i._printf_pre_padding  mc_w.l(printf6.o)
    0x000027e2   0x000027e2   0x0000000a   Code   RO          746    i._sputc            mc_w.l(printf6.o)
    0x000027ec   0x000027ec   0x000001cc   Data   RO          141    .constdata          tic_tac_toe_images.o
    0x000029b8   0x000029b8   0x00000128   Data   RO          343    .constdata          ece353_hw3_validate.lib(board_setup.o)
    0x00002ae0   0x00002ae0   0x000005bc   Data   RO          500    .constdata          ece353_hw3.lib(hw3_lib.o)
    0x0000309c   0x0000309c   0x0000005d   Data   RO          344    .conststring        ece353_hw3_validate.lib(board_setup.o)
    0x000030f9   0x000030f9   0x00000003   PAD
    0x000030fc   0x000030fc   0x0000005c   Data   RO          475    .conststring        ece353_hw3_validate.lib(validate_uart.o)
    0x00003158   0x00003158   0x00000020   Data   RO          885    Region$$Table       anon$$obj.o


    Execution Region ER_RW (Exec base: 0x20000000, Load base: 0x00003178, Size: 0x00000040, Max: 0xffffffff, ABSOLUTE)

    Exec Addr    Load Addr    Size         Type   Attr      Idx    E Section Name        Object

    0x20000000   0x00003178   0x0000003c   Data   RW          111    .data               tic_tac_toe.o
    0x2000003c   0x000031b4   0x00000004   Data   RW          313    .data               system_tm4c123.o


    Execution Region ER_ZI (Exec base: 0x20000040, Load base: 0x000031b8, Size: 0x00001030, Max: 0xffffffff, ABSOLUTE)

    Exec Addr    Load Addr    Size         Type   Attr      Idx    E Section Name        Object

    0x20000040        -       0x0000002c   Zero   RW          110    .bss                tic_tac_toe.o
    0x2000006c   0x000031b8   0x00000004   PAD
    0x20000070        -       0x00001000   Zero   RW          302    STACK               startup_tm4c123.o


==============================================================================

Image component sizes


      Code (inc. data)   RO Data    RW Data    ZI Data      Debug   Object Name

       616         32          0          0          0       4974   gpio_port.o
      1516         28          0          0          0       4201   lcd.o
       308        102          0          0          0      29391   main.o
       288         34          0          0          0      31171   ps2.o
       252         10        620          0       4096       5404   startup_tm4c123.o
       592        138          0          4          0       1485   system_tm4c123.o
      1800        138          0         60         44      36145   tic_tac_toe.o
         0          0        460          0          0        478   tic_tac_toe_images.o
       392         18          0          0          0       2031   timers.o

    ----------------------------------------------------------------------
      5764        500       1112         64       4144     115280   Object Totals
         0          0         32          0          0          0   (incl. Generated)
         0          0          0          0          4          0   (incl. Padding)

    ----------------------------------------------------------------------

      Code (inc. data)   RO Data    RW Data    ZI Data      Debug   Library Member Name

       324         30       1468          0          0       2859   hw3_lib.o
       976        204        389          0          0      32514   board_setup.o
       460         38          0          0          0       2598   validate_sysctl.o
      1024        150         92          0          0       5594   validate_uart.o
         0          0          0          0          0          0   entry.o
         0          0          0          0          0          0   entry10a.o
         0          0          0          0          0          0   entry11a.o
         8          4          0          0          0          0   entry2.o
         4          0          0          0          0          0   entry5.o
         0          0          0          0          0          0   entry7b.o
         0          0          0          0          0          0   entry8b.o
         8          4          0          0          0          0   entry9a.o
        30          0          0          0          0          0   handlers.o
        36          8          0          0          0         68   init.o
        36          0          0          0          0         68   memcpya.o
       884         10          0          0          0        420   printf6.o
        44          0          0          0          0         80   uidiv.o

    ----------------------------------------------------------------------
      3836        448       1952          0          0      44201   Library Totals
         2          0          3          0          0          0   (incl. Padding)

    ----------------------------------------------------------------------

      Code (inc. data)   RO Data    RW Data    ZI Data      Debug   Library Name

       324         30       1468          0          0       2859   ece353_hw3.lib
      2460        392        481          0          0      40706   ece353_hw3_validate.lib
      1050         26          0          0          0        636   mc_w.l

    ----------------------------------------------------------------------
      3836        448       1952          0          0      44201   Library Totals

    ----------------------------------------------------------------------

==============================================================================


      Code (inc. data)   RO Data    RW Data    ZI Data      Debug   

      9600        948       3064         64       4144     157825   Grand Totals
      9600        948       3064         64       4144     157825   ELF Image Totals
      9600        948       3064         64          0          0   ROM Totals

==============================================================================

    Total RO  Size (Code + RO Data)                12664 (  12.37kB)
    Total RW  Size (RW Data + ZI Data)              4208 (   4.11kB)
    Total ROM Size (Code + RO Data + RW Data)      12728 (  12.43kB)

==============================================================================

