Component: ARM Compiler 5.06 update 5 (build 528) Tool: armlink [4d35e2]

==============================================================================

Section Cross References

    main.o(.text) refers to launchpad_io.o(.text) for lp_io_init
    main.o(.text) refers to ps2.o(.text) for ps2_initialize
    main.o(.text) refers to eeprom.o(.text) for eeprom_init
    main.o(.text) refers to io_expander.o(.text) for io_expander_init
    main.o(.text) refers to lcd.o(.text) for lcd_config_gpio
    main.o(.text) refers to ft6x06.o(.text) for ft6x06_init
    main.o(.text) refers to serial_debug.o(.text) for init_serial_debug
    main.o(.text) refers to spi_select.o(.text) for spi_select_init
    main.o(.text) refers to wireless.o(.text) for wireless_initialize
    main.o(.text) refers to timers.o(.text) for timers_init
    main.o(.text) refers to printf1.o(i.__0printf$1) for __2printf
    main.o(.text) refers to graphics.o(.text) for clear
    main.o(.text) refers to blackjack.o(.text) for master_game
    main.o(.text) refers to main.o(.data) for up
    main.o(.text) refers to main.o(.bss) for global_event_data
    main.o(.text) refers to timers.o(.data) for ALERT_1MS
    blackjack.o(.text) refers to rand.o(.text) for rand
    blackjack.o(.text) refers to printf1.o(i.__0printf$1) for __2printf
    blackjack.o(.text) refers to main.o(.data) for currCard
    blackjack.o(.text) refers to main.o(.bss) for Deck
    pc_buffer.o(.text) refers to malloc.o(i.malloc) for malloc
    timers.o(.text) refers to timers.o(.data) for ALERT_5000MS
    interrupts.o(.text) refers to interrupts.o(.data) for count
    io_expander.o(.text) refers to i2c.o(.text) for i2cVerifyBaseAddr
    io_expander.o(.text) refers to gpio_port.o(.text) for gpio_enable_port
    lcd.o(.text) refers to gpio_port.o(.text) for gpio_enable_port
    eeprom.o(.text) refers to i2c.o(.text) for i2cVerifyBaseAddr
    eeprom.o(.text) refers to gpio_port.o(.text) for gpio_enable_port
    ft6x06.o(.text) refers to i2c.o(.text) for I2CMasterBusy
    ft6x06.o(.text) refers to gpio_port.o(.text) for gpio_enable_port
    ps2.o(.text) refers to gpio_port.o(.text) for gpio_enable_port
    ps2.o(.text) refers to adc.o(.text) for get_adc_value
    serial_debug.o(.text) refers to gpio_port.o(.text) for gpio_enable_port
    serial_debug.o(.text) refers to pc_buffer.o(.text) for pc_buffer_init
    serial_debug.o(.text) refers to uart.o(.text) for uart_init
    serial_debug.o(.text) refers to main.o(.text) for DisableInterrupts
    serial_debug.o(.text) refers to serial_debug.o(.data) for Rx_Interrupts_Enabled
    serial_debug.o(.text) refers to serial_debug.o(.bss) for UART0_Tx_Buffer
    serial_debug.o(.text) refers to stdout.o(.data) for __stdout
    spi_select.o(.text) refers to gpio_port.o(.text) for gpio_enable_port
    wireless.o(.text) refers to spi.o(.text) for spiTx
    wireless.o(.text) refers to gpio_port.o(.text) for gpio_enable_port
    wireless.o(.text) refers to timers.o(.text) for reset_watchDog
    wireless.o(.text) refers to main.o(.data) for data_flag
    wireless.o(.data) refers to wireless.o(.conststring) for .conststring
    ws2812b_ice.o(.text) refers to ws2812b_ice.o(.data) for direction
    graphics.o(.text) refers to lcd.o(.text) for lcd_clear_screen
    graphics.o(.text) refers to graphics.o(.data) for defaultBackgroundColor
    graphics.o(.text) refers to image_data.o(.constdata) for microsoftSansSerif_8ptDescriptors
    graphics.o(.text) refers to strlen.o(.text) for strlen
    graphics.o(.text) refers to memcpya.o(.text) for __aeabi_memcpy4
    graphics.o(.text) refers to strcat.o(.text) for strcat
    graphics.o(.text) refers to graphics.o(.constdata) for .constdata
    graphics.o(.text) refers to main.o(.data) for global_game_state_data
    graphics.o(.text) refers to main.o(.bss) for dealerHand
    graphics.o(.text) refers to f2d.o(.text) for __aeabi_f2d
    graphics.o(.text) refers to dadd.o(.text) for __aeabi_dadd
    graphics.o(.text) refers to d2f.o(.text) for __aeabi_d2f
    graphics.o(.text) refers to dflti.o(.text) for __aeabi_i2d
    graphics.o(.text) refers to sin.o(i.__hardfp_sin) for __hardfp_sin
    graphics.o(.text) refers to dmul.o(.text) for __aeabi_dmul
    graphics.o(.text) refers to dfixi.o(.text) for __aeabi_d2iz
    graphics.o(.text) refers to cos.o(i.__hardfp_cos) for __hardfp_cos
    graphics.o(.text) refers to dfixui.o(.text) for __aeabi_d2uiz
    startup_tm4c123.o(RESET) refers to startup_tm4c123.o(STACK) for __initial_sp
    startup_tm4c123.o(RESET) refers to startup_tm4c123.o(.text) for Reset_Handler
    startup_tm4c123.o(RESET) refers to interrupts.o(.text) for SysTick_Handler
    startup_tm4c123.o(RESET) refers to wireless.o(.text) for GPIOC_Handler
    startup_tm4c123.o(RESET) refers to serial_debug.o(.text) for UART0_Handler
    startup_tm4c123.o(RESET) refers to timers.o(.text) for WDT0_Handler
    startup_tm4c123.o(.text) refers to system_tm4c123.o(.text) for SystemInit
[...]
    mallocr.o(i.__malloc$realloc) refers to mvars.o(.data) for __microlib_freelist_initialised
    mallocr.o(i.__malloc$realloc) refers to startup_tm4c123.o(HEAP) for __heap_base
    mallocr.o(i.__malloc$realloc) refers to mvars.o(.data) for __microlib_freelist
    mallocr.o(i.internal_alloc) refers to memcpya.o(.text) for __aeabi_memcpy
    mallocr.o(i.internal_alloc) refers to mvars.o(.data) for __microlib_freelist
    mallocr.o(i.realloc) refers to mallocr.o(i.__free$realloc) for __free$realloc
    mallocr.o(i.realloc) refers to mallocr.o(i.internal_alloc) for internal_alloc
    mallocr.o(i.realloc) refers to mallocr.o(i.__malloc$realloc) for __malloc$realloc
    mallocr.o(i.realloc) refers to mvars.o(.data) for __microlib_freelist
    malloca.o(i.__aligned_malloc) refers to mvars.o(.data) for __microlib_freelist_initialised
    malloca.o(i.__aligned_malloc) refers to mvars.o(.data) for __microlib_freelist
    malloca.o(i.__aligned_malloc) refers to startup_tm4c123.o(HEAP) for __heap_base
    malloca.o(i.__free$memalign) refers to mvars.o(.data) for __microlib_freelist
    malloca.o(i.__malloc$memalign) refers to malloca.o(i.__aligned_malloc) for __aligned_malloc
    mallocra.o(i.__aligned_malloc$realloc) refers to mallocra.o(i.internal_alloc) for internal_alloc
    mallocra.o(i.__aligned_malloc$realloc) refers to mvars.o(.data) for __microlib_freelist_initialised
    mallocra.o(i.__aligned_malloc$realloc) refers to startup_tm4c123.o(HEAP) for __heap_base
    mallocra.o(i.__aligned_malloc$realloc) refers to mvars.o(.data) for __microlib_freelist
    mallocra.o(i.__free$realloc$memalign) refers to mvars.o(.data) for __microlib_freelist
    mallocra.o(i.__malloc$realloc$memalign) refers to mallocra.o(i.__aligned_malloc$realloc) for __aligned_malloc$realloc
    mallocra.o(i.__realloc$memalign) refers to mallocra.o(i.__free$realloc$memalign) for __free$realloc$memalign
    mallocra.o(i.__realloc$memalign) refers to mallocra.o(i.internal_alloc) for internal_alloc
    mallocra.o(i.__realloc$memalign) refers to mallocra.o(i.__malloc$realloc$memalign) for __malloc$realloc$memalign
    mallocra.o(i.__realloc$memalign) refers to mvars.o(.data) for __microlib_freelist
    mallocra.o(i.internal_alloc) refers to memcpya.o(.text) for __aeabi_memcpy
    mallocra.o(i.internal_alloc) refers to mvars.o(.data) for __microlib_freelist
    dadd.o(.text) refers (Special) to iusefp.o(.text) for __I$use$fp
    dadd.o(.text) refers to llshl.o(.text) for __aeabi_llsl
    dadd.o(.text) refers to llsshr.o(.text) for __aeabi_lasr
    dadd.o(.text) refers to depilogue.o(.text) for _double_epilogue
    dmul.o(.text) refers (Special) to iusefp.o(.text) for __I$use$fp
    dmul.o(.text) refers to depilogue.o(.text) for _double_epilogue
    dflti.o(.text) refers (Special) to iusefp.o(.text) for __I$use$fp
    dflti.o(.text) refers to depilogue.o(.text) for _double_epilogue
    dfixi.o(.text) refers (Special) to iusefp.o(.text) for __I$use$fp
    dfixi.o(.text) refers to llushr.o(.text) for __aeabi_llsr
    dfixui.o(.text) refers (Special) to iusefp.o(.text) for __I$use$fp
    dfixui.o(.text) refers to llushr.o(.text) for __aeabi_llsr
    f2d.o(.text) refers (Special) to iusefp.o(.text) for __I$use$fp
    d2f.o(.text) refers (Special) to iusefp.o(.text) for __I$use$fp
    d2f.o(.text) refers to fepilogue.o(.text) for _float_round
    cos_i.o(i.__kernel_cos) refers (Special) to iusefp.o(.text) for __I$use$fp
    cos_i.o(i.__kernel_cos) refers to dfixi.o(.text) for __aeabi_d2iz
    cos_i.o(i.__kernel_cos) refers to dmul.o(.text) for __aeabi_dmul
    cos_i.o(i.__kernel_cos) refers to poly.o(i.__kernel_poly) for __kernel_poly
    cos_i.o(i.__kernel_cos) refers to dadd.o(.text) for __aeabi_dsub
    cos_i.o(i.__kernel_cos) refers to cos_i.o(.constdata) for .constdata
    cos_i.o(.constdata) refers (Special) to iusefp.o(.text) for __I$use$fp
    dunder.o(i.__mathlib_dbl_divzero) refers to ddiv.o(.text) for __aeabi_ddiv
    dunder.o(i.__mathlib_dbl_infnan) refers to dadd.o(.text) for __aeabi_dadd
    dunder.o(i.__mathlib_dbl_infnan2) refers to dadd.o(.text) for __aeabi_dadd
    dunder.o(i.__mathlib_dbl_invalid) refers to ddiv.o(.text) for __aeabi_ddiv
    dunder.o(i.__mathlib_dbl_overflow) refers to dmul.o(.text) for __aeabi_dmul
    dunder.o(i.__mathlib_dbl_posinfnan) refers to dmul.o(.text) for __aeabi_dmul
    dunder.o(i.__mathlib_dbl_underflow) refers to dmul.o(.text) for __aeabi_dmul
    rred.o(i.__ieee754_rem_pio2) refers (Special) to iusefp.o(.text) for __I$use$fp
    rred.o(i.__ieee754_rem_pio2) refers to dadd.o(.text) for __aeabi_dsub
    rred.o(i.__ieee754_rem_pio2) refers to fabs.o(i.fabs) for fabs
    rred.o(i.__ieee754_rem_pio2) refers to dmul.o(.text) for __aeabi_dmul
    rred.o(i.__ieee754_rem_pio2) refers to dfixi.o(.text) for __aeabi_d2iz
    rred.o(i.__ieee754_rem_pio2) refers to dflti.o(.text) for __aeabi_i2d
    rred.o(i.__ieee754_rem_pio2) refers to dfltui.o(.text) for __aeabi_ui2d
    rred.o(i.__ieee754_rem_pio2) refers to rred.o(.constdata) for .constdata
    rred.o(i.__use_accurate_range_reduction) refers (Special) to iusefp.o(.text) for __I$use$fp
    rred.o(.constdata) refers (Special) to iusefp.o(.text) for __I$use$fp
    sin_i.o(i.__kernel_sin) refers (Special) to iusefp.o(.text) for __I$use$fp
    sin_i.o(i.__kernel_sin) refers to fpclassify.o(i.__ARM_fpclassify) for __ARM_fpclassify
    sin_i.o(i.__kernel_sin) refers to dunder.o(i.__mathlib_dbl_underflow) for __mathlib_dbl_underflow
    sin_i.o(i.__kernel_sin) refers to dmul.o(.text) for __aeabi_dmul
    sin_i.o(i.__kernel_sin) refers to poly.o(i.__kernel_poly) for __kernel_poly
    sin_i.o(i.__kernel_sin) refers to dadd.o(.text) for __aeabi_dsub
    sin_i.o(i.__kernel_sin) refers to sin_i.o(.constdata) for .constdata
    sin_i.o(.constdata) refers (Special) to iusefp.o(.text) for __I$use$fp
    sin_i_x.o(i.____kernel_sin$lsc) refers (Special) to iusefp.o(.text) for __I$use$fp
    sin_i_x.o(i.____kernel_sin$lsc) refers to dmul.o(.text) for __aeabi_dmul
    sin_i_x.o(i.____kernel_sin$lsc) refers to poly.o(i.__kernel_poly) for __kernel_poly
    sin_i_x.o(i.____kernel_sin$lsc) refers to dadd.o(.text) for __aeabi_dsub
    sin_i_x.o(i.____kernel_sin$lsc) refers to sin_i_x.o(.constdata) for .constdata
    sin_i_x.o(.constdata) refers (Special) to iusefp.o(.text) for __I$use$fp
    entry2.o(.ARM.Collect$$$$00000001) refers to entry2.o(.ARM.Collect$$$$00002712) for __lit__00000000
    entry2.o(.ARM.Collect$$$$00002712) refers to startup_tm4c123.o(STACK) for __initial_sp
    entry2.o(__vectab_stack_and_reset_area) refers to startup_tm4c123.o(STACK) for __initial_sp
    entry2.o(__vectab_stack_and_reset_area) refers to entry.o(.ARM.Collect$$$$00000000) for __main
    entry5.o(.ARM.Collect$$$$00000004) refers to init.o(.text) for __scatterload
    entry9a.o(.ARM.Collect$$$$0000000B) refers to main.o(.text) for main
    entry9b.o(.ARM.Collect$$$$0000000C) refers to main.o(.text) for main
    uldiv.o(.text) refers to llushr.o(.text) for __aeabi_llsr
    uldiv.o(.text) refers to llshl.o(.text) for __aeabi_llsl
    errno.o(i.__aeabi_errno_addr) refers to errno.o(.data) for .data
    errno.o(i.__read_errno) refers to errno.o(.data) for .data
    errno.o(i.__set_errno) refers to errno.o(.data) for .data
    depilogue.o(.text) refers to llshl.o(.text) for __aeabi_llsl
    depilogue.o(.text) refers to llushr.o(.text) for __aeabi_llsr
    ddiv.o(.text) refers to depilogue.o(.text) for _double_round
    dfixul.o(.text) refers to llushr.o(.text) for __aeabi_llsr
    dfixul.o(.text) refers to llshl.o(.text) for __aeabi_llsl
    fabs.o(i.__hardfp_fabs) refers (Special) to iusefp.o(.text) for __I$use$fp
    fabs.o(i.__softfp_fabs) refers (Special) to iusefp.o(.text) for __I$use$fp
    fabs.o(i.fabs) refers (Special) to iusefp.o(.text) for __I$use$fp
    fpclassify.o(i.__ARM_fpclassify) refers (Special) to iusefp.o(.text) for __I$use$fp
    poly.o(i.__kernel_poly) refers (Special) to iusefp.o(.text) for __I$use$fp
    poly.o(i.__kernel_poly) refers to dmul.o(.text) for __aeabi_dmul
    poly.o(i.__kernel_poly) refers to dadd.o(.text) for __aeabi_dadd
    init.o(.text) refers to entry5.o(.ARM.Collect$$$$00000004) for __main_after_scatterload
    dfltui.o(.text) refers to depilogue.o(.text) for _double_epilogue


==============================================================================

Removing Unused input sections from the image.

    Removing main.o(.rev16_text), (4 bytes).
    Removing main.o(.revsh_text), (4 bytes).
    Removing main.o(.rrx_text), (6 bytes).
    Removing blackjack.o(.rev16_text), (4 bytes).
    Removing blackjack.o(.revsh_text), (4 bytes).
    Removing blackjack.o(.rrx_text), (6 bytes).
    Removing gpio_port.o(.rev16_text), (4 bytes).
    Removing gpio_port.o(.revsh_text), (4 bytes).
    Removing gpio_port.o(.rrx_text), (6 bytes).
    Removing adc.o(.rev16_text), (4 bytes).
    Removing adc.o(.revsh_text), (4 bytes).
    Removing adc.o(.rrx_text), (6 bytes).
    Removing i2c.o(.rev16_text), (4 bytes).
    Removing i2c.o(.revsh_text), (4 bytes).
    Removing i2c.o(.rrx_text), (6 bytes).
    Removing spi.o(.rev16_text), (4 bytes).
    Removing spi.o(.revsh_text), (4 bytes).
    Removing spi.o(.rrx_text), (6 bytes).
    Removing timers.o(.rev16_text), (4 bytes).
    Removing timers.o(.revsh_text), (4 bytes).
    Removing timers.o(.rrx_text), (6 bytes).
    Removing uart.o(.rev16_text), (4 bytes).
    Removing uart.o(.revsh_text), (4 bytes).
    Removing uart.o(.rrx_text), (6 bytes).
    Removing interrupts.o(.rev16_text), (4 bytes).
    Removing interrupts.o(.revsh_text), (4 bytes).
    Removing interrupts.o(.rrx_text), (6 bytes).
    Removing io_expander.o(.rev16_text), (4 bytes).
    Removing io_expander.o(.revsh_text), (4 bytes).
    Removing io_expander.o(.rrx_text), (6 bytes).
    Removing lcd.o(.rev16_text), (4 bytes).
    Removing lcd.o(.revsh_text), (4 bytes).
    Removing lcd.o(.rrx_text), (6 bytes).
    Removing eeprom.o(.rev16_text), (4 bytes).
    Removing eeprom.o(.revsh_text), (4 bytes).
    Removing eeprom.o(.rrx_text), (6 bytes).
    Removing ft6x06.o(.rev16_text), (4 bytes).
    Removing ft6x06.o(.revsh_text), (4 bytes).
    Removing ft6x06.o(.rrx_text), (6 bytes).
    Removing launchpad_io.o(.rev16_text), (4 bytes).
    Removing launchpad_io.o(.revsh_text), (4 bytes).
    Removing launchpad_io.o(.rrx_text), (6 bytes).
    Removing ps2.o(.rev16_text), (4 bytes).
    Removing ps2.o(.revsh_text), (4 bytes).
    Removing ps2.o(.rrx_text), (6 bytes).
    Removing serial_debug.o(.rev16_text), (4 bytes).
    Removing serial_debug.o(.revsh_text), (4 bytes).
    Removing serial_debug.o(.rrx_text), (6 bytes).
    Removing spi_select.o(.rev16_text), (4 bytes).
    Removing spi_select.o(.revsh_text), (4 bytes).
    Removing spi_select.o(.rrx_text), (6 bytes).
    Removing wireless.o(.rev16_text), (4 bytes).
    Removing wireless.o(.revsh_text), (4 bytes).
    Removing wireless.o(.rrx_text), (6 bytes).
    Removing wireless.o(.conststring), (125 bytes).
    Removing wireless.o(.data), (24 bytes).
    Removing ws2812b_ice.o(.rev16_text), (4 bytes).
    Removing ws2812b_ice.o(.revsh_text), (4 bytes).
    Removing ws2812b_ice.o(.rrx_text), (6 bytes).
    Removing ws2812b_ice.o(.text), (252 bytes).
    Removing ws2812b_ice.o(.data), (4 bytes).
    Removing graphics.o(.rev16_text), (4 bytes).
    Removing graphics.o(.revsh_text), (4 bytes).
    Removing graphics.o(.rrx_text), (6 bytes).
    Removing system_tm4c123.o(.rev16_text), (4 bytes).
    Removing system_tm4c123.o(.revsh_text), (4 bytes).
    Removing system_tm4c123.o(.rrx_text), (6 bytes).
    Removing dneg.o(.text), (6 bytes).
    Removing dfixul.o(.text), (48 bytes).
    Removing cdrcmple.o(.text), (48 bytes).

70 unused section(s) (total 801 bytes) removed from the image.

==============================================================================

Image Symbol Table

    Local Symbols

    Symbol Name                              Value     Ov Type        Size  Object(Section)

    RESET                                    0x00000000   Section      620  startup_tm4c123.o(RESET)
    ../clib/microlib/division.c              0x00000000   Number         0  uldiv.o ABSOLUTE
    ../clib/microlib/division.c              0x00000000   Number         0  uidiv.o ABSOLUTE
    ../clib/microlib/errno.c                 0x00000000   Number         0  errno.o ABSOLUTE
    ../clib/microlib/init/entry.s            0x00000000   Number         0  entry.o ABSOLUTE
    ../clib/microlib/init/entry.s            0x00000000   Number         0  entry2.o ABSOLUTE
    ../clib/microlib/init/entry.s            0x00000000   Number         0  entry10b.o ABSOLUTE
    ../clib/microlib/init/entry.s            0x00000000   Number         0  entry9b.o ABSOLUTE
    ../clib/microlib/init/entry.s            0x00000000   Number         0  entry9a.o ABSOLUTE
    ../clib/microlib/init/entry.s            0x00000000   Number         0  entry7a.o ABSOLUTE
    ../clib/microlib/init/entry.s            0x00000000   Number         0  entry8b.o ABSOLUTE
    ../clib/microlib/init/entry.s            0x00000000   Number         0  entry8a.o ABSOLUTE
    ../clib/microlib/init/entry.s            0x00000000   Number         0  entry7b.o ABSOLUTE
    ../clib/microlib/init/entry.s            0x00000000   Number         0  entry5.o ABSOLUTE
    ../clib/microlib/init/entry.s            0x00000000   Number         0  entry10a.o ABSOLUTE
    ../clib/microlib/init/entry.s            0x00000000   Number         0  entry11b.o ABSOLUTE
    ../clib/microlib/init/entry.s            0x00000000   Number         0  entry11a.o ABSOLUTE
    ../clib/microlib/longlong.c              0x00000000   Number         0  llshl.o ABSOLUTE
    ../clib/microlib/longlong.c              0x00000000   Number         0  llushr.o ABSOLUTE
    ../clib/microlib/longlong.c              0x00000000   Number         0  llsshr.o ABSOLUTE
    ../clib/microlib/malloc/malloc.c         0x00000000   Number         0  malloc.o ABSOLUTE
    ../clib/microlib/malloc/malloc.c         0x00000000   Number         0  malloca.o ABSOLUTE
    ../clib/microlib/malloc/malloc.c         0x00000000   Number         0  mallocr.o ABSOLUTE
    ../clib/microlib/malloc/malloc.c         0x00000000   Number         0  mallocra.o ABSOLUTE
    ../clib/microlib/malloc/mvars.c          0x00000000   Number         0  mvars.o ABSOLUTE
    ../clib/microlib/printf/printf.c         0x00000000   Number         0  printf8.o ABSOLUTE
    ../clib/microlib/printf/printf.c         0x00000000   Number         0  printfa.o ABSOLUTE
    ../clib/microlib/printf/printf.c         0x00000000   Number         0  printfb.o ABSOLUTE
    ../clib/microlib/printf/printf.c         0x00000000   Number         0  printf3.o ABSOLUTE
    ../clib/microlib/printf/printf.c         0x00000000   Number         0  printf4.o ABSOLUTE
    ../clib/microlib/printf/printf.c         0x00000000   Number         0  printf5.o ABSOLUTE
    ../clib/microlib/printf/printf.c         0x00000000   Number         0  printf6.o ABSOLUTE
    ../clib/microlib/printf/printf.c         0x00000000   Number         0  printf2.o ABSOLUTE
    ../clib/microlib/printf/printf.c         0x00000000   Number         0  printf1.o ABSOLUTE
    ../clib/microlib/printf/printf.c         0x00000000   Number         0  printf7.o ABSOLUTE
    ../clib/microlib/printf/printf.c         0x00000000   Number         0  printf0.o ABSOLUTE
    ../clib/microlib/printf/stubs.s          0x00000000   Number         0  stubs.o ABSOLUTE
    ../clib/microlib/stdio/streams.c         0x00000000   Number         0  stdout.o ABSOLUTE
    ../clib/microlib/stdlib/rand.c           0x00000000   Number         0  rand.o ABSOLUTE
    ../clib/microlib/string/memcpy.c         0x00000000   Number         0  memcpya.o ABSOLUTE
    ../clib/microlib/string/memcpy.c         0x00000000   Number         0  memcpyb.o ABSOLUTE
    ../clib/microlib/string/strcat.c         0x00000000   Number         0  strcat.o ABSOLUTE
    ../clib/microlib/string/strlen.c         0x00000000   Number         0  strlen.o ABSOLUTE
    ../clib/microlib/stubs.s                 0x00000000   Number         0  iusefp.o ABSOLUTE
    ../fplib/microlib/d2f.c                  0x00000000   Number         0  d2f.o ABSOLUTE
    ../fplib/microlib/f2d.c                  0x00000000   Number         0  f2d.o ABSOLUTE
    ../fplib/microlib/fpadd.c                0x00000000   Number         0  dadd.o ABSOLUTE
    ../fplib/microlib/fpdiv.c                0x00000000   Number         0  ddiv.o ABSOLUTE
    ../fplib/microlib/fpepilogue.c           0x00000000   Number         0  fepilogue.o ABSOLUTE
    ../fplib/microlib/fpepilogue.c           0x00000000   Number         0  depilogue.o ABSOLUTE
    ../fplib/microlib/fpfix.c                0x00000000   Number         0  dfixui.o ABSOLUTE
    ../fplib/microlib/fpfix.c                0x00000000   Number         0  dfixi.o ABSOLUTE
    ../fplib/microlib/fpfix.c                0x00000000   Number         0  dfixul.o ABSOLUTE
    ../fplib/microlib/fpflt.c                0x00000000   Number         0  dfltui.o ABSOLUTE
    ../fplib/microlib/fpflt.c                0x00000000   Number         0  dflti.o ABSOLUTE
    ../fplib/microlib/fpmul.c                0x00000000   Number         0  dmul.o ABSOLUTE
    ../fplib/microlib/fpneg.c                0x00000000   Number         0  dneg.o ABSOLUTE
    ../mathlib/cos.c                         0x00000000   Number         0  cos_x.o ABSOLUTE
    ../mathlib/cos.c                         0x00000000   Number         0  cos.o ABSOLUTE
    ../mathlib/cos_i.c                       0x00000000   Number         0  cos_i.o ABSOLUTE
    ../mathlib/dunder.c                      0x00000000   Number         0  dunder.o ABSOLUTE
    ../mathlib/fabs.c                        0x00000000   Number         0  fabs.o ABSOLUTE
    ../mathlib/fpclassify.c                  0x00000000   Number         0  fpclassify.o ABSOLUTE
    ../mathlib/poly.c                        0x00000000   Number         0  poly.o ABSOLUTE
    ../mathlib/rred.c                        0x00000000   Number         0  rred.o ABSOLUTE
    ../mathlib/sin.c                         0x00000000   Number         0  sin.o ABSOLUTE
    ../mathlib/sin.c                         0x00000000   Number         0  sin_x.o ABSOLUTE
    ../mathlib/sin_i.c                       0x00000000   Number         0  sin_i.o ABSOLUTE
    ../mathlib/sin_i.c                       0x00000000   Number         0  sin_i_x.o ABSOLUTE
    ..\ICE-20-SPI-Nordic\interrupts.c        0x00000000   Number         0  interrupts.o ABSOLUTE
    ..\\ICE-20-SPI-Nordic\\interrupts.c      0x00000000   Number         0  interrupts.o ABSOLUTE
    ..\\drivers\\c\\adc.c                    0x00000000   Number         0  adc.o ABSOLUTE
    ..\\drivers\\c\\gpio_port.c              0x00000000   Number         0  gpio_port.o ABSOLUTE
    ..\\drivers\\c\\i2c.c                    0x00000000   Number         0  i2c.o ABSOLUTE
    ..\\drivers\\c\\spi.c                    0x00000000   Number         0  spi.o ABSOLUTE
    ..\\drivers\\c\\timers.c                 0x00000000   Number         0  timers.o ABSOLUTE
    ..\\drivers\\c\\uart.c                   0x00000000   Number         0  uart.o ABSOLUTE
    ..\\peripherals\\c\\eeprom.c             0x00000000   Number         0  eeprom.o ABSOLUTE
    ..\\peripherals\\c\\ft6x06.c             0x00000000   Number         0  ft6x06.o ABSOLUTE
    ..\\peripherals\\c\\io_expander.c        0x00000000   Number         0  io_expander.o ABSOLUTE
    ..\\peripherals\\c\\launchpad_io.c       0x00000000   Number         0  launchpad_io.o ABSOLUTE
    ..\\peripherals\\c\\lcd.c                0x00000000   Number         0  lcd.o ABSOLUTE
    ..\\peripherals\\c\\ps2.c                0x00000000   Number         0  ps2.o ABSOLUTE
    ..\\peripherals\\c\\serial_debug.c       0x00000000   Number         0  serial_debug.o ABSOLUTE
    ..\\peripherals\\c\\spi_select.c         0x00000000   Number         0  spi_select.o ABSOLUTE
    ..\\peripherals\\c\\wireless.c           0x00000000   Number         0  wireless.o ABSOLUTE
    ..\\peripherals\\c\\ws2812b_ice.c        0x00000000   Number         0  ws2812b_ice.o ABSOLUTE
    ..\drivers\c\adc.c                       0x00000000   Number         0  adc.o ABSOLUTE
    ..\drivers\c\gpio_port.c                 0x00000000   Number         0  gpio_port.o ABSOLUTE
    ..\drivers\c\i2c.c                       0x00000000   Number         0  i2c.o ABSOLUTE
    ..\drivers\c\pc_buffer.c                 0x00000000   Number         0  pc_buffer.o ABSOLUTE
    ..\drivers\c\spi.c                       0x00000000   Number         0  spi.o ABSOLUTE
    ..\drivers\c\timers.c                    0x00000000   Number         0  timers.o ABSOLUTE
    ..\drivers\c\uart.c                      0x00000000   Number         0  uart.o ABSOLUTE
    ..\peripherals\c\eeprom.c                0x00000000   Number         0  eeprom.o ABSOLUTE
    ..\peripherals\c\ft6x06.c                0x00000000   Number         0  ft6x06.o ABSOLUTE
    ..\peripherals\c\io_expander.c           0x00000000   Number         0  io_expander.o ABSOLUTE
    ..\peripherals\c\launchpad_io.c          0x00000000   Number         0  launchpad_io.o ABSOLUTE
    ..\peripherals\c\lcd.c                   0x00000000   Number         0  lcd.o ABSOLUTE
    ..\peripherals\c\ps2.c                   0x00000000   Number         0  ps2.o ABSOLUTE
    ..\peripherals\c\serial_debug.c          0x00000000   Number         0  serial_debug.o ABSOLUTE
    ..\peripherals\c\spi_select.c            0x00000000   Number         0  spi_select.o ABSOLUTE
    ..\peripherals\c\wireless.c              0x00000000   Number         0  wireless.o ABSOLUTE
    ..\peripherals\c\ws2812b_ice.c           0x00000000   Number         0  ws2812b_ice.o ABSOLUTE
    RTE\Device\TM4C123GH6PM\startup_TM4C123.s 0x00000000   Number         0  startup_tm4c123.o ABSOLUTE
    RTE\Device\TM4C123GH6PM\system_TM4C123.c 0x00000000   Number         0  system_tm4c123.o ABSOLUTE
    RTE\\Device\\TM4C123GH6PM\\system_TM4C123.c 0x00000000   Number         0  system_tm4c123.o ABSOLUTE
    blackjack.c                              0x00000000   Number         0  blackjack.o ABSOLUTE
    blackjack.c                              0x00000000   Number         0  blackjack.o ABSOLUTE
    cdrcmple.s                               0x00000000   Number         0  cdrcmple.o ABSOLUTE
    dc.s                                     0x00000000   Number         0  dc.o ABSOLUTE
    event.c                                  0x00000000   Number         0  event.o ABSOLUTE
    graphics.c                               0x00000000   Number         0  graphics.o ABSOLUTE
    graphics.c                               0x00000000   Number         0  graphics.o ABSOLUTE
    handlers.s                               0x00000000   Number         0  handlers.o ABSOLUTE
    image_data.c                             0x00000000   Number         0  image_data.o ABSOLUTE
    init.s                                   0x00000000   Number         0  init.o ABSOLUTE
    main.c                                   0x00000000   Number         0  main.o ABSOLUTE
    main.c                                   0x00000000   Number         0  main.o ABSOLUTE
    .ARM.Collect$$$$00000000                 0x0000026c   Section        0  entry.o(.ARM.Collect$$$$00000000)
    .ARM.Collect$$$$00000001                 0x0000026c   Section        4  entry2.o(.ARM.Collect$$$$00000001)
    .ARM.Collect$$$$00000004                 0x00000270   Section        4  entry5.o(.ARM.Collect$$$$00000004)
    .ARM.Collect$$$$00000008                 0x00000274   Section        0  entry7b.o(.ARM.Collect$$$$00000008)
    .ARM.Collect$$$$0000000A                 0x00000274   Section        0  entry8b.o(.ARM.Collect$$$$0000000A)
    .ARM.Collect$$$$0000000B                 0x00000274   Section        8  entry9a.o(.ARM.Collect$$$$0000000B)
    .ARM.Collect$$$$0000000D                 0x0000027c   Section        0  entry10a.o(.ARM.Collect$$$$0000000D)
    .ARM.Collect$$$$0000000F                 0x0000027c   Section        0  entry11a.o(.ARM.Collect$$$$0000000F)
    .ARM.Collect$$$$00002712                 0x0000027c   Section        4  entry2.o(.ARM.Collect$$$$00002712)
    __lit__00000000                          0x0000027c   Data           4  entry2.o(.ARM.Collect$$$$00002712)
    .text                                    0x00000280   Section        0  main.o(.text)
    .text                                    0x00000808   Section        0  blackjack.o(.text)
    .text                                    0x00000b00   Section        0  gpio_port.o(.text)
    verify_base_addr                         0x00000b01   Thumb Code    64  gpio_port.o(.text)
    .text                                    0x00000d88   Section        0  adc.o(.text)
    .text                                    0x00000e3c   Section        0  i2c.o(.text)
    .text                                    0x00001044   Section        0  pc_buffer.o(.text)
    .text                                    0x000010c0   Section        0  spi.o(.text)
    .text                                    0x0000124c   Section        0  timers.o(.text)
    __NVIC_SetPriority                       0x0000124d   Thumb Code    32  timers.o(.text)
    verify_base_addr                         0x0000126d   Thumb Code    64  timers.o(.text)
    get_clock_masks                          0x000012ad   Thumb Code   106  timers.o(.text)
    blackjack_timerA                         0x000013e3   Thumb Code    80  timers.o(.text)
    watchdogTimeInit                         0x00001433   Thumb Code    74  timers.o(.text)
    __NVIC_EnableIRQ                         0x00001567   Thumb Code    26  timers.o(.text)
    .text                                    0x000015b0   Section        0  uart.o(.text)
    .text                                    0x00001820   Section        0  interrupts.o(.text)
    .text                                    0x00001850   Section        0  io_expander.o(.text)
    io_expander_wait_for_write               0x00001851   Thumb Code    68  io_expander.o(.text)
    io_expander_byte_write                   0x00001895   Thumb Code    70  io_expander.o(.text)
    io_expander_byte_read                    0x000018db   Thumb Code    82  io_expander.o(.text)
    .text                                    0x000019e4   Section        0  lcd.o(.text)
    delayms                                  0x000019e5   Thumb Code    26  lcd.o(.text)
    lcd_write_cmd_u8                         0x000019ff   Thumb Code    34  lcd.o(.text)
    lcd_write_data_u8                        0x00001a21   Thumb Code    36  lcd.o(.text)
    lcd_write_data_u16                       0x00001a45   Thumb Code    60  lcd.o(.text)
    .text                                    0x00001fd0   Section        0  eeprom.o(.text)
    eeprom_wait_for_write                    0x00001fd1   Thumb Code    68  eeprom.o(.text)
    .text                                    0x000021e4   Section        0  ft6x06.o(.text)
    ft6x06_set_addr                          0x000021e5   Thumb Code    52  ft6x06.o(.text)
    ft6x06_read_data                         0x00002219   Thumb Code    52  ft6x06.o(.text)
    .text                                    0x0000239c   Section        0  launchpad_io.o(.text)
    .text                                    0x00002460   Section        0  ps2.o(.text)
    initialize_adc_gpio_pins                 0x00002461   Thumb Code    58  ps2.o(.text)
    .text                                    0x0000252c   Section        0  serial_debug.o(.text)
    .text                                    0x00002730   Section        0  spi_select.o(.text)
    .text                                    0x000027d4   Section        0  wireless.o(.text)
    wireless_reg_read                        0x000027e3   Thumb Code    44  wireless.o(.text)
    wireless_reg_write                       0x0000280f   Thumb Code    44  wireless.o(.text)
    wireless_rx_data_payload                 0x0000283b   Thumb Code    90  wireless.o(.text)
    wireless_set_rx_addr                     0x00002895   Thumb Code   118  wireless.o(.text)
    wireless_get_status                      0x0000290b   Thumb Code    32  wireless.o(.text)
    wireless_CSN_low                         0x00002d23   Thumb Code    18  wireless.o(.text)
    wireless_CSN_high                        0x00002d35   Thumb Code    18  wireless.o(.text)
    wireless_CE_low                          0x00002d47   Thumb Code    16  wireless.o(.text)
    wireless_CE_high                         0x00002d57   Thumb Code    16  wireless.o(.text)
    wireless_flush_tx_fifo                   0x00002d67   Thumb Code    28  wireless.o(.text)
    wireless_flush_rx_fifo                   0x00002d83   Thumb Code    28  wireless.o(.text)
    wireless_rx_fifo_empty                   0x00002d9f   Thumb Code    24  wireless.o(.text)
    wireless_status_tx_ds_asserted           0x00002db7   Thumb Code    16  wireless.o(.text)
    wireless_status_tx_full_asserted         0x00002dc7   Thumb Code    16  wireless.o(.text)
    wireless_clear_max_rt                    0x00002dd7   Thumb Code    12  wireless.o(.text)
    .text                                    0x00002e04   Section        0  graphics.o(.text)
    .text                                    0x0000433c   Section      252  startup_tm4c123.o(.text)
    $v0                                      0x0000433c   Number         0  startup_tm4c123.o(.text)
    .text                                    0x00004438   Section        0  system_tm4c123.o(.text)
    getOscClk                                0x00004439   Thumb Code   182  system_tm4c123.o(.text)
    .text                                    0x00004688   Section        0  rand.o(.text)
    .text                                    0x000046ac   Section        0  memcpya.o(.text)
    .text                                    0x000046d0   Section        0  strcat.o(.text)
    .text                                    0x000046e8   Section        0  strlen.o(.text)
    .text                                    0x000046f6   Section        0  dadd.o(.text)
    .text                                    0x00004844   Section        0  dmul.o(.text)
    .text                                    0x00004928   Section        0  dflti.o(.text)
    .text                                    0x0000494a   Section        0  dfixi.o(.text)
    .text                                    0x00004988   Section        0  dfixui.o(.text)
    .text                                    0x000049ba   Section        0  f2d.o(.text)
    .text                                    0x000049e0   Section        0  d2f.o(.text)
    .text                                    0x00004a18   Section        0  uidiv.o(.text)
    .text                                    0x00004a44   Section        0  llshl.o(.text)
    .text                                    0x00004a62   Section        0  llushr.o(.text)
    .text                                    0x00004a82   Section        0  llsshr.o(.text)
    .text                                    0x00004aa6   Section        0  fepilogue.o(.text)
    .text                                    0x00004aa6   Section        0  iusefp.o(.text)
    .text                                    0x00004b14   Section        0  depilogue.o(.text)
    .text                                    0x00004bce   Section        0  ddiv.o(.text)
    .text                                    0x00004cac   Section       36  init.o(.text)
    .text                                    0x00004cd0   Section        0  dfltui.o(.text)
    i.__0printf$1                            0x00004cec   Section        0  printf1.o(i.__0printf$1)
    i.__ARM_fpclassify                       0x00004d0c   Section        0  fpclassify.o(i.__ARM_fpclassify)
    i.__hardfp_cos                           0x00004d40   Section        0  cos.o(i.__hardfp_cos)
    i.__hardfp_sin                           0x00004e08   Section        0  sin.o(i.__hardfp_sin)
    i.__ieee754_rem_pio2                     0x00004ed0   Section        0  rred.o(i.__ieee754_rem_pio2)
    i.__kernel_cos                           0x00005308   Section        0  cos_i.o(i.__kernel_cos)
    i.__kernel_poly                          0x00005478   Section        0  poly.o(i.__kernel_poly)
    i.__kernel_sin                           0x00005570   Section        0  sin_i.o(i.__kernel_sin)
    i.__mathlib_dbl_infnan                   0x000056a0   Section        0  dunder.o(i.__mathlib_dbl_infnan)
    i.__mathlib_dbl_invalid                  0x000056b8   Section        0  dunder.o(i.__mathlib_dbl_invalid)
    i.__mathlib_dbl_underflow                0x000056d8   Section        0  dunder.o(i.__mathlib_dbl_underflow)
    i.__scatterload_copy                     0x000056f8   Section       14  handlers.o(i.__scatterload_copy)
    i.__scatterload_null                     0x00005706   Section        2  handlers.o(i.__scatterload_null)
    i.__scatterload_zeroinit                 0x00005708   Section       14  handlers.o(i.__scatterload_zeroinit)
    i.__set_errno                            0x00005718   Section        0  errno.o(i.__set_errno)
    i._printf_core                           0x00005724   Section        0  printf1.o(i._printf_core)
    _printf_core                             0x00005725   Thumb Code   336  printf1.o(i._printf_core)
    i.fabs                                   0x00005878   Section        0  fabs.o(i.fabs)
    i.malloc                                 0x00005890   Section        0  malloc.o(i.malloc)
    .constdata                               0x000058fc   Section     1322  image_data.o(.constdata)
    .constdata                               0x00005e28   Section      326  graphics.o(.constdata)
    .constdata                               0x00005f70   Section       48  cos_i.o(.constdata)
    C                                        0x00005f70   Data          48  cos_i.o(.constdata)
    .constdata                               0x00005fa0   Section      200  rred.o(.constdata)
    pio2s                                    0x00005fa0   Data          48  rred.o(.constdata)
    twooverpi                                0x00005fd0   Data         152  rred.o(.constdata)
    .constdata                               0x00006068   Section       40  sin_i.o(.constdata)
    S                                        0x00006068   Data          40  sin_i.o(.constdata)
    .data                                    0x20000000   Section      128  main.o(.data)
    .data                                    0x20000080   Section        8  timers.o(.data)
    .data                                    0x20000088   Section        8  interrupts.o(.data)
    count                                    0x2000008c   Data           4  interrupts.o(.data)
    .data                                    0x20000090   Section        2  serial_debug.o(.data)
    Rx_Interrupts_Enabled                    0x20000090   Data           1  serial_debug.o(.data)
    Tx_Interrupts_Enabled                    0x20000091   Data           1  serial_debug.o(.data)
    .data                                    0x20000094   Section       13  graphics.o(.data)
    theta                                    0x2000009c   Data           4  graphics.o(.data)
    .data                                    0x200000a4   Section        4  system_tm4c123.o(.data)
    .data                                    0x200000a8   Section        4  stdout.o(.data)
    .data                                    0x200000ac   Section        4  rand.o(.data)
    _rand_state                              0x200000ac   Data           4  rand.o(.data)
    .data                                    0x200000b0   Section        4  mvars.o(.data)
    .data                                    0x200000b4   Section        4  mvars.o(.data)
    .data                                    0x200000b8   Section        4  errno.o(.data)
    _errno                                   0x200000b8   Data           4  errno.o(.data)
    .bss                                     0x200000bc   Section      648  main.o(.bss)
    .bss                                     0x20000344   Section       28  serial_debug.o(.bss)
    HEAP                                     0x20000360   Section        0  startup_tm4c123.o(HEAP)
    STACK                                    0x20000360   Section     4096  startup_tm4c123.o(STACK)

    Global Symbols

    Symbol Name                              Value     Ov Type        Size  Object(Section)

    BuildAttributes$$THM_ISAv4$E$P$D$K$B$S$7EM$VFPi3$EXTD16$VFPS$VFMA$PE$A:L22UL41UL21$X:L11$S22US41US21$IEEE1$IW$USESV6$~STKCKD$USESV7$~SHL$OTIME$ROPI$IEEEX$EBA8$MICROLIB$REQ8$PRES8$EABIv2 0x00000000   Number         0  anon$$obj.o ABSOLUTE
    __ARM_use_no_argv                        0x00000000   Number         0  main.o ABSOLUTE
    __Vectors                                0x00000000   Data           4  startup_tm4c123.o(RESET)
    _printf_a                                0x00000000   Number         0  stubs.o ABSOLUTE
    _printf_c                                0x00000000   Number         0  stubs.o ABSOLUTE
    _printf_charcount                        0x00000000   Number         0  stubs.o ABSOLUTE
    _printf_d                                0x00000000   Number         0  stubs.o ABSOLUTE
    _printf_e                                0x00000000   Number         0  stubs.o ABSOLUTE
    _printf_f                                0x00000000   Number         0  stubs.o ABSOLUTE
    _printf_flags                            0x00000000   Number         0  stubs.o ABSOLUTE
    _printf_fp_dec                           0x00000000   Number         0  stubs.o ABSOLUTE
    _printf_fp_hex                           0x00000000   Number         0  stubs.o ABSOLUTE
    _printf_g                                0x00000000   Number         0  stubs.o ABSOLUTE
    _printf_i                                0x00000000   Number         0  stubs.o ABSOLUTE
    _printf_int_dec                          0x00000000   Number         0  stubs.o ABSOLUTE
    _printf_l                                0x00000000   Number         0  stubs.o ABSOLUTE
    _printf_lc                               0x00000000   Number         0  stubs.o ABSOLUTE
    _printf_ll                               0x00000000   Number         0  stubs.o ABSOLUTE
    _printf_lld                              0x00000000   Number         0  stubs.o ABSOLUTE
    _printf_lli                              0x00000000   Number         0  stubs.o ABSOLUTE
    _printf_llo                              0x00000000   Number         0  stubs.o ABSOLUTE
    _printf_llu                              0x00000000   Number         0  stubs.o ABSOLUTE
    _printf_llx                              0x00000000   Number         0  stubs.o ABSOLUTE
    _printf_longlong_dec                     0x00000000   Number         0  stubs.o ABSOLUTE
    _printf_longlong_hex                     0x00000000   Number         0  stubs.o ABSOLUTE
    _printf_longlong_oct                     0x00000000   Number         0  stubs.o ABSOLUTE
    _printf_ls                               0x00000000   Number         0  stubs.o ABSOLUTE
    _printf_mbtowc                           0x00000000   Number         0  stubs.o ABSOLUTE
    _printf_n                                0x00000000   Number         0  stubs.o ABSOLUTE
    _printf_o                                0x00000000   Number         0  stubs.o ABSOLUTE
    _printf_p                                0x00000000   Number         0  stubs.o ABSOLUTE
    _printf_percent                          0x00000000   Number         0  stubs.o ABSOLUTE
    _printf_pre_padding                      0x00000000   Number         0  stubs.o ABSOLUTE
    _printf_return_value                     0x00000000   Number         0  stubs.o ABSOLUTE
    _printf_s                                0x00000000   Number         0  stubs.o ABSOLUTE
    _printf_sizespec                         0x00000000   Number         0  stubs.o ABSOLUTE
    _printf_str                              0x00000000   Number         0  stubs.o ABSOLUTE
    _printf_truncate_signed                  0x00000000   Number         0  stubs.o ABSOLUTE
    _printf_truncate_unsigned                0x00000000   Number         0  stubs.o ABSOLUTE
    _printf_u                                0x00000000   Number         0  stubs.o ABSOLUTE
    _printf_wc                               0x00000000   Number         0  stubs.o ABSOLUTE
    _printf_wctomb                           0x00000000   Number         0  stubs.o ABSOLUTE
    _printf_widthprec                        0x00000000   Number         0  stubs.o ABSOLUTE
    _printf_x                                0x00000000   Number         0  stubs.o ABSOLUTE
    __cpp_initialize__aeabi_                  - Undefined Weak Reference
    __cxa_finalize                            - Undefined Weak Reference
    __decompress                              - Undefined Weak Reference
    _clock_init                               - Undefined Weak Reference
    _microlib_exit                            - Undefined Weak Reference
    __Vectors_End                            0x0000026c   Data           0  startup_tm4c123.o(RESET)
    __Vectors_Size                           0x0000026c   Number         0  startup_tm4c123.o ABSOLUTE
    __main                                   0x0000026d   Thumb Code     0  entry.o(.ARM.Collect$$$$00000000)
    _main_stk                                0x0000026d   Thumb Code     0  entry2.o(.ARM.Collect$$$$00000001)
    _main_scatterload                        0x00000271   Thumb Code     0  entry5.o(.ARM.Collect$$$$00000004)
    __main_after_scatterload                 0x00000275   Thumb Code     0  entry5.o(.ARM.Collect$$$$00000004)
    _main_clock                              0x00000275   Thumb Code     0  entry7b.o(.ARM.Collect$$$$00000008)
    _main_cpp_init                           0x00000275   Thumb Code     0  entry8b.o(.ARM.Collect$$$$0000000A)
    _main_init                               0x00000275   Thumb Code     0  entry9a.o(.ARM.Collect$$$$0000000B)
    __rt_final_cpp                           0x0000027d   Thumb Code     0  entry10a.o(.ARM.Collect$$$$0000000D)
    __rt_final_exit                          0x0000027d   Thumb Code     0  entry11a.o(.ARM.Collect$$$$0000000F)
    DisableInterrupts                        0x00000281   Thumb Code     4  main.o(.text)
    EnableInterrupts                         0x00000285   Thumb Code     4  main.o(.text)
    initializeBoard                          0x00000289   Thumb Code   112  main.o(.text)
    wireless_connect                         0x000002f9   Thumb Code    28  main.o(.text)
    button_debounce                          0x00000315   Thumb Code   144  main.o(.text)
    sw2_debounce                             0x000003a5   Thumb Code    18  main.o(.text)
    update_global_event_data                 0x000003b7   Thumb Code   302  main.o(.text)
    initGameState                            0x000004e5   Thumb Code    22  main.o(.text)
    write_debug_data                         0x000004fb   Thumb Code   144  main.o(.text)
    main                                     0x0000058b   Thumb Code   290  main.o(.text)
    display_main_menu                        0x00000809   Thumb Code     4  blackjack.o(.text)
    swap                                     0x0000080d   Thumb Code    10  blackjack.o(.text)
    nextCard                                 0x00000817   Thumb Code   112  blackjack.o(.text)
    master_game                              0x00000887   Thumb Code    72  blackjack.o(.text)
    score                                    0x000008cf   Thumb Code    82  blackjack.o(.text)
    playerturn                               0x00000921   Thumb Code   250  blackjack.o(.text)
    endTurn                                  0x00000a1b   Thumb Code   174  blackjack.o(.text)
    gpio_get_irq_num                         0x00000b41   Thumb Code    74  gpio_port.o(.text)
    gpio_enable_port                         0x00000b8b   Thumb Code   156  gpio_port.o(.text)
    gpio_config_digital_enable               0x00000c27   Thumb Code    34  gpio_port.o(.text)
    gpio_config_enable_output                0x00000c49   Thumb Code    34  gpio_port.o(.text)
    gpio_config_enable_input                 0x00000c6b   Thumb Code    40  gpio_port.o(.text)
    gpio_config_enable_pullup                0x00000c93   Thumb Code    34  gpio_port.o(.text)
    gpio_config_enable_pulldown              0x00000cb5   Thumb Code    34  gpio_port.o(.text)
    gpio_config_analog_enable                0x00000cd7   Thumb Code    30  gpio_port.o(.text)
    gpio_config_alternate_function           0x00000cf5   Thumb Code    30  gpio_port.o(.text)
    gpio_config_port_control                 0x00000d13   Thumb Code    46  gpio_port.o(.text)
    gpio_config_open_drain                   0x00000d41   Thumb Code    34  gpio_port.o(.text)
    gpio_config_falling_edge_irq             0x00000d63   Thumb Code     6  gpio_port.o(.text)
    initialize_adc                           0x00000d89   Thumb Code   108  adc.o(.text)
    get_adc_value                            0x00000df5   Thumb Code    58  adc.o(.text)
    initializeI2CMaster                      0x00000e3d   Thumb Code   160  i2c.o(.text)
    i2cVerifyBaseAddr                        0x00000edd   Thumb Code    36  i2c.o(.text)
    i2cSetSlaveAddr                          0x00000f01   Thumb Code    30  i2c.o(.text)
    i2cStop                                  0x00000f1f   Thumb Code    26  i2c.o(.text)
    I2CMasterBusy                            0x00000f39   Thumb Code    34  i2c.o(.text)
    I2CMasterAdrAck                          0x00000f5b   Thumb Code    34  i2c.o(.text)
    I2CMasterDatAck                          0x00000f7d   Thumb Code    34  i2c.o(.text)
    i2cSendByte                              0x00000f9f   Thumb Code    82  i2c.o(.text)
    i2cGetByte                               0x00000ff1   Thumb Code    60  i2c.o(.text)
    pc_buffer_init                           0x00001045   Thumb Code    26  pc_buffer.o(.text)
    pc_buffer_add                            0x0000105f   Thumb Code    28  pc_buffer.o(.text)
    pc_buffer_remove                         0x0000107b   Thumb Code    30  pc_buffer.o(.text)
    pc_buffer_empty                          0x00001099   Thumb Code    18  pc_buffer.o(.text)
    pc_buffer_full                           0x000010ab   Thumb Code    22  pc_buffer.o(.text)
    spiVerifyBaseAddr                        0x000010c1   Thumb Code    34  spi.o(.text)
    initialize_spi                           0x000010e3   Thumb Code   244  spi.o(.text)
    spiTx                                    0x000011d7   Thumb Code    94  spi.o(.text)
    gp_timer_wait                            0x00001317   Thumb Code    64  timers.o(.text)
    gp_timer_config_32                       0x00001357   Thumb Code   140  timers.o(.text)
    reset_watchDog                           0x0000147d   Thumb Code    10  timers.o(.text)
    timers_init                              0x00001487   Thumb Code   170  timers.o(.text)
    TIMER1A_Handler                          0x00001531   Thumb Code    20  timers.o(.text)
    TIMER5A_Handler                          0x00001545   Thumb Code    32  timers.o(.text)
    WDT0_Handler                             0x00001565   Thumb Code     2  timers.o(.text)
    verify_uart_base                         0x000015b1   Thumb Code    54  uart.o(.text)
    uart_get_rcgc_mask                       0x000015e7   Thumb Code    68  uart.o(.text)
    uart_get_pr_mask                         0x0000162b   Thumb Code    68  uart.o(.text)
    uart_get_irq_num                         0x0000166f   Thumb Code    68  uart.o(.text)
    uart_tx_poll                             0x000016b3   Thumb Code    38  uart.o(.text)
    uart_tx_poll_string                      0x000016d9   Thumb Code    50  uart.o(.text)
    uart_rx_poll                             0x0000170b   Thumb Code    70  uart.o(.text)
    uart_init                                0x00001751   Thumb Code   192  uart.o(.text)
    SysTick_Handler                          0x00001821   Thumb Code    40  interrupts.o(.text)
    io_expander_write_LEDs                   0x0000192d   Thumb Code    16  io_expander.o(.text)
    io_expander_read_buttons                 0x0000193d   Thumb Code    22  io_expander.o(.text)
    io_expander_init                         0x00001953   Thumb Code   142  io_expander.o(.text)
    lcd_set_pos                              0x00001a81   Thumb Code    58  lcd.o(.text)
    lcd_clear_screen                         0x00001abb   Thumb Code    52  lcd.o(.text)
    lcd_draw_image                           0x00001aef   Thumb Code   242  lcd.o(.text)
    lcd_config_gpio                          0x00001be1   Thumb Code   222  lcd.o(.text)
    lcd_config_screen                        0x00001cbf   Thumb Code   572  lcd.o(.text)
    lcd_draw_color_image                     0x00001efb   Thumb Code    90  lcd.o(.text)
    lcd_draw_rectangle_centered              0x00001f55   Thumb Code   118  lcd.o(.text)
    eeprom_byte_write                        0x00002015   Thumb Code   100  eeprom.o(.text)
    eeprom_byte_read                         0x00002079   Thumb Code   118  eeprom.o(.text)
    eeprom_init                              0x000020ef   Thumb Code   156  eeprom.o(.text)
    eeprom_bytes_read                        0x0000218b   Thumb Code    44  eeprom.o(.text)
    eeprom_bytes_write                       0x000021b7   Thumb Code    42  eeprom.o(.text)
    ft6x06_read_td_status                    0x0000224d   Thumb Code    44  ft6x06.o(.text)
    ft6x06_read_x                            0x00002279   Thumb Code    66  ft6x06.o(.text)
    ft6x06_read_y                            0x000022bb   Thumb Code    66  ft6x06.o(.text)
    ft6x06_init                              0x000022fd   Thumb Code   156  ft6x06.o(.text)
    lp_io_set_pin                            0x0000239d   Thumb Code    18  launchpad_io.o(.text)
    lp_io_clear_pin                          0x000023af   Thumb Code    18  launchpad_io.o(.text)
    lp_io_read_pin                           0x000023c1   Thumb Code    22  launchpad_io.o(.text)
    lp_io_init                               0x000023d7   Thumb Code   112  launchpad_io.o(.text)
    ps2_initialize_ss2                       0x0000249b   Thumb Code    80  ps2.o(.text)
    ps2_initialize                           0x000024eb   Thumb Code    14  ps2.o(.text)
    ps2_get_x                                0x000024f9   Thumb Code    18  ps2.o(.text)
    ps2_get_y                                0x0000250b   Thumb Code    18  ps2.o(.text)
    init_serial_debug                        0x0000252d   Thumb Code    90  serial_debug.o(.text)
    serial_debug_rx                          0x00002587   Thumb Code    50  serial_debug.o(.text)
    serial_debug_tx                          0x000025b9   Thumb Code    84  serial_debug.o(.text)
    fputc                                    0x0000260d   Thumb Code    66  serial_debug.o(.text)
    fgetc                                    0x0000264f   Thumb Code    50  serial_debug.o(.text)
    UART0_Handler                            0x00002681   Thumb Code   152  serial_debug.o(.text)
    spi_select                               0x00002731   Thumb Code    62  spi_select.o(.text)
    spi_select_init                          0x0000276f   Thumb Code    92  spi_select.o(.text)
    wait_uS_15                               0x000027d5   Thumb Code    14  wireless.o(.text)
    wireless_send_32                         0x0000292b   Thumb Code   302  wireless.o(.text)
    wireless_get_32                          0x00002a59   Thumb Code   130  wireless.o(.text)
    wireless_configure_device                0x00002adb   Thumb Code   202  wireless.o(.text)
    wireless_initialize                      0x00002ba5   Thumb Code   354  wireless.o(.text)
    GPIOC_Handler                            0x00002d07   Thumb Code    28  wireless.o(.text)
    distanceAbs                              0x00002e05   Thumb Code    40  graphics.o(.text)
    clear                                    0x00002e2d   Thumb Code    12  graphics.o(.text)
    drawRect                                 0x00002e39   Thumb Code    84  graphics.o(.text)
    drawString                               0x00002e8d   Thumb Code   204  graphics.o(.text)
    calcStringWidth                          0x00002f59   Thumb Code   108  graphics.o(.text)
    drawStringCentered                       0x00002fc5   Thumb Code    60  graphics.o(.text)
    drawStringSelected                       0x00003001   Thumb Code   128  graphics.o(.text)
    drawStringSelectedAndCentered            0x00003081   Thumb Code    78  graphics.o(.text)
    drawTen                                  0x000030cf   Thumb Code   198  graphics.o(.text)
    drawCard                                 0x00003195   Thumb Code   406  graphics.o(.text)
    drawBlackjackControlOptions              0x0000332b   Thumb Code   106  graphics.o(.text)
    reverse                                  0x00003395   Thumb Code    38  graphics.o(.text)
    itoa                                     0x000033bb   Thumb Code    74  graphics.o(.text)
    drawBettingOptions                       0x00003405   Thumb Code   184  graphics.o(.text)
    drawDealer                               0x000034bd   Thumb Code   226  graphics.o(.text)
    drawPlayer                               0x0000359f   Thumb Code   396  graphics.o(.text)
    drawGameState                            0x0000372b   Thumb Code    70  graphics.o(.text)
    drawGameScreenOutLineAndData             0x00003771   Thumb Code    78  graphics.o(.text)
    drawHomeScreen                           0x000037bf   Thumb Code  1392  graphics.o(.text)
    drawWirelessSearchScreen                 0x00003d2f   Thumb Code   696  graphics.o(.text)
    drawControls                             0x00003fe7   Thumb Code   206  graphics.o(.text)
    drawEndGame                              0x000040b5   Thumb Code   302  graphics.o(.text)
    draw                                     0x000041e3   Thumb Code   156  graphics.o(.text)
    Reset_Handler                            0x0000433d   Thumb Code     8  startup_tm4c123.o(.text)
    NMI_Handler                              0x00004345   Thumb Code     2  startup_tm4c123.o(.text)
    HardFault_Handler                        0x00004347   Thumb Code     2  startup_tm4c123.o(.text)
    MemManage_Handler                        0x00004349   Thumb Code     2  startup_tm4c123.o(.text)
    BusFault_Handler                         0x0000434b   Thumb Code     2  startup_tm4c123.o(.text)
    UsageFault_Handler                       0x0000434d   Thumb Code     2  startup_tm4c123.o(.text)
    SVC_Handler                              0x0000434f   Thumb Code     2  startup_tm4c123.o(.text)
    DebugMon_Handler                         0x00004351   Thumb Code     2  startup_tm4c123.o(.text)
    PendSV_Handler                           0x00004353   Thumb Code     2  startup_tm4c123.o(.text)
    GPIOA_Handler                            0x00004357   Thumb Code     2  startup_tm4c123.o(.text)
    GPIOB_Handler                            0x00004359   Thumb Code     2  startup_tm4c123.o(.text)
    GPIOD_Handler                            0x0000435d   Thumb Code     2  startup_tm4c123.o(.text)
    GPIOE_Handler                            0x0000435f   Thumb Code     2  startup_tm4c123.o(.text)
    UART1_Handler                            0x00004363   Thumb Code     2  startup_tm4c123.o(.text)
    SSI0_Handler                             0x00004365   Thumb Code     2  startup_tm4c123.o(.text)
    I2C0_Handler                             0x00004367   Thumb Code     2  startup_tm4c123.o(.text)
    PMW0_FAULT_Handler                       0x00004369   Thumb Code     2  startup_tm4c123.o(.text)
    PWM0_0_Handler                           0x0000436b   Thumb Code     2  startup_tm4c123.o(.text)
    PWM0_1_Handler                           0x0000436d   Thumb Code     2  startup_tm4c123.o(.text)
    PWM0_2_Handler                           0x0000436f   Thumb Code     2  startup_tm4c123.o(.text)
    QEI0_Handler                             0x00004371   Thumb Code     2  startup_tm4c123.o(.text)
    ADC0SS0_Handler                          0x00004373   Thumb Code     2  startup_tm4c123.o(.text)
    ADC0SS1_Handler                          0x00004375   Thumb Code     2  startup_tm4c123.o(.text)
    ADC0SS2_Handler                          0x00004377   Thumb Code     2  startup_tm4c123.o(.text)
    ADC0SS3_Handler                          0x00004379   Thumb Code     2  startup_tm4c123.o(.text)
    TIMER0A_Handler                          0x0000437d   Thumb Code     2  startup_tm4c123.o(.text)
    TIMER0B_Handler                          0x0000437f   Thumb Code     2  startup_tm4c123.o(.text)
    TIMER1B_Handler                          0x00004383   Thumb Code     2  startup_tm4c123.o(.text)
    TIMER2A_Handler                          0x00004385   Thumb Code     2  startup_tm4c123.o(.text)
    TIMER2B_Handler                          0x00004387   Thumb Code     2  startup_tm4c123.o(.text)
    COMP0_Handler                            0x00004389   Thumb Code     2  startup_tm4c123.o(.text)
    COMP1_Handler                            0x0000438b   Thumb Code     2  startup_tm4c123.o(.text)
    COMP2_Handler                            0x0000438d   Thumb Code     2  startup_tm4c123.o(.text)
    SYSCTL_Handler                           0x0000438f   Thumb Code     2  startup_tm4c123.o(.text)
    FLASH_Handler                            0x00004391   Thumb Code     2  startup_tm4c123.o(.text)
    GPIOF_Handler                            0x00004393   Thumb Code     2  startup_tm4c123.o(.text)
    GPIOG_Handler                            0x00004395   Thumb Code     2  startup_tm4c123.o(.text)
    GPIOH_Handler                            0x00004397   Thumb Code     2  startup_tm4c123.o(.text)
    UART2_Handler                            0x00004399   Thumb Code     2  startup_tm4c123.o(.text)
    SSI1_Handler                             0x0000439b   Thumb Code     2  startup_tm4c123.o(.text)
    TIMER3A_Handler                          0x0000439d   Thumb Code     2  startup_tm4c123.o(.text)
    TIMER3B_Handler                          0x0000439f   Thumb Code     2  startup_tm4c123.o(.text)
    I2C1_Handler                             0x000043a1   Thumb Code     2  startup_tm4c123.o(.text)
    QEI1_Handler                             0x000043a3   Thumb Code     2  startup_tm4c123.o(.text)
    CAN0_Handler                             0x000043a5   Thumb Code     2  startup_tm4c123.o(.text)
    CAN1_Handler                             0x000043a7   Thumb Code     2  startup_tm4c123.o(.text)
    CAN2_Handler                             0x000043a9   Thumb Code     2  startup_tm4c123.o(.text)
    HIB_Handler                              0x000043ab   Thumb Code     2  startup_tm4c123.o(.text)
    USB0_Handler                             0x000043ad   Thumb Code     2  startup_tm4c123.o(.text)
    PWM0_3_Handler                           0x000043af   Thumb Code     2  startup_tm4c123.o(.text)
    UDMA_Handler                             0x000043b1   Thumb Code     2  startup_tm4c123.o(.text)
    UDMAERR_Handler                          0x000043b3   Thumb Code     2  startup_tm4c123.o(.text)
    ADC1SS0_Handler                          0x000043b5   Thumb Code     2  startup_tm4c123.o(.text)
    ADC1SS1_Handler                          0x000043b7   Thumb Code     2  startup_tm4c123.o(.text)
    ADC1SS2_Handler                          0x000043b9   Thumb Code     2  startup_tm4c123.o(.text)
    ADC1SS3_Handler                          0x000043bb   Thumb Code     2  startup_tm4c123.o(.text)
    GPIOJ_Handler                            0x000043bd   Thumb Code     2  startup_tm4c123.o(.text)
    GPIOK_Handler                            0x000043bf   Thumb Code     2  startup_tm4c123.o(.text)
    GPIOL_Handler                            0x000043c1   Thumb Code     2  startup_tm4c123.o(.text)
    SSI2_Handler                             0x000043c3   Thumb Code     2  startup_tm4c123.o(.text)
    SSI3_Handler                             0x000043c5   Thumb Code     2  startup_tm4c123.o(.text)
    UART3_Handler                            0x000043c7   Thumb Code     2  startup_tm4c123.o(.text)
    UART4_Handler                            0x000043c9   Thumb Code     2  startup_tm4c123.o(.text)
    UART5_Handler                            0x000043cb   Thumb Code     2  startup_tm4c123.o(.text)
    UART6_Handler                            0x000043cd   Thumb Code     2  startup_tm4c123.o(.text)
    UART7_Handler                            0x000043cf   Thumb Code     2  startup_tm4c123.o(.text)
    I2C2_Handler                             0x000043d1   Thumb Code     2  startup_tm4c123.o(.text)
    I2C3_Handler                             0x000043d3   Thumb Code     2  startup_tm4c123.o(.text)
    TIMER4A_Handler                          0x000043d5   Thumb Code     2  startup_tm4c123.o(.text)
    TIMER4B_Handler                          0x000043d7   Thumb Code     2  startup_tm4c123.o(.text)
    TIMER5B_Handler                          0x000043db   Thumb Code     2  startup_tm4c123.o(.text)
    WTIMER0A_Handler                         0x000043dd   Thumb Code     2  startup_tm4c123.o(.text)
    WTIMER0B_Handler                         0x000043df   Thumb Code     2  startup_tm4c123.o(.text)
    WTIMER1A_Handler                         0x000043e1   Thumb Code     2  startup_tm4c123.o(.text)
    WTIMER1B_Handler                         0x000043e3   Thumb Code     2  startup_tm4c123.o(.text)
    WTIMER2A_Handler                         0x000043e5   Thumb Code     2  startup_tm4c123.o(.text)
    WTIMER2B_Handler                         0x000043e7   Thumb Code     2  startup_tm4c123.o(.text)
    WTIMER3A_Handler                         0x000043e9   Thumb Code     2  startup_tm4c123.o(.text)
    WTIMER3B_Handler                         0x000043eb   Thumb Code     2  startup_tm4c123.o(.text)
    WTIMER4A_Handler                         0x000043ed   Thumb Code     2  startup_tm4c123.o(.text)
    WTIMER4B_Handler                         0x000043ef   Thumb Code     2  startup_tm4c123.o(.text)
    WTIMER5A_Handler                         0x000043f1   Thumb Code     2  startup_tm4c123.o(.text)
    WTIMER5B_Handler                         0x000043f3   Thumb Code     2  startup_tm4c123.o(.text)
    FPU_Handler                              0x000043f5   Thumb Code     2  startup_tm4c123.o(.text)
    I2C4_Handler                             0x000043f7   Thumb Code     2  startup_tm4c123.o(.text)
    I2C5_Handler                             0x000043f9   Thumb Code     2  startup_tm4c123.o(.text)
    GPIOM_Handler                            0x000043fb   Thumb Code     2  startup_tm4c123.o(.text)
    GPION_Handler                            0x000043fd   Thumb Code     2  startup_tm4c123.o(.text)
    QEI2_Handler                             0x000043ff   Thumb Code     2  startup_tm4c123.o(.text)
    GPIOP0_Handler                           0x00004401   Thumb Code     2  startup_tm4c123.o(.text)
    GPIOP1_Handler                           0x00004403   Thumb Code     2  startup_tm4c123.o(.text)
    GPIOP2_Handler                           0x00004405   Thumb Code     2  startup_tm4c123.o(.text)
    GPIOP3_Handler                           0x00004407   Thumb Code     2  startup_tm4c123.o(.text)
    GPIOP4_Handler                           0x00004409   Thumb Code     2  startup_tm4c123.o(.text)
    GPIOP5_Handler                           0x0000440b   Thumb Code     2  startup_tm4c123.o(.text)
    GPIOP6_Handler                           0x0000440d   Thumb Code     2  startup_tm4c123.o(.text)
    GPIOP7_Handler                           0x0000440f   Thumb Code     2  startup_tm4c123.o(.text)
    GPIOQ0_Handler                           0x00004411   Thumb Code     2  startup_tm4c123.o(.text)
    GPIOQ1_Handler                           0x00004413   Thumb Code     2  startup_tm4c123.o(.text)
    GPIOQ2_Handler                           0x00004415   Thumb Code     2  startup_tm4c123.o(.text)
    GPIOQ3_Handler                           0x00004417   Thumb Code     2  startup_tm4c123.o(.text)
    GPIOQ4_Handler                           0x00004419   Thumb Code     2  startup_tm4c123.o(.text)
    GPIOQ5_Handler                           0x0000441b   Thumb Code     2  startup_tm4c123.o(.text)
    GPIOQ6_Handler                           0x0000441d   Thumb Code     2  startup_tm4c123.o(.text)
    GPIOQ7_Handler                           0x0000441f   Thumb Code     2  startup_tm4c123.o(.text)
    GPIOR_Handler                            0x00004421   Thumb Code     2  startup_tm4c123.o(.text)
    GPIOS_Handler                            0x00004423   Thumb Code     2  startup_tm4c123.o(.text)
    PMW1_0_Handler                           0x00004425   Thumb Code     2  startup_tm4c123.o(.text)
    PWM1_1_Handler                           0x00004427   Thumb Code     2  startup_tm4c123.o(.text)
    PWM1_2_Handler                           0x00004429   Thumb Code     2  startup_tm4c123.o(.text)
    PWM1_3_Handler                           0x0000442b   Thumb Code     2  startup_tm4c123.o(.text)
    PWM1_FAULT_Handler                       0x0000442d   Thumb Code     2  startup_tm4c123.o(.text)
    SystemCoreClockUpdate                    0x000044ef   Thumb Code   184  system_tm4c123.o(.text)
    SystemInit                               0x000045a7   Thumb Code   112  system_tm4c123.o(.text)
    rand                                     0x00004689   Thumb Code    20  rand.o(.text)
    srand                                    0x0000469d   Thumb Code     6  rand.o(.text)
    __aeabi_memcpy                           0x000046ad   Thumb Code    36  memcpya.o(.text)
    __aeabi_memcpy4                          0x000046ad   Thumb Code     0  memcpya.o(.text)
    __aeabi_memcpy8                          0x000046ad   Thumb Code     0  memcpya.o(.text)
    strcat                                   0x000046d1   Thumb Code    24  strcat.o(.text)
    strlen                                   0x000046e9   Thumb Code    14  strlen.o(.text)
    __aeabi_dadd                             0x000046f7   Thumb Code   322  dadd.o(.text)
    __aeabi_dsub                             0x00004839   Thumb Code     6  dadd.o(.text)
    __aeabi_drsub                            0x0000483f   Thumb Code     6  dadd.o(.text)
    __aeabi_dmul                             0x00004845   Thumb Code   228  dmul.o(.text)
    __aeabi_i2d                              0x00004929   Thumb Code    34  dflti.o(.text)
    __aeabi_d2iz                             0x0000494b   Thumb Code    62  dfixi.o(.text)
    __aeabi_d2uiz                            0x00004989   Thumb Code    50  dfixui.o(.text)
    __aeabi_f2d                              0x000049bb   Thumb Code    38  f2d.o(.text)
    __aeabi_d2f                              0x000049e1   Thumb Code    56  d2f.o(.text)
    __aeabi_uidiv                            0x00004a19   Thumb Code     0  uidiv.o(.text)
    __aeabi_uidivmod                         0x00004a19   Thumb Code    44  uidiv.o(.text)
    __aeabi_llsl                             0x00004a45   Thumb Code    30  llshl.o(.text)
    _ll_shift_l                              0x00004a45   Thumb Code     0  llshl.o(.text)
    __aeabi_llsr                             0x00004a63   Thumb Code    32  llushr.o(.text)
    _ll_ushift_r                             0x00004a63   Thumb Code     0  llushr.o(.text)
    __aeabi_lasr                             0x00004a83   Thumb Code    36  llsshr.o(.text)
    _ll_sshift_r                             0x00004a83   Thumb Code     0  llsshr.o(.text)
    __I$use$fp                               0x00004aa7   Thumb Code     0  iusefp.o(.text)
    _float_round                             0x00004aa7   Thumb Code    18  fepilogue.o(.text)
    _float_epilogue                          0x00004ab9   Thumb Code    92  fepilogue.o(.text)
    _double_round                            0x00004b15   Thumb Code    30  depilogue.o(.text)
    _double_epilogue                         0x00004b33   Thumb Code   156  depilogue.o(.text)
    __aeabi_ddiv                             0x00004bcf   Thumb Code   222  ddiv.o(.text)
    __scatterload                            0x00004cad   Thumb Code    28  init.o(.text)
    __scatterload_rt2                        0x00004cad   Thumb Code     0  init.o(.text)
    __aeabi_ui2d                             0x00004cd1   Thumb Code    26  dfltui.o(.text)
    __0printf$1                              0x00004ced   Thumb Code    22  printf1.o(i.__0printf$1)
    __1printf$1                              0x00004ced   Thumb Code     0  printf1.o(i.__0printf$1)
    __2printf                                0x00004ced   Thumb Code     0  printf1.o(i.__0printf$1)
    __ARM_fpclassify                         0x00004d0d   Thumb Code    48  fpclassify.o(i.__ARM_fpclassify)
    __hardfp_cos                             0x00004d41   Thumb Code   180  cos.o(i.__hardfp_cos)
    __hardfp_sin                             0x00004e09   Thumb Code   180  sin.o(i.__hardfp_sin)
    __ieee754_rem_pio2                       0x00004ed1   Thumb Code   938  rred.o(i.__ieee754_rem_pio2)
    __kernel_cos                             0x00005309   Thumb Code   322  cos_i.o(i.__kernel_cos)
    __kernel_poly                            0x00005479   Thumb Code   248  poly.o(i.__kernel_poly)
    __kernel_sin                             0x00005571   Thumb Code   280  sin_i.o(i.__kernel_sin)
    __mathlib_dbl_infnan                     0x000056a1   Thumb Code    20  dunder.o(i.__mathlib_dbl_infnan)
    __mathlib_dbl_invalid                    0x000056b9   Thumb Code    24  dunder.o(i.__mathlib_dbl_invalid)
    __mathlib_dbl_underflow                  0x000056d9   Thumb Code    24  dunder.o(i.__mathlib_dbl_underflow)
    __scatterload_copy                       0x000056f9   Thumb Code    14  handlers.o(i.__scatterload_copy)
    __scatterload_null                       0x00005707   Thumb Code     2  handlers.o(i.__scatterload_null)
    __scatterload_zeroinit                   0x00005709   Thumb Code    14  handlers.o(i.__scatterload_zeroinit)
    __set_errno                              0x00005719   Thumb Code     6  errno.o(i.__set_errno)
    fabs                                     0x00005879   Thumb Code    24  fabs.o(i.fabs)
    malloc                                   0x00005891   Thumb Code    92  malloc.o(i.malloc)
    calibri_10ptBitmap                       0x000058fc   Data         126  image_data.o(.constdata)
    calibri_10ptDescriptors                  0x0000597a   Data          56  image_data.o(.constdata)
    spadeBitmap                              0x000059b2   Data          30  image_data.o(.constdata)
    spadeWidthPages                          0x000059d0   Data           1  image_data.o(.constdata)
    spadeHeightPixels                        0x000059d1   Data           1  image_data.o(.constdata)
    heartBitmap                              0x000059d2   Data          30  image_data.o(.constdata)
    heartWidthPages                          0x000059f0   Data           1  image_data.o(.constdata)
    heartHeightPixels                        0x000059f1   Data           1  image_data.o(.constdata)
    diamondBitmap                            0x000059f2   Data          30  image_data.o(.constdata)
    diamondWidthPages                        0x00005a10   Data           1  image_data.o(.constdata)
    diamondHeightPixels                      0x00005a11   Data           1  image_data.o(.constdata)
    clubBitmap                               0x00005a12   Data          30  image_data.o(.constdata)
    clubWidthPages                           0x00005a30   Data           1  image_data.o(.constdata)
    clubHeightPixels                         0x00005a31   Data           1  image_data.o(.constdata)
    cardBackBitmap                           0x00005a32   Data         240  image_data.o(.constdata)
    cardBackWidthPages                       0x00005b22   Data           1  image_data.o(.constdata)
    cardBackHeightPixels                     0x00005b23   Data           1  image_data.o(.constdata)
    cardBorderBitmap                         0x00005b24   Data         240  image_data.o(.constdata)
    cardBorderWidthPages                     0x00005c14   Data           1  image_data.o(.constdata)
    cardBorderHeightPixels                   0x00005c15   Data           1  image_data.o(.constdata)
    microsoftSansSerif_8ptBitmaps            0x00005c16   Data         380  image_data.o(.constdata)
    microsoftSansSerif_8ptDescriptors        0x00005d92   Data         148  image_data.o(.constdata)
    x_offset                                 0x00005e28   Data           4  graphics.o(.constdata)
    y_offset                                 0x00005e2c   Data           4  graphics.o(.constdata)
    Region$$Table$$Base                      0x00006090   Number         0  anon$$obj.o(Region$$Table)
    Region$$Table$$Limit                     0x000060b0   Number         0  anon$$obj.o(Region$$Table)
    global_game_state_data                   0x20000000   Data           8  main.o(.data)
    data_flag                                0x20000008   Data           1  main.o(.data)
    student_1                                0x20000009   Data          26  main.o(.data)
    student_2                                0x20000023   Data          25  main.o(.data)
    student_3                                0x2000003c   Data          22  main.o(.data)
    group                                    0x20000052   Data          16  main.o(.data)
    up                                       0x20000064   Data           4  main.o(.data)
    down                                     0x20000068   Data           4  main.o(.data)
    left                                     0x2000006c   Data           4  main.o(.data)
    right                                    0x20000070   Data           4  main.o(.data)
    dealerNumCards                           0x20000074   Data           4  main.o(.data)
    currCard                                 0x20000078   Data           4  main.o(.data)
    dealerSum                                0x2000007c   Data           4  main.o(.data)
    ALERT_1MS                                0x20000080   Data           1  timers.o(.data)
    ALERT_5000MS                             0x20000081   Data           1  timers.o(.data)
    WATCHDOG_TESTING                         0x20000084   Data           4  timers.o(.data)
    AlertOneSec                              0x20000088   Data           1  interrupts.o(.data)
    defaultColor                             0x20000094   Data           2  graphics.o(.data)
    defaultBackgroundColor                   0x20000096   Data           2  graphics.o(.data)
    player_select_state                      0x20000098   Data           1  graphics.o(.data)
    prev_state                               0x200000a0   Data           1  graphics.o(.data)
    SystemCoreClock                          0x200000a4   Data           4  system_tm4c123.o(.data)
    __stdout                                 0x200000a8   Data           4  stdout.o(.data)
    __microlib_freelist                      0x200000b0   Data           4  mvars.o(.data)
    __microlib_freelist_initialised          0x200000b4   Data           4  mvars.o(.data)
    global_event_data                        0x200000bc   Data          16  main.o(.bss)
    dealerHand                               0x200000cc   Data          20  main.o(.bss)
    Deck                                     0x200000e0   Data         208  main.o(.bss)
    gameState                                0x200001b0   Data         340  main.o(.bss)
    this_player                              0x20000304   Data          64  main.o(.bss)
    UART0_Tx_Buffer                          0x20000344   Data          14  serial_debug.o(.bss)
    UART0_Rx_Buffer                          0x20000352   Data          14  serial_debug.o(.bss)
    __heap_base                              0x20000360   Data           0  startup_tm4c123.o(HEAP)
    __heap_limit                             0x20000360   Data           0  startup_tm4c123.o(HEAP)
    __initial_sp                             0x20001360   Data           0  startup_tm4c123.o(STACK)



==============================================================================

Memory Map of the image

  Image Entry point : 0x0000433d

  Load Region LR_1 (Base: 0x00000000, Size: 0x0000616c, Max: 0xffffffff, ABSOLUTE)

    Execution Region ER_RO (Exec base: 0x00000000, Load base: 0x00000000, Size: 0x000060b0, Max: 0xffffffff, ABSOLUTE)

    Exec Addr    Load Addr    Size         Type   Attr      Idx    E Section Name        Object

    0x00000000   0x00000000   0x0000026c   Data   RO          717    RESET               startup_tm4c123.o
    0x0000026c   0x0000026c   0x00000000   Code   RO          776  * .ARM.Collect$$$$00000000  mc_w.l(entry.o)
    0x0000026c   0x0000026c   0x00000004   Code   RO         1122    .ARM.Collect$$$$00000001  mc_w.l(entry2.o)
    0x00000270   0x00000270   0x00000004   Code   RO         1125    .ARM.Collect$$$$00000004  mc_w.l(entry5.o)
    0x00000274   0x00000274   0x00000000   Code   RO         1127    .ARM.Collect$$$$00000008  mc_w.l(entry7b.o)
    0x00000274   0x00000274   0x00000000   Code   RO         1129    .ARM.Collect$$$$0000000A  mc_w.l(entry8b.o)
    0x00000274   0x00000274   0x00000008   Code   RO         1130    .ARM.Collect$$$$0000000B  mc_w.l(entry9a.o)
    0x0000027c   0x0000027c   0x00000000   Code   RO         1132    .ARM.Collect$$$$0000000D  mc_w.l(entry10a.o)
    0x0000027c   0x0000027c   0x00000000   Code   RO         1134    .ARM.Collect$$$$0000000F  mc_w.l(entry11a.o)
    0x0000027c   0x0000027c   0x00000004   Code   RO         1123    .ARM.Collect$$$$00002712  mc_w.l(entry2.o)
    0x00000280   0x00000280   0x00000588   Code   RO            4    .text               main.o
    0x00000808   0x00000808   0x000002f8   Code   RO          156    .text               blackjack.o
    0x00000b00   0x00000b00   0x00000288   Code   RO          189    .text               gpio_port.o
    0x00000d88   0x00000d88   0x000000b4   Code   RO          213    .text               adc.o
    0x00000e3c   0x00000e3c   0x00000208   Code   RO          237    .text               i2c.o
    0x00001044   0x00001044   0x0000007c   Code   RO          258    .text               pc_buffer.o
    0x000010c0   0x000010c0   0x0000018c   Code   RO          276    .text               spi.o
    0x0000124c   0x0000124c   0x00000364   Code   RO          300    .text               timers.o
    0x000015b0   0x000015b0   0x00000270   Code   RO          334    .text               uart.o
    0x00001820   0x00001820   0x00000030   Code   RO          362    .text               interrupts.o
    0x00001850   0x00001850   0x00000194   Code   RO          393    .text               io_expander.o
    0x000019e4   0x000019e4   0x000005ec   Code   RO          424    .text               lcd.o
    0x00001fd0   0x00001fd0   0x00000214   Code   RO          448    .text               eeprom.o
    0x000021e4   0x000021e4   0x000001b8   Code   RO          472    .text               ft6x06.o
    0x0000239c   0x0000239c   0x000000c4   Code   RO          496    .text               launchpad_io.o
    0x00002460   0x00002460   0x000000cc   Code   RO          520    .text               ps2.o
    0x0000252c   0x0000252c   0x00000204   Code   RO          544    .text               serial_debug.o
    0x00002730   0x00002730   0x000000a4   Code   RO          580    .text               spi_select.o
    0x000027d4   0x000027d4   0x00000630   Code   RO          604    .text               wireless.o
    0x00002e04   0x00002e04   0x00001538   Code   RO          680    .text               graphics.o
    0x0000433c   0x0000433c   0x000000fc   Code   RO          718  * .text               startup_tm4c123.o
    0x00004438   0x00004438   0x00000250   Code   RO          725    .text               system_tm4c123.o
    0x00004688   0x00004688   0x00000024   Code   RO          780    .text               mc_w.l(rand.o)
    0x000046ac   0x000046ac   0x00000024   Code   RO          783    .text               mc_w.l(memcpya.o)
    0x000046d0   0x000046d0   0x00000018   Code   RO          785    .text               mc_w.l(strcat.o)
    0x000046e8   0x000046e8   0x0000000e   Code   RO          787    .text               mc_w.l(strlen.o)
    0x000046f6   0x000046f6   0x0000014e   Code   RO         1080    .text               mf_w.l(dadd.o)
    0x00004844   0x00004844   0x000000e4   Code   RO         1082    .text               mf_w.l(dmul.o)
    0x00004928   0x00004928   0x00000022   Code   RO         1084    .text               mf_w.l(dflti.o)
    0x0000494a   0x0000494a   0x0000003e   Code   RO         1086    .text               mf_w.l(dfixi.o)
    0x00004988   0x00004988   0x00000032   Code   RO         1088    .text               mf_w.l(dfixui.o)
    0x000049ba   0x000049ba   0x00000026   Code   RO         1090    .text               mf_w.l(f2d.o)
    0x000049e0   0x000049e0   0x00000038   Code   RO         1092    .text               mf_w.l(d2f.o)
    0x00004a18   0x00004a18   0x0000002c   Code   RO         1136    .text               mc_w.l(uidiv.o)
    0x00004a44   0x00004a44   0x0000001e   Code   RO         1140    .text               mc_w.l(llshl.o)
    0x00004a62   0x00004a62   0x00000020   Code   RO         1142    .text               mc_w.l(llushr.o)
    0x00004a82   0x00004a82   0x00000024   Code   RO         1144    .text               mc_w.l(llsshr.o)
    0x00004aa6   0x00004aa6   0x00000000   Code   RO         1155    .text               mc_w.l(iusefp.o)
    0x00004aa6   0x00004aa6   0x0000006e   Code   RO         1156    .text               mf_w.l(fepilogue.o)
    0x00004b14   0x00004b14   0x000000ba   Code   RO         1158    .text               mf_w.l(depilogue.o)
    0x00004bce   0x00004bce   0x000000de   Code   RO         1160    .text               mf_w.l(ddiv.o)
    0x00004cac   0x00004cac   0x00000024   Code   RO         1178    .text               mc_w.l(init.o)
    0x00004cd0   0x00004cd0   0x0000001a   Code   RO         1180    .text               mf_w.l(dfltui.o)
    0x00004cea   0x00004cea   0x00000002   PAD
    0x00004cec   0x00004cec   0x00000020   Code   RO          836    i.__0printf$1       mc_w.l(printf1.o)
    0x00004d0c   0x00004d0c   0x00000030   Code   RO         1174    i.__ARM_fpclassify  m_wm.l(fpclassify.o)
    0x00004d3c   0x00004d3c   0x00000004   PAD
    0x00004d40   0x00004d40   0x000000c8   Code   RO          752    i.__hardfp_cos      m_wm.l(cos.o)
    0x00004e08   0x00004e08   0x000000c8   Code   RO          764    i.__hardfp_sin      m_wm.l(sin.o)
    0x00004ed0   0x00004ed0   0x00000438   Code   RO         1111    i.__ieee754_rem_pio2  m_wm.l(rred.o)
    0x00005308   0x00005308   0x00000170   Code   RO         1094    i.__kernel_cos      m_wm.l(cos_i.o)
    0x00005478   0x00005478   0x000000f8   Code   RO         1176    i.__kernel_poly     m_wm.l(poly.o)
    0x00005570   0x00005570   0x00000130   Code   RO         1116    i.__kernel_sin      m_wm.l(sin_i.o)
    0x000056a0   0x000056a0   0x00000014   Code   RO         1098    i.__mathlib_dbl_infnan  m_wm.l(dunder.o)
    0x000056b4   0x000056b4   0x00000004   PAD
    0x000056b8   0x000056b8   0x00000020   Code   RO         1100    i.__mathlib_dbl_invalid  m_wm.l(dunder.o)
    0x000056d8   0x000056d8   0x00000020   Code   RO         1103    i.__mathlib_dbl_underflow  m_wm.l(dunder.o)
    0x000056f8   0x000056f8   0x0000000e   Code   RO         1184    i.__scatterload_copy  mc_w.l(handlers.o)
    0x00005706   0x00005706   0x00000002   Code   RO         1185    i.__scatterload_null  mc_w.l(handlers.o)
    0x00005708   0x00005708   0x0000000e   Code   RO         1186    i.__scatterload_zeroinit  mc_w.l(handlers.o)
    0x00005716   0x00005716   0x00000002   PAD
    0x00005718   0x00005718   0x0000000c   Code   RO         1150    i.__set_errno       mc_w.l(errno.o)
    0x00005724   0x00005724   0x00000154   Code   RO          843    i._printf_core      mc_w.l(printf1.o)
    0x00005878   0x00005878   0x00000018   Code   RO         1170    i.fabs              m_wm.l(fabs.o)
    0x00005890   0x00005890   0x0000006c   Code   RO         1053    i.malloc            mc_w.l(malloc.o)
    0x000058fc   0x000058fc   0x0000052a   Data   RO          665    .constdata          image_data.o
    0x00005e26   0x00005e26   0x00000002   PAD
    0x00005e28   0x00005e28   0x00000146   Data   RO          681    .constdata          graphics.o
    0x00005f6e   0x00005f6e   0x00000002   PAD
    0x00005f70   0x00005f70   0x00000030   Data   RO         1095    .constdata          m_wm.l(cos_i.o)
    0x00005fa0   0x00005fa0   0x000000c8   Data   RO         1113    .constdata          m_wm.l(rred.o)
    0x00006068   0x00006068   0x00000028   Data   RO         1117    .constdata          m_wm.l(sin_i.o)
    0x00006090   0x00006090   0x00000020   Data   RO         1182    Region$$Table       anon$$obj.o


    Execution Region ER_RW (Exec base: 0x20000000, Load base: 0x000060b0, Size: 0x000000bc, Max: 0xffffffff, ABSOLUTE)

    Exec Addr    Load Addr    Size         Type   Attr      Idx    E Section Name        Object

    0x20000000   0x000060b0   0x00000080   Data   RW            6    .data               main.o
    0x20000080   0x00006130   0x00000008   Data   RW          301    .data               timers.o
    0x20000088   0x00006138   0x00000008   Data   RW          363    .data               interrupts.o
    0x20000090   0x00006140   0x00000002   Data   RW          546    .data               serial_debug.o
    0x20000092   0x00006142   0x00000002   PAD
    0x20000094   0x00006144   0x0000000d   Data   RW          682    .data               graphics.o
    0x200000a1   0x00006151   0x00000003   PAD
    0x200000a4   0x00006154   0x00000004   Data   RW          726    .data               system_tm4c123.o
    0x200000a8   0x00006158   0x00000004   Data   RW          779    .data               mc_w.l(stdout.o)
    0x200000ac   0x0000615c   0x00000004   Data   RW          781    .data               mc_w.l(rand.o)
    0x200000b0   0x00006160   0x00000004   Data   RW         1146    .data               mc_w.l(mvars.o)
    0x200000b4   0x00006164   0x00000004   Data   RW         1147    .data               mc_w.l(mvars.o)
    0x200000b8   0x00006168   0x00000004   Data   RW         1151    .data               mc_w.l(errno.o)


    Execution Region ER_ZI (Exec base: 0x200000bc, Load base: 0x0000616c, Size: 0x000012a4, Max: 0xffffffff, ABSOLUTE)

    Exec Addr    Load Addr    Size         Type   Attr      Idx    E Section Name        Object

    0x200000bc        -       0x00000288   Zero   RW            5    .bss                main.o
    0x20000344        -       0x0000001c   Zero   RW          545    .bss                serial_debug.o
    0x20000360        -       0x00000000   Zero   RW          716    HEAP                startup_tm4c123.o
    0x20000360        -       0x00001000   Zero   RW          715    STACK               startup_tm4c123.o


==============================================================================

Image component sizes


      Code (inc. data)   RO Data    RW Data    ZI Data      Debug   Object Name

       180         14          0          0          0       1443   adc.o
       760         56          0          0          0       4018   blackjack.o
       532          4          0          0          0       2806   eeprom.o
       440          4          0          0          0       2232   ft6x06.o
       648         32          0          0          0       4978   gpio_port.o
      5432        582        326         13          0      10623   graphics.o
       520         24          0          0          0       3657   i2c.o
         0          0       1322          0          0       2132   image_data.o
        48          8          0          8          0        808   interrupts.o
       404          4          0          0          0       2235   io_expander.o
       196         26          0          0          0       1790   launchpad_io.o
      1516         28          0          0          0       4253   lcd.o
      1416        348          0        128        648      35621   main.o
       124          0          0          0          0       1911   pc_buffer.o
       204         16          0          0          0       1648   ps2.o
       516         24          0          2         28       5845   serial_debug.o
       396         24          0          0          0       1861   spi.o
       164         10          0          0          0        865   spi_select.o
       252         10        620          0       4096       5432   startup_tm4c123.o
       592        138          0          4          0       1537   system_tm4c123.o
       868         48          0          8          0      34548   timers.o
       624         48          0          0          0      33155   uart.o
      1584         44          0          0          0      12980   wireless.o

    ----------------------------------------------------------------------
     17416       1492       2304        168       4772     176378   Object Totals
         0          0         32          0          0          0   (incl. Generated)
         0          0          4          5          0          0   (incl. Padding)

    ----------------------------------------------------------------------

      Code (inc. data)   RO Data    RW Data    ZI Data      Debug   Library Member Name

       200         20          0          0          0        164   cos.o
       368         46         48          0          0        200   cos_i.o
        84         16          0          0          0        372   dunder.o
        24          0          0          0          0        124   fabs.o
        48          0          0          0          0        124   fpclassify.o
       248          0          0          0          0        152   poly.o
      1080        142        200          0          0        188   rred.o
       200         20          0          0          0        164   sin.o
       304         24         40          0          0        208   sin_i.o
         0          0          0          0          0          0   entry.o
         0          0          0          0          0          0   entry10a.o
         0          0          0          0          0          0   entry11a.o
         8          4          0          0          0          0   entry2.o
         4          0          0          0          0          0   entry5.o
         0          0          0          0          0          0   entry7b.o
         0          0          0          0          0          0   entry8b.o
         8          4          0          0          0          0   entry9a.o
        12          6          0          4          0         68   errno.o
        30          0          0          0          0          0   handlers.o
        36          8          0          0          0         68   init.o
         0          0          0          0          0          0   iusefp.o
        30          0          0          0          0         68   llshl.o
        36          0          0          0          0         68   llsshr.o
        32          0          0          0          0         68   llushr.o
       108         16          0          0          0         84   malloc.o
        36          0          0          0          0         68   memcpya.o
         0          0          0          8          0          0   mvars.o
       372         14          0          0          0        184   printf1.o
        36         10          0          4          0        136   rand.o
         0          0          0          4          0          0   stdout.o
        24          0          0          0          0         68   strcat.o
        14          0          0          0          0         68   strlen.o
        44          0          0          0          0         80   uidiv.o
        56          0          0          0          0         88   d2f.o
       334          0          0          0          0        148   dadd.o
       222          0          0          0          0        100   ddiv.o
       186          0          0          0          0        176   depilogue.o
        62          0          0          0          0         80   dfixi.o
        50          0          0          0          0         76   dfixui.o
        34          0          0          0          0         76   dflti.o
        26          0          0          0          0         76   dfltui.o
       228          0          0          0          0         96   dmul.o
        38          0          0          0          0         68   f2d.o
       110          0          0          0          0        168   fepilogue.o

    ----------------------------------------------------------------------
      4744        330        288         20          0       3876   Library Totals
        12          0          0          0          0          0   (incl. Padding)

    ----------------------------------------------------------------------

      Code (inc. data)   RO Data    RW Data    ZI Data      Debug   Library Name

      2556        268        288          0          0       1696   m_wm.l
       830         62          0         20          0       1028   mc_w.l
      1346          0          0          0          0       1152   mf_w.l

    ----------------------------------------------------------------------
      4744        330        288         20          0       3876   Library Totals

    ----------------------------------------------------------------------

==============================================================================


      Code (inc. data)   RO Data    RW Data    ZI Data      Debug   

     22160       1822       2592        188       4772     174914   Grand Totals
     22160       1822       2592        188       4772     174914   ELF Image Totals
     22160       1822       2592        188          0          0   ROM Totals

==============================================================================

    Total RO  Size (Code + RO Data)                24752 (  24.17kB)
    Total RW  Size (RW Data + ZI Data)              4960 (   4.84kB)
    Total ROM Size (Code + RO Data + RW Data)      24940 (  24.36kB)

==============================================================================

