Component: ARM Compiler 5.06 update 5 (build 528) Tool: armlink [4d35e2]

==============================================================================

Section Cross References

    main.o(.text) refers to launchpad_io.o(.text) for lp_io_init
    main.o(.text) refers to eeprom.o(.text) for eeprom_init
    main.o(.text) refers to timers.o(.text) for timers_init
    main.o(.text) refers to lcd.o(.text) for lcd_config_screen
    main.o(.text) refers to ft6x06.o(.text) for ft6x06_init
    main.o(.text) refers to serial_debug.o(.text) for init_serial_debug
    main.o(.text) refers to spi_select.o(.text) for spi_select_init
    main.o(.text) refers to wireless.o(.text) for wireless_initialize
    main.o(.text) refers to graphics.o(.text) for clear
    main.o(.text) refers to main.o(.data) for student_1
    adc.o(.text) refers to adc.o(.data) for PS2_X_DATA
    pc_buffer.o(.text) refers to malloc.o(i.malloc) for malloc
    timers.o(.text) refers to timers.o(.data) for ALERT_5000MS
    lcd.o(.text) refers to gpio_port.o(.text) for gpio_enable_port
    eeprom.o(.text) refers to i2c.o(.text) for i2cVerifyBaseAddr
    eeprom.o(.text) refers to gpio_port.o(.text) for gpio_enable_port
    ft6x06.o(.text) refers to i2c.o(.text) for I2CMasterBusy
    ft6x06.o(.text) refers to gpio_port.o(.text) for gpio_enable_port
    ps2.o(.text) refers to gpio_port.o(.text) for gpio_enable_port
    ps2.o(.text) refers to adc.o(.text) for initialize_adc
    serial_debug.o(.text) refers to pc_buffer.o(.text) for pc_buffer_init
    serial_debug.o(.text) refers to uart.o(.text) for uart_init
    serial_debug.o(.text) refers to main.o(.text) for DisableInterrupts
    serial_debug.o(.text) refers to serial_debug.o(.data) for Rx_Interrupts_Enabled
    serial_debug.o(.text) refers to serial_debug.o(.bss) for UART0_Tx_Buffer
    serial_debug.o(.text) refers to stdout.o(.data) for __stdout
    spi_select.o(.text) refers to gpio_port.o(.text) for gpio_enable_port
    wireless.o(.text) refers to spi.o(.text) for spiTx
    wireless.o(.text) refers to gpio_port.o(.text) for gpio_enable_port
    wireless.o(.text) refers to printf1.o(i.__0printf$1) for __2printf
    wireless.o(.data) refers to wireless.o(.conststring) for .conststring
    ws2812b_ice.o(.text) refers to ws2812b_ice.o(.data) for direction
    graphics.o(.text) refers to lcd.o(.text) for lcd_clear_screen
    graphics.o(.text) refers to graphics.o(.data) for defaultBackgroundColor
    graphics.o(.text) refers to image_data.o(.constdata) for microsoftSansSerif_8ptDescriptors
    graphics.o(.text) refers to f2d.o(.text) for __aeabi_f2d
    graphics.o(.text) refers to dadd.o(.text) for __aeabi_dadd
    graphics.o(.text) refers to d2f.o(.text) for __aeabi_d2f
    graphics.o(.text) refers to dflti.o(.text) for __aeabi_i2d
    graphics.o(.text) refers to sin.o(i.__hardfp_sin) for __hardfp_sin
    graphics.o(.text) refers to dmul.o(.text) for __aeabi_dmul
    graphics.o(.text) refers to dfixi.o(.text) for __aeabi_d2iz
    graphics.o(.text) refers to cos.o(i.__hardfp_cos) for __hardfp_cos
    startup_tm4c123.o(RESET) refers to startup_tm4c123.o(STACK) for __initial_sp
    startup_tm4c123.o(RESET) refers to startup_tm4c123.o(.text) for Reset_Handler
    startup_tm4c123.o(RESET) refers to serial_debug.o(.text) for UART0_Handler
    startup_tm4c123.o(RESET) refers to adc.o(.text) for ADC0SS2_Handler
    startup_tm4c123.o(RESET) refers to timers.o(.text) for WDT0_Handler
    startup_tm4c123.o(.text) refers to system_tm4c123.o(.text) for SystemInit
    startup_tm4c123.o(.text) refers to entry.o(.ARM.Collect$$$$00000000) for __main
    system_tm4c123.o(.text) refers to system_tm4c123.o(.data) for SystemCoreClock
    cos.o(i.__hardfp_cos) refers (Special) to iusefp.o(.text) for __I$use$fp
    cos.o(i.__hardfp_cos) refers to errno.o(i.__set_errno) for __set_errno
    cos.o(i.__hardfp_cos) refers to dunder.o(i.__mathlib_dbl_invalid) for __mathlib_dbl_invalid
    cos.o(i.__hardfp_cos) refers to dunder.o(i.__mathlib_dbl_infnan) for __mathlib_dbl_infnan
    cos.o(i.__hardfp_cos) refers to rred.o(i.__ieee754_rem_pio2) for __ieee754_rem_pio2
    cos.o(i.__hardfp_cos) refers to sin_i.o(i.__kernel_sin) for __kernel_sin
    cos.o(i.__hardfp_cos) refers to cos_i.o(i.__kernel_cos) for __kernel_cos
    cos.o(i.__softfp_cos) refers (Special) to iusefp.o(.text) for __I$use$fp
    cos.o(i.__softfp_cos) refers to cos.o(i.__hardfp_cos) for __hardfp_cos
    cos.o(i.cos) refers (Special) to iusefp.o(.text) for __I$use$fp
    cos.o(i.cos) refers to cos.o(i.__hardfp_cos) for __hardfp_cos
    cos_x.o(i.____hardfp_cos$lsc) refers (Special) to iusefp.o(.text) for __I$use$fp
    cos_x.o(i.____hardfp_cos$lsc) refers to errno.o(i.__set_errno) for __set_errno
    cos_x.o(i.____hardfp_cos$lsc) refers to dunder.o(i.__mathlib_dbl_infnan) for __mathlib_dbl_infnan
    cos_x.o(i.____hardfp_cos$lsc) refers to rred.o(i.__ieee754_rem_pio2) for __ieee754_rem_pio2
[...]
    printf5.o(i.__0sprintf$5) refers to printf5.o(i._sputc) for _sputc
    printf5.o(i.__0vfprintf$5) refers to printf5.o(i._printf_core) for _printf_core
    printf5.o(i.__0vfprintf$5) refers to serial_debug.o(.text) for fputc
    printf5.o(i.__0vprintf$5) refers to printf5.o(i._printf_core) for _printf_core
    printf5.o(i.__0vprintf$5) refers to serial_debug.o(.text) for fputc
    printf5.o(i.__0vprintf$5) refers to stdout.o(.data) for __stdout
    printf5.o(i.__0vsnprintf$5) refers to printf5.o(i._printf_core) for _printf_core
    printf5.o(i.__0vsnprintf$5) refers to printf5.o(i._snputc) for _snputc
    printf5.o(i.__0vsprintf$5) refers to printf5.o(i._printf_core) for _printf_core
    printf5.o(i.__0vsprintf$5) refers to printf5.o(i._sputc) for _sputc
    printf5.o(i._printf_core) refers to uldiv.o(.text) for __aeabi_uldivmod
    printf6.o(i.__0fprintf$6) refers to printf6.o(i._printf_core) for _printf_core
    printf6.o(i.__0fprintf$6) refers to serial_debug.o(.text) for fputc
    printf6.o(i.__0printf$6) refers to printf6.o(i._printf_core) for _printf_core
    printf6.o(i.__0printf$6) refers to serial_debug.o(.text) for fputc
    printf6.o(i.__0printf$6) refers to stdout.o(.data) for __stdout
    printf6.o(i.__0snprintf$6) refers to printf6.o(i._printf_core) for _printf_core
    printf6.o(i.__0snprintf$6) refers to printf6.o(i._snputc) for _snputc
    printf6.o(i.__0sprintf$6) refers to printf6.o(i._printf_core) for _printf_core
    printf6.o(i.__0sprintf$6) refers to printf6.o(i._sputc) for _sputc
    printf6.o(i.__0vfprintf$6) refers to printf6.o(i._printf_core) for _printf_core
    printf6.o(i.__0vfprintf$6) refers to serial_debug.o(.text) for fputc
    printf6.o(i.__0vprintf$6) refers to printf6.o(i._printf_core) for _printf_core
    printf6.o(i.__0vprintf$6) refers to serial_debug.o(.text) for fputc
    printf6.o(i.__0vprintf$6) refers to stdout.o(.data) for __stdout
    printf6.o(i.__0vsnprintf$6) refers to printf6.o(i._printf_core) for _printf_core
    printf6.o(i.__0vsnprintf$6) refers to printf6.o(i._snputc) for _snputc
    printf6.o(i.__0vsprintf$6) refers to printf6.o(i._printf_core) for _printf_core
    printf6.o(i.__0vsprintf$6) refers to printf6.o(i._sputc) for _sputc
    printf6.o(i._printf_core) refers to printf6.o(i._printf_pre_padding) for _printf_pre_padding
    printf6.o(i._printf_core) refers to uidiv.o(.text) for __aeabi_uidivmod
    printf6.o(i._printf_core) refers to printf6.o(i._printf_post_padding) for _printf_post_padding
    printf7.o(i.__0fprintf$7) refers to printf7.o(i._printf_core) for _printf_core
    printf7.o(i.__0fprintf$7) refers to serial_debug.o(.text) for fputc
    printf7.o(i.__0printf$7) refers to printf7.o(i._printf_core) for _printf_core
    printf7.o(i.__0printf$7) refers to serial_debug.o(.text) for fputc
    printf7.o(i.__0printf$7) refers to stdout.o(.data) for __stdout
    printf7.o(i.__0snprintf$7) refers to printf7.o(i._printf_core) for _printf_core
    printf7.o(i.__0snprintf$7) refers to printf7.o(i._snputc) for _snputc
    printf7.o(i.__0sprintf$7) refers to printf7.o(i._printf_core) for _printf_core
    printf7.o(i.__0sprintf$7) refers to printf7.o(i._sputc) for _sputc
    printf7.o(i.__0vfprintf$7) refers to printf7.o(i._printf_core) for _printf_core
    printf7.o(i.__0vfprintf$7) refers to serial_debug.o(.text) for fputc
    printf7.o(i.__0vprintf$7) refers to printf7.o(i._printf_core) for _printf_core
    printf7.o(i.__0vprintf$7) refers to serial_debug.o(.text) for fputc
    printf7.o(i.__0vprintf$7) refers to stdout.o(.data) for __stdout
    printf7.o(i.__0vsnprintf$7) refers to printf7.o(i._printf_core) for _printf_core
    printf7.o(i.__0vsnprintf$7) refers to printf7.o(i._snputc) for _snputc
    printf7.o(i.__0vsprintf$7) refers to printf7.o(i._printf_core) for _printf_core
    printf7.o(i.__0vsprintf$7) refers to printf7.o(i._sputc) for _sputc
    printf7.o(i._printf_core) refers to printf7.o(i._printf_pre_padding) for _printf_pre_padding
    printf7.o(i._printf_core) refers to uldiv.o(.text) for __aeabi_uldivmod
    printf7.o(i._printf_core) refers to printf7.o(i._printf_post_padding) for _printf_post_padding
    printf8.o(i.__0fprintf$8) refers to printf8.o(i._printf_core) for _printf_core
    printf8.o(i.__0fprintf$8) refers to serial_debug.o(.text) for fputc
    printf8.o(i.__0printf$8) refers to printf8.o(i._printf_core) for _printf_core
    printf8.o(i.__0printf$8) refers to serial_debug.o(.text) for fputc
    printf8.o(i.__0printf$8) refers to stdout.o(.data) for __stdout
    printf8.o(i.__0snprintf$8) refers to printf8.o(i._printf_core) for _printf_core
    printf8.o(i.__0snprintf$8) refers to printf8.o(i._snputc) for _snputc
    printf8.o(i.__0sprintf$8) refers to printf8.o(i._printf_core) for _printf_core
    printf8.o(i.__0sprintf$8) refers to printf8.o(i._sputc) for _sputc
    printf8.o(i.__0vfprintf$8) refers to printf8.o(i._printf_core) for _printf_core
    printf8.o(i.__0vfprintf$8) refers to serial_debug.o(.text) for fputc
    printf8.o(i.__0vprintf$8) refers to printf8.o(i._printf_core) for _printf_core
    printf8.o(i.__0vprintf$8) refers to serial_debug.o(.text) for fputc
    printf8.o(i.__0vprintf$8) refers to stdout.o(.data) for __stdout
    printf8.o(i.__0vsnprintf$8) refers to printf8.o(i._printf_core) for _printf_core
    printf8.o(i.__0vsnprintf$8) refers to printf8.o(i._snputc) for _snputc
    printf8.o(i.__0vsprintf$8) refers to printf8.o(i._printf_core) for _printf_core
    printf8.o(i.__0vsprintf$8) refers to printf8.o(i._sputc) for _sputc
    printf8.o(i._printf_core) refers to printf8.o(i._printf_pre_padding) for _printf_pre_padding
    printf8.o(i._printf_core) refers to uldiv.o(.text) for __aeabi_uldivmod
    printf8.o(i._printf_core) refers to printf8.o(i._printf_post_padding) for _printf_post_padding
    printfa.o(i.__0fprintf) refers (Special) to iusefp.o(.text) for __I$use$fp
    printfa.o(i.__0fprintf) refers to printfa.o(i._printf_core) for _printf_core
    printfa.o(i.__0fprintf) refers to serial_debug.o(.text) for fputc
    printfa.o(i.__0printf) refers (Special) to iusefp.o(.text) for __I$use$fp
    printfa.o(i.__0printf) refers to printfa.o(i._printf_core) for _printf_core
    printfa.o(i.__0printf) refers to serial_debug.o(.text) for fputc
    printfa.o(i.__0printf) refers to stdout.o(.data) for __stdout
    printfa.o(i.__0snprintf) refers (Special) to iusefp.o(.text) for __I$use$fp
    printfa.o(i.__0snprintf) refers to printfa.o(i._printf_core) for _printf_core
    printfa.o(i.__0snprintf) refers to printfa.o(i._snputc) for _snputc
    printfa.o(i.__0sprintf) refers (Special) to iusefp.o(.text) for __I$use$fp
    printfa.o(i.__0sprintf) refers to printfa.o(i._printf_core) for _printf_core
    printfa.o(i.__0sprintf) refers to printfa.o(i._sputc) for _sputc
    printfa.o(i.__0vfprintf) refers (Special) to iusefp.o(.text) for __I$use$fp
    printfa.o(i.__0vfprintf) refers to printfa.o(i._printf_core) for _printf_core
    printfa.o(i.__0vfprintf) refers to serial_debug.o(.text) for fputc
    printfa.o(i.__0vprintf) refers (Special) to iusefp.o(.text) for __I$use$fp
    printfa.o(i.__0vprintf) refers to printfa.o(i._printf_core) for _printf_core
    printfa.o(i.__0vprintf) refers to serial_debug.o(.text) for fputc
    printfa.o(i.__0vprintf) refers to stdout.o(.data) for __stdout
    printfa.o(i.__0vsnprintf) refers (Special) to iusefp.o(.text) for __I$use$fp
    printfa.o(i.__0vsnprintf) refers to printfa.o(i._printf_core) for _printf_core
    printfa.o(i.__0vsnprintf) refers to printfa.o(i._snputc) for _snputc
    printfa.o(i.__0vsprintf) refers (Special) to iusefp.o(.text) for __I$use$fp
    printfa.o(i.__0vsprintf) refers to printfa.o(i._printf_core) for _printf_core
    printfa.o(i.__0vsprintf) refers to printfa.o(i._sputc) for _sputc
    printfa.o(i._fp_digits) refers (Special) to iusefp.o(.text) for __I$use$fp
    printfa.o(i._fp_digits) refers to dmul.o(.text) for __aeabi_dmul
    printfa.o(i._fp_digits) refers to ddiv.o(.text) for __aeabi_ddiv
    printfa.o(i._fp_digits) refers to cdrcmple.o(.text) for __aeabi_cdrcmple
    printfa.o(i._fp_digits) refers to dadd.o(.text) for __aeabi_dadd
    printfa.o(i._fp_digits) refers to dfixul.o(.text) for __aeabi_d2ulz
    printfa.o(i._fp_digits) refers to uldiv.o(.text) for __aeabi_uldivmod
    printfa.o(i._printf_core) refers (Special) to iusefp.o(.text) for __I$use$fp
    printfa.o(i._printf_core) refers to printfa.o(i._printf_pre_padding) for _printf_pre_padding
    printfa.o(i._printf_core) refers to uldiv.o(.text) for __aeabi_uldivmod
    printfa.o(i._printf_core) refers to printfa.o(i._printf_post_padding) for _printf_post_padding
    printfa.o(i._printf_core) refers to printfa.o(i._fp_digits) for _fp_digits
    printfa.o(i._printf_core) refers to uidiv.o(.text) for __aeabi_uidivmod
    printfa.o(i._printf_post_padding) refers (Special) to iusefp.o(.text) for __I$use$fp
    printfa.o(i._printf_pre_padding) refers (Special) to iusefp.o(.text) for __I$use$fp
    printfa.o(i._snputc) refers (Special) to iusefp.o(.text) for __I$use$fp
    printfa.o(i._sputc) refers (Special) to iusefp.o(.text) for __I$use$fp
    malloc.o(i.free) refers to mvars.o(.data) for __microlib_freelist
    malloc.o(i.malloc) refers to mvars.o(.data) for __microlib_freelist_initialised
    malloc.o(i.malloc) refers to mvars.o(.data) for __microlib_freelist
    malloc.o(i.malloc) refers to startup_tm4c123.o(HEAP) for __heap_base
    mallocr.o(i.__free$realloc) refers to mvars.o(.data) for __microlib_freelist
    mallocr.o(i.__malloc$realloc) refers to mallocr.o(i.internal_alloc) for internal_alloc
    mallocr.o(i.__malloc$realloc) refers to mvars.o(.data) for __microlib_freelist_initialised
    mallocr.o(i.__malloc$realloc) refers to startup_tm4c123.o(HEAP) for __heap_base
    mallocr.o(i.__malloc$realloc) refers to mvars.o(.data) for __microlib_freelist
    mallocr.o(i.internal_alloc) refers to memcpya.o(.text) for __aeabi_memcpy
    mallocr.o(i.internal_alloc) refers to mvars.o(.data) for __microlib_freelist
    mallocr.o(i.realloc) refers to mallocr.o(i.__free$realloc) for __free$realloc
    mallocr.o(i.realloc) refers to mallocr.o(i.internal_alloc) for internal_alloc
    mallocr.o(i.realloc) refers to mallocr.o(i.__malloc$realloc) for __malloc$realloc
    mallocr.o(i.realloc) refers to mvars.o(.data) for __microlib_freelist
    malloca.o(i.__aligned_malloc) refers to mvars.o(.data) for __microlib_freelist_initialised
    malloca.o(i.__aligned_malloc) refers to mvars.o(.data) for __microlib_freelist
    malloca.o(i.__aligned_malloc) refers to startup_tm4c123.o(HEAP) for __heap_base
    malloca.o(i.__free$memalign) refers to mvars.o(.data) for __microlib_freelist
    malloca.o(i.__malloc$memalign) refers to malloca.o(i.__aligned_malloc) for __aligned_malloc
    mallocra.o(i.__aligned_malloc$realloc) refers to mallocra.o(i.internal_alloc) for internal_alloc
    mallocra.o(i.__aligned_malloc$realloc) refers to mvars.o(.data) for __microlib_freelist_initialised
    mallocra.o(i.__aligned_malloc$realloc) refers to startup_tm4c123.o(HEAP) for __heap_base
    mallocra.o(i.__aligned_malloc$realloc) refers to mvars.o(.data) for __microlib_freelist
    mallocra.o(i.__free$realloc$memalign) refers to mvars.o(.data) for __microlib_freelist
    mallocra.o(i.__malloc$realloc$memalign) refers to mallocra.o(i.__aligned_malloc$realloc) for __aligned_malloc$realloc
    mallocra.o(i.__realloc$memalign) refers to mallocra.o(i.__free$realloc$memalign) for __free$realloc$memalign
    mallocra.o(i.__realloc$memalign) refers to mallocra.o(i.internal_alloc) for internal_alloc
    mallocra.o(i.__realloc$memalign) refers to mallocra.o(i.__malloc$realloc$memalign) for __malloc$realloc$memalign
    mallocra.o(i.__realloc$memalign) refers to mvars.o(.data) for __microlib_freelist
    mallocra.o(i.internal_alloc) refers to memcpya.o(.text) for __aeabi_memcpy
    mallocra.o(i.internal_alloc) refers to mvars.o(.data) for __microlib_freelist
    dadd.o(.text) refers (Special) to iusefp.o(.text) for __I$use$fp
    dadd.o(.text) refers to llshl.o(.text) for __aeabi_llsl
    dadd.o(.text) refers to llsshr.o(.text) for __aeabi_lasr
    dadd.o(.text) refers to depilogue.o(.text) for _double_epilogue
    dmul.o(.text) refers (Special) to iusefp.o(.text) for __I$use$fp
    dmul.o(.text) refers to depilogue.o(.text) for _double_epilogue
    dflti.o(.text) refers (Special) to iusefp.o(.text) for __I$use$fp
    dflti.o(.text) refers to depilogue.o(.text) for _double_epilogue
    dfixi.o(.text) refers (Special) to iusefp.o(.text) for __I$use$fp
    dfixi.o(.text) refers to llushr.o(.text) for __aeabi_llsr
    f2d.o(.text) refers (Special) to iusefp.o(.text) for __I$use$fp
    d2f.o(.text) refers (Special) to iusefp.o(.text) for __I$use$fp
    d2f.o(.text) refers to fepilogue.o(.text) for _float_round
    cos_i.o(i.__kernel_cos) refers (Special) to iusefp.o(.text) for __I$use$fp
    cos_i.o(i.__kernel_cos) refers to dfixi.o(.text) for __aeabi_d2iz
    cos_i.o(i.__kernel_cos) refers to dmul.o(.text) for __aeabi_dmul
    cos_i.o(i.__kernel_cos) refers to poly.o(i.__kernel_poly) for __kernel_poly
    cos_i.o(i.__kernel_cos) refers to dadd.o(.text) for __aeabi_dsub
    cos_i.o(i.__kernel_cos) refers to cos_i.o(.constdata) for .constdata
    cos_i.o(.constdata) refers (Special) to iusefp.o(.text) for __I$use$fp
    dunder.o(i.__mathlib_dbl_divzero) refers to ddiv.o(.text) for __aeabi_ddiv
    dunder.o(i.__mathlib_dbl_infnan) refers to dadd.o(.text) for __aeabi_dadd
    dunder.o(i.__mathlib_dbl_infnan2) refers to dadd.o(.text) for __aeabi_dadd
    dunder.o(i.__mathlib_dbl_invalid) refers to ddiv.o(.text) for __aeabi_ddiv
    dunder.o(i.__mathlib_dbl_overflow) refers to dmul.o(.text) for __aeabi_dmul
    dunder.o(i.__mathlib_dbl_posinfnan) refers to dmul.o(.text) for __aeabi_dmul
    dunder.o(i.__mathlib_dbl_underflow) refers to dmul.o(.text) for __aeabi_dmul
    rred.o(i.__ieee754_rem_pio2) refers (Special) to iusefp.o(.text) for __I$use$fp
    rred.o(i.__ieee754_rem_pio2) refers to dadd.o(.text) for __aeabi_dsub
    rred.o(i.__ieee754_rem_pio2) refers to fabs.o(i.fabs) for fabs
    rred.o(i.__ieee754_rem_pio2) refers to dmul.o(.text) for __aeabi_dmul
    rred.o(i.__ieee754_rem_pio2) refers to dfixi.o(.text) for __aeabi_d2iz
    rred.o(i.__ieee754_rem_pio2) refers to dflti.o(.text) for __aeabi_i2d
    rred.o(i.__ieee754_rem_pio2) refers to dfltui.o(.text) for __aeabi_ui2d
    rred.o(i.__ieee754_rem_pio2) refers to rred.o(.constdata) for .constdata
    rred.o(i.__use_accurate_range_reduction) refers (Special) to iusefp.o(.text) for __I$use$fp
    rred.o(.constdata) refers (Special) to iusefp.o(.text) for __I$use$fp
    sin_i.o(i.__kernel_sin) refers (Special) to iusefp.o(.text) for __I$use$fp
    sin_i.o(i.__kernel_sin) refers to fpclassify.o(i.__ARM_fpclassify) for __ARM_fpclassify
    sin_i.o(i.__kernel_sin) refers to dunder.o(i.__mathlib_dbl_underflow) for __mathlib_dbl_underflow
    sin_i.o(i.__kernel_sin) refers to dmul.o(.text) for __aeabi_dmul
    sin_i.o(i.__kernel_sin) refers to poly.o(i.__kernel_poly) for __kernel_poly
    sin_i.o(i.__kernel_sin) refers to dadd.o(.text) for __aeabi_dsub
    sin_i.o(i.__kernel_sin) refers to sin_i.o(.constdata) for .constdata
    sin_i.o(.constdata) refers (Special) to iusefp.o(.text) for __I$use$fp
    sin_i_x.o(i.____kernel_sin$lsc) refers (Special) to iusefp.o(.text) for __I$use$fp
    sin_i_x.o(i.____kernel_sin$lsc) refers to dmul.o(.text) for __aeabi_dmul
    sin_i_x.o(i.____kernel_sin$lsc) refers to poly.o(i.__kernel_poly) for __kernel_poly
    sin_i_x.o(i.____kernel_sin$lsc) refers to dadd.o(.text) for __aeabi_dsub
    sin_i_x.o(i.____kernel_sin$lsc) refers to sin_i_x.o(.constdata) for .constdata
    sin_i_x.o(.constdata) refers (Special) to iusefp.o(.text) for __I$use$fp
    entry2.o(.ARM.Collect$$$$00000001) refers to entry2.o(.ARM.Collect$$$$00002712) for __lit__00000000
    entry2.o(.ARM.Collect$$$$00002712) refers to startup_tm4c123.o(STACK) for __initial_sp
    entry2.o(__vectab_stack_and_reset_area) refers to startup_tm4c123.o(STACK) for __initial_sp
    entry2.o(__vectab_stack_and_reset_area) refers to entry.o(.ARM.Collect$$$$00000000) for __main
    entry5.o(.ARM.Collect$$$$00000004) refers to init.o(.text) for __scatterload
    entry9a.o(.ARM.Collect$$$$0000000B) refers to main.o(.text) for main
    entry9b.o(.ARM.Collect$$$$0000000C) refers to main.o(.text) for main
    uldiv.o(.text) refers to llushr.o(.text) for __aeabi_llsr
    uldiv.o(.text) refers to llshl.o(.text) for __aeabi_llsl
    errno.o(i.__aeabi_errno_addr) refers to errno.o(.data) for .data
    errno.o(i.__read_errno) refers to errno.o(.data) for .data
    errno.o(i.__set_errno) refers to errno.o(.data) for .data
    depilogue.o(.text) refers to llshl.o(.text) for __aeabi_llsl
    depilogue.o(.text) refers to llushr.o(.text) for __aeabi_llsr
    ddiv.o(.text) refers to depilogue.o(.text) for _double_round
    dfixul.o(.text) refers to llushr.o(.text) for __aeabi_llsr
    dfixul.o(.text) refers to llshl.o(.text) for __aeabi_llsl
    fabs.o(i.__hardfp_fabs) refers (Special) to iusefp.o(.text) for __I$use$fp
    fabs.o(i.__softfp_fabs) refers (Special) to iusefp.o(.text) for __I$use$fp
    fabs.o(i.fabs) refers (Special) to iusefp.o(.text) for __I$use$fp
    fpclassify.o(i.__ARM_fpclassify) refers (Special) to iusefp.o(.text) for __I$use$fp
    poly.o(i.__kernel_poly) refers (Special) to iusefp.o(.text) for __I$use$fp
    poly.o(i.__kernel_poly) refers to dmul.o(.text) for __aeabi_dmul
    poly.o(i.__kernel_poly) refers to dadd.o(.text) for __aeabi_dadd
    init.o(.text) refers to entry5.o(.ARM.Collect$$$$00000004) for __main_after_scatterload
    dfltui.o(.text) refers to depilogue.o(.text) for _double_epilogue


==============================================================================

Removing Unused input sections from the image.

    Removing main.o(.rev16_text), (4 bytes).
    Removing main.o(.revsh_text), (4 bytes).
    Removing main.o(.rrx_text), (6 bytes).
    Removing gpio_port.o(.rev16_text), (4 bytes).
    Removing gpio_port.o(.revsh_text), (4 bytes).
    Removing gpio_port.o(.rrx_text), (6 bytes).
    Removing adc.o(.rev16_text), (4 bytes).
    Removing adc.o(.revsh_text), (4 bytes).
    Removing adc.o(.rrx_text), (6 bytes).
    Removing i2c.o(.rev16_text), (4 bytes).
    Removing i2c.o(.revsh_text), (4 bytes).
    Removing i2c.o(.rrx_text), (6 bytes).
    Removing spi.o(.rev16_text), (4 bytes).
    Removing spi.o(.revsh_text), (4 bytes).
    Removing spi.o(.rrx_text), (6 bytes).
    Removing timers.o(.rev16_text), (4 bytes).
    Removing timers.o(.revsh_text), (4 bytes).
    Removing timers.o(.rrx_text), (6 bytes).
    Removing uart.o(.rev16_text), (4 bytes).
    Removing uart.o(.revsh_text), (4 bytes).
    Removing uart.o(.rrx_text), (6 bytes).
    Removing lcd.o(.rev16_text), (4 bytes).
    Removing lcd.o(.revsh_text), (4 bytes).
    Removing lcd.o(.rrx_text), (6 bytes).
    Removing eeprom.o(.rev16_text), (4 bytes).
    Removing eeprom.o(.revsh_text), (4 bytes).
    Removing eeprom.o(.rrx_text), (6 bytes).
    Removing ft6x06.o(.rev16_text), (4 bytes).
    Removing ft6x06.o(.revsh_text), (4 bytes).
    Removing ft6x06.o(.rrx_text), (6 bytes).
    Removing launchpad_io.o(.rev16_text), (4 bytes).
    Removing launchpad_io.o(.revsh_text), (4 bytes).
    Removing launchpad_io.o(.rrx_text), (6 bytes).
    Removing ps2.o(.rev16_text), (4 bytes).
    Removing ps2.o(.revsh_text), (4 bytes).
    Removing ps2.o(.rrx_text), (6 bytes).
    Removing ps2.o(.text), (72 bytes).
    Removing serial_debug.o(.rev16_text), (4 bytes).
    Removing serial_debug.o(.revsh_text), (4 bytes).
    Removing serial_debug.o(.rrx_text), (6 bytes).
    Removing spi_select.o(.rev16_text), (4 bytes).
    Removing spi_select.o(.revsh_text), (4 bytes).
    Removing spi_select.o(.rrx_text), (6 bytes).
    Removing wireless.o(.rev16_text), (4 bytes).
    Removing wireless.o(.revsh_text), (4 bytes).
    Removing wireless.o(.rrx_text), (6 bytes).
    Removing wireless.o(.conststring), (125 bytes).
    Removing wireless.o(.data), (24 bytes).
    Removing ws2812b_ice.o(.rev16_text), (4 bytes).
    Removing ws2812b_ice.o(.revsh_text), (4 bytes).
    Removing ws2812b_ice.o(.rrx_text), (6 bytes).
    Removing ws2812b_ice.o(.text), (252 bytes).
    Removing ws2812b_ice.o(.data), (4 bytes).
    Removing graphics.o(.rev16_text), (4 bytes).
    Removing graphics.o(.revsh_text), (4 bytes).
    Removing graphics.o(.rrx_text), (6 bytes).
    Removing graphics.o(.constdata), (8 bytes).
    Removing system_tm4c123.o(.rev16_text), (4 bytes).
    Removing system_tm4c123.o(.revsh_text), (4 bytes).
    Removing system_tm4c123.o(.rrx_text), (6 bytes).
    Removing dneg.o(.text), (6 bytes).
    Removing dfixul.o(.text), (48 bytes).
    Removing cdrcmple.o(.text), (48 bytes).

63 unused section(s) (total 839 bytes) removed from the image.

==============================================================================

Image Symbol Table

    Local Symbols

    Symbol Name                              Value     Ov Type        Size  Object(Section)

    RESET                                    0x00000000   Section      620  startup_tm4c123.o(RESET)
    ../clib/microlib/division.c              0x00000000   Number         0  uldiv.o ABSOLUTE
    ../clib/microlib/division.c              0x00000000   Number         0  uidiv.o ABSOLUTE
    ../clib/microlib/errno.c                 0x00000000   Number         0  errno.o ABSOLUTE
    ../clib/microlib/init/entry.s            0x00000000   Number         0  entry10b.o ABSOLUTE
    ../clib/microlib/init/entry.s            0x00000000   Number         0  entry10a.o ABSOLUTE
    ../clib/microlib/init/entry.s            0x00000000   Number         0  entry9b.o ABSOLUTE
    ../clib/microlib/init/entry.s            0x00000000   Number         0  entry9a.o ABSOLUTE
    ../clib/microlib/init/entry.s            0x00000000   Number         0  entry8b.o ABSOLUTE
    ../clib/microlib/init/entry.s            0x00000000   Number         0  entry8a.o ABSOLUTE
    ../clib/microlib/init/entry.s            0x00000000   Number         0  entry7a.o ABSOLUTE
    ../clib/microlib/init/entry.s            0x00000000   Number         0  entry5.o ABSOLUTE
    ../clib/microlib/init/entry.s            0x00000000   Number         0  entry2.o ABSOLUTE
    ../clib/microlib/init/entry.s            0x00000000   Number         0  entry11a.o ABSOLUTE
    ../clib/microlib/init/entry.s            0x00000000   Number         0  entry7b.o ABSOLUTE
    ../clib/microlib/init/entry.s            0x00000000   Number         0  entry.o ABSOLUTE
    ../clib/microlib/init/entry.s            0x00000000   Number         0  entry11b.o ABSOLUTE
    ../clib/microlib/longlong.c              0x00000000   Number         0  llshl.o ABSOLUTE
    ../clib/microlib/longlong.c              0x00000000   Number         0  llushr.o ABSOLUTE
    ../clib/microlib/longlong.c              0x00000000   Number         0  llsshr.o ABSOLUTE
    ../clib/microlib/malloc/malloc.c         0x00000000   Number         0  mallocra.o ABSOLUTE
    ../clib/microlib/malloc/malloc.c         0x00000000   Number         0  malloca.o ABSOLUTE
    ../clib/microlib/malloc/malloc.c         0x00000000   Number         0  malloc.o ABSOLUTE
    ../clib/microlib/malloc/malloc.c         0x00000000   Number         0  mallocr.o ABSOLUTE
    ../clib/microlib/malloc/mvars.c          0x00000000   Number         0  mvars.o ABSOLUTE
    ../clib/microlib/printf/printf.c         0x00000000   Number         0  printfb.o ABSOLUTE
    ../clib/microlib/printf/printf.c         0x00000000   Number         0  printf3.o ABSOLUTE
    ../clib/microlib/printf/printf.c         0x00000000   Number         0  printf7.o ABSOLUTE
    ../clib/microlib/printf/printf.c         0x00000000   Number         0  printf2.o ABSOLUTE
    ../clib/microlib/printf/printf.c         0x00000000   Number         0  printf1.o ABSOLUTE
    ../clib/microlib/printf/printf.c         0x00000000   Number         0  printf8.o ABSOLUTE
    ../clib/microlib/printf/printf.c         0x00000000   Number         0  printf0.o ABSOLUTE
    ../clib/microlib/printf/printf.c         0x00000000   Number         0  printfa.o ABSOLUTE
    ../clib/microlib/printf/printf.c         0x00000000   Number         0  printf5.o ABSOLUTE
    ../clib/microlib/printf/printf.c         0x00000000   Number         0  printf6.o ABSOLUTE
    ../clib/microlib/printf/printf.c         0x00000000   Number         0  printf4.o ABSOLUTE
    ../clib/microlib/printf/stubs.s          0x00000000   Number         0  stubs.o ABSOLUTE
    ../clib/microlib/stdio/streams.c         0x00000000   Number         0  stdout.o ABSOLUTE
    ../clib/microlib/string/memcpy.c         0x00000000   Number         0  memcpyb.o ABSOLUTE
    ../clib/microlib/string/memcpy.c         0x00000000   Number         0  memcpya.o ABSOLUTE
    ../clib/microlib/stubs.s                 0x00000000   Number         0  iusefp.o ABSOLUTE
    ../fplib/microlib/d2f.c                  0x00000000   Number         0  d2f.o ABSOLUTE
    ../fplib/microlib/f2d.c                  0x00000000   Number         0  f2d.o ABSOLUTE
    ../fplib/microlib/fpadd.c                0x00000000   Number         0  dadd.o ABSOLUTE
    ../fplib/microlib/fpdiv.c                0x00000000   Number         0  ddiv.o ABSOLUTE
    ../fplib/microlib/fpepilogue.c           0x00000000   Number         0  depilogue.o ABSOLUTE
    ../fplib/microlib/fpepilogue.c           0x00000000   Number         0  fepilogue.o ABSOLUTE
    ../fplib/microlib/fpfix.c                0x00000000   Number         0  dfixul.o ABSOLUTE
    ../fplib/microlib/fpfix.c                0x00000000   Number         0  dfixi.o ABSOLUTE
    ../fplib/microlib/fpflt.c                0x00000000   Number         0  dfltui.o ABSOLUTE
    ../fplib/microlib/fpflt.c                0x00000000   Number         0  dflti.o ABSOLUTE
    ../fplib/microlib/fpmul.c                0x00000000   Number         0  dmul.o ABSOLUTE
    ../fplib/microlib/fpneg.c                0x00000000   Number         0  dneg.o ABSOLUTE
    ../mathlib/cos.c                         0x00000000   Number         0  cos_x.o ABSOLUTE
    ../mathlib/cos.c                         0x00000000   Number         0  cos.o ABSOLUTE
    ../mathlib/cos_i.c                       0x00000000   Number         0  cos_i.o ABSOLUTE
    ../mathlib/dunder.c                      0x00000000   Number         0  dunder.o ABSOLUTE
    ../mathlib/fabs.c                        0x00000000   Number         0  fabs.o ABSOLUTE
    ../mathlib/fpclassify.c                  0x00000000   Number         0  fpclassify.o ABSOLUTE
    ../mathlib/poly.c                        0x00000000   Number         0  poly.o ABSOLUTE
    ../mathlib/rred.c                        0x00000000   Number         0  rred.o ABSOLUTE
    ../mathlib/sin.c                         0x00000000   Number         0  sin.o ABSOLUTE
    ../mathlib/sin.c                         0x00000000   Number         0  sin_x.o ABSOLUTE
    ../mathlib/sin_i.c                       0x00000000   Number         0  sin_i_x.o ABSOLUTE
    ../mathlib/sin_i.c                       0x00000000   Number         0  sin_i.o ABSOLUTE
    ..\\drivers\\c\\adc.c                    0x00000000   Number         0  adc.o ABSOLUTE
    ..\\drivers\\c\\gpio_port.c              0x00000000   Number         0  gpio_port.o ABSOLUTE
    ..\\drivers\\c\\i2c.c                    0x00000000   Number         0  i2c.o ABSOLUTE
    ..\\drivers\\c\\spi.c                    0x00000000   Number         0  spi.o ABSOLUTE
    ..\\drivers\\c\\timers.c                 0x00000000   Number         0  timers.o ABSOLUTE
    ..\\drivers\\c\\uart.c                   0x00000000   Number         0  uart.o ABSOLUTE
    ..\\peripherals\\c\\eeprom.c             0x00000000   Number         0  eeprom.o ABSOLUTE
    ..\\peripherals\\c\\ft6x06.c             0x00000000   Number         0  ft6x06.o ABSOLUTE
    ..\\peripherals\\c\\launchpad_io.c       0x00000000   Number         0  launchpad_io.o ABSOLUTE
    ..\\peripherals\\c\\lcd.c                0x00000000   Number         0  lcd.o ABSOLUTE
    ..\\peripherals\\c\\ps2.c                0x00000000   Number         0  ps2.o ABSOLUTE
    ..\\peripherals\\c\\serial_debug.c       0x00000000   Number         0  serial_debug.o ABSOLUTE
    ..\\peripherals\\c\\spi_select.c         0x00000000   Number         0  spi_select.o ABSOLUTE
    ..\\peripherals\\c\\wireless.c           0x00000000   Number         0  wireless.o ABSOLUTE
    ..\\peripherals\\c\\ws2812b_ice.c        0x00000000   Number         0  ws2812b_ice.o ABSOLUTE
    ..\drivers\c\adc.c                       0x00000000   Number         0  adc.o ABSOLUTE
    ..\drivers\c\gpio_port.c                 0x00000000   Number         0  gpio_port.o ABSOLUTE
    ..\drivers\c\i2c.c                       0x00000000   Number         0  i2c.o ABSOLUTE
    ..\drivers\c\pc_buffer.c                 0x00000000   Number         0  pc_buffer.o ABSOLUTE
    ..\drivers\c\spi.c                       0x00000000   Number         0  spi.o ABSOLUTE
    ..\drivers\c\timers.c                    0x00000000   Number         0  timers.o ABSOLUTE
    ..\drivers\c\uart.c                      0x00000000   Number         0  uart.o ABSOLUTE
    ..\peripherals\c\eeprom.c                0x00000000   Number         0  eeprom.o ABSOLUTE
    ..\peripherals\c\ft6x06.c                0x00000000   Number         0  ft6x06.o ABSOLUTE
    ..\peripherals\c\launchpad_io.c          0x00000000   Number         0  launchpad_io.o ABSOLUTE
    ..\peripherals\c\lcd.c                   0x00000000   Number         0  lcd.o ABSOLUTE
    ..\peripherals\c\ps2.c                   0x00000000   Number         0  ps2.o ABSOLUTE
    ..\peripherals\c\serial_debug.c          0x00000000   Number         0  serial_debug.o ABSOLUTE
    ..\peripherals\c\spi_select.c            0x00000000   Number         0  spi_select.o ABSOLUTE
    ..\peripherals\c\wireless.c              0x00000000   Number         0  wireless.o ABSOLUTE
    ..\peripherals\c\ws2812b_ice.c           0x00000000   Number         0  ws2812b_ice.o ABSOLUTE
    RTE\Device\TM4C123GH6PM\startup_TM4C123.s 0x00000000   Number         0  startup_tm4c123.o ABSOLUTE
    RTE\Device\TM4C123GH6PM\system_TM4C123.c 0x00000000   Number         0  system_tm4c123.o ABSOLUTE
    RTE\\Device\\TM4C123GH6PM\\system_TM4C123.c 0x00000000   Number         0  system_tm4c123.o ABSOLUTE
    blackjack.c                              0x00000000   Number         0  blackjack.o ABSOLUTE
    cdrcmple.s                               0x00000000   Number         0  cdrcmple.o ABSOLUTE
    dc.s                                     0x00000000   Number         0  dc.o ABSOLUTE
    graphics.c                               0x00000000   Number         0  graphics.o ABSOLUTE
    graphics.c                               0x00000000   Number         0  graphics.o ABSOLUTE
    handlers.s                               0x00000000   Number         0  handlers.o ABSOLUTE
    image_data.c                             0x00000000   Number         0  image_data.o ABSOLUTE
    init.s                                   0x00000000   Number         0  init.o ABSOLUTE
    main.c                                   0x00000000   Number         0  main.o ABSOLUTE
    main.c                                   0x00000000   Number         0  main.o ABSOLUTE
    .ARM.Collect$$$$00000000                 0x0000026c   Section        0  entry.o(.ARM.Collect$$$$00000000)
    .ARM.Collect$$$$00000001                 0x0000026c   Section        4  entry2.o(.ARM.Collect$$$$00000001)
    .ARM.Collect$$$$00000004                 0x00000270   Section        4  entry5.o(.ARM.Collect$$$$00000004)
    .ARM.Collect$$$$00000008                 0x00000274   Section        0  entry7b.o(.ARM.Collect$$$$00000008)
    .ARM.Collect$$$$0000000A                 0x00000274   Section        0  entry8b.o(.ARM.Collect$$$$0000000A)
    .ARM.Collect$$$$0000000B                 0x00000274   Section        8  entry9a.o(.ARM.Collect$$$$0000000B)
    .ARM.Collect$$$$0000000D                 0x0000027c   Section        0  entry10a.o(.ARM.Collect$$$$0000000D)
    .ARM.Collect$$$$0000000F                 0x0000027c   Section        0  entry11a.o(.ARM.Collect$$$$0000000F)
    .ARM.Collect$$$$00002712                 0x0000027c   Section        4  entry2.o(.ARM.Collect$$$$00002712)
    __lit__00000000                          0x0000027c   Data           4  entry2.o(.ARM.Collect$$$$00002712)
    .text                                    0x00000280   Section        0  main.o(.text)
    .text                                    0x000003e8   Section        0  gpio_port.o(.text)
    verify_base_addr                         0x000003e9   Thumb Code    64  gpio_port.o(.text)
    .text                                    0x00000650   Section        0  adc.o(.text)
    .text                                    0x000007f0   Section        0  i2c.o(.text)
    .text                                    0x000009f8   Section        0  pc_buffer.o(.text)
    .text                                    0x00000a74   Section        0  spi.o(.text)
    .text                                    0x00000c00   Section        0  timers.o(.text)
    verify_base_addr                         0x00000c01   Thumb Code    64  timers.o(.text)
    get_clock_masks                          0x00000c41   Thumb Code   106  timers.o(.text)
    blackjack_timerA                         0x00000d77   Thumb Code   146  timers.o(.text)
    watchdogTimeInit                         0x00000e09   Thumb Code    58  timers.o(.text)
    .text                                    0x00000f7c   Section        0  uart.o(.text)
    .text                                    0x000011f4   Section        0  lcd.o(.text)
    delayms                                  0x000011f5   Thumb Code    26  lcd.o(.text)
    lcd_write_cmd_u8                         0x0000120f   Thumb Code    34  lcd.o(.text)
    lcd_write_data_u8                        0x00001231   Thumb Code    36  lcd.o(.text)
    lcd_write_data_u16                       0x00001255   Thumb Code    60  lcd.o(.text)
    .text                                    0x000017e0   Section        0  eeprom.o(.text)
    eeprom_wait_for_write                    0x000017e1   Thumb Code    68  eeprom.o(.text)
    .text                                    0x000019f4   Section        0  ft6x06.o(.text)
    ft6x06_set_addr                          0x000019f5   Thumb Code    50  ft6x06.o(.text)
    ft6x06_read_data                         0x00001a27   Thumb Code    52  ft6x06.o(.text)
    .text                                    0x00001b78   Section        0  launchpad_io.o(.text)
    .text                                    0x00001c3c   Section        0  serial_debug.o(.text)
    .text                                    0x00001d98   Section        0  spi_select.o(.text)
    .text                                    0x00001e3c   Section        0  wireless.o(.text)
    wireless_reg_read                        0x00001e4b   Thumb Code    44  wireless.o(.text)
    wireless_reg_write                       0x00001e77   Thumb Code    44  wireless.o(.text)
    wireless_rx_data_payload                 0x00001ea3   Thumb Code    90  wireless.o(.text)
    wireless_set_rx_addr                     0x00001efd   Thumb Code   118  wireless.o(.text)
    wireless_get_status                      0x00001f73   Thumb Code    32  wireless.o(.text)
    wireless_CSN_low                         0x00002371   Thumb Code    18  wireless.o(.text)
    wireless_CSN_high                        0x00002383   Thumb Code    18  wireless.o(.text)
    wireless_CE_low                          0x00002395   Thumb Code    16  wireless.o(.text)
    wireless_CE_high                         0x000023a5   Thumb Code    16  wireless.o(.text)
    wireless_flush_tx_fifo                   0x000023b5   Thumb Code    28  wireless.o(.text)
    wireless_flush_rx_fifo                   0x000023d1   Thumb Code    28  wireless.o(.text)
    wireless_rx_fifo_empty                   0x000023ed   Thumb Code    24  wireless.o(.text)
    wireless_status_tx_ds_asserted           0x00002405   Thumb Code    16  wireless.o(.text)
    wireless_status_tx_full_asserted         0x00002415   Thumb Code    16  wireless.o(.text)
    wireless_clear_max_rt                    0x00002425   Thumb Code    12  wireless.o(.text)
    .text                                    0x000024e8   Section        0  graphics.o(.text)
    .text                                    0x00003198   Section      252  startup_tm4c123.o(.text)
    $v0                                      0x00003198   Number         0  startup_tm4c123.o(.text)
    .text                                    0x00003294   Section        0  system_tm4c123.o(.text)
    getOscClk                                0x00003295   Thumb Code   182  system_tm4c123.o(.text)
    .text                                    0x000034e4   Section        0  dadd.o(.text)
    .text                                    0x00003632   Section        0  dmul.o(.text)
    .text                                    0x00003716   Section        0  dflti.o(.text)
    .text                                    0x00003738   Section        0  dfixi.o(.text)
    .text                                    0x00003776   Section        0  f2d.o(.text)
    .text                                    0x0000379c   Section        0  d2f.o(.text)
    .text                                    0x000037d4   Section        0  uidiv.o(.text)
    .text                                    0x00003800   Section        0  llshl.o(.text)
    .text                                    0x0000381e   Section        0  llushr.o(.text)
    .text                                    0x0000383e   Section        0  llsshr.o(.text)
    .text                                    0x00003862   Section        0  fepilogue.o(.text)
    .text                                    0x00003862   Section        0  iusefp.o(.text)
    .text                                    0x000038d0   Section        0  depilogue.o(.text)
    .text                                    0x0000398a   Section        0  ddiv.o(.text)
    .text                                    0x00003a68   Section       36  init.o(.text)
    .text                                    0x00003a8c   Section        0  dfltui.o(.text)
    i.__0printf$1                            0x00003aa8   Section        0  printf1.o(i.__0printf$1)
    i.__ARM_fpclassify                       0x00003ac8   Section        0  fpclassify.o(i.__ARM_fpclassify)
    i.__hardfp_cos                           0x00003af8   Section        0  cos.o(i.__hardfp_cos)
    i.__hardfp_sin                           0x00003bc0   Section        0  sin.o(i.__hardfp_sin)
    i.__ieee754_rem_pio2                     0x00003c88   Section        0  rred.o(i.__ieee754_rem_pio2)
    i.__kernel_cos                           0x000040c0   Section        0  cos_i.o(i.__kernel_cos)
    i.__kernel_poly                          0x00004230   Section        0  poly.o(i.__kernel_poly)
    i.__kernel_sin                           0x00004328   Section        0  sin_i.o(i.__kernel_sin)
    i.__mathlib_dbl_infnan                   0x00004458   Section        0  dunder.o(i.__mathlib_dbl_infnan)
    i.__mathlib_dbl_invalid                  0x00004470   Section        0  dunder.o(i.__mathlib_dbl_invalid)
    i.__mathlib_dbl_underflow                0x00004490   Section        0  dunder.o(i.__mathlib_dbl_underflow)
    i.__scatterload_copy                     0x000044b0   Section       14  handlers.o(i.__scatterload_copy)
    i.__scatterload_null                     0x000044be   Section        2  handlers.o(i.__scatterload_null)
    i.__scatterload_zeroinit                 0x000044c0   Section       14  handlers.o(i.__scatterload_zeroinit)
    i.__set_errno                            0x000044d0   Section        0  errno.o(i.__set_errno)
    i._printf_core                           0x000044dc   Section        0  printf1.o(i._printf_core)
    _printf_core                             0x000044dd   Thumb Code   336  printf1.o(i._printf_core)
    i.fabs                                   0x00004630   Section        0  fabs.o(i.fabs)
    i.malloc                                 0x00004648   Section        0  malloc.o(i.malloc)
    .constdata                               0x000046b4   Section     1322  image_data.o(.constdata)
    .constdata                               0x00004be0   Section       48  cos_i.o(.constdata)
    C                                        0x00004be0   Data          48  cos_i.o(.constdata)
    .constdata                               0x00004c10   Section      200  rred.o(.constdata)
    pio2s                                    0x00004c10   Data          48  rred.o(.constdata)
    twooverpi                                0x00004c40   Data         152  rred.o(.constdata)
    .constdata                               0x00004cd8   Section       40  sin_i.o(.constdata)
    S                                        0x00004cd8   Data          40  sin_i.o(.constdata)
    .data                                    0x20000000   Section       89  main.o(.data)
    .data                                    0x2000005a   Section        5  adc.o(.data)
    PS2_X_DATA                               0x2000005a   Data           2  adc.o(.data)
    PS2_Y_DATA                               0x2000005c   Data           2  adc.o(.data)
    .data                                    0x20000060   Section        8  timers.o(.data)
    .data                                    0x20000068   Section        2  serial_debug.o(.data)
    Rx_Interrupts_Enabled                    0x20000068   Data           1  serial_debug.o(.data)
    Tx_Interrupts_Enabled                    0x20000069   Data           1  serial_debug.o(.data)
    .data                                    0x2000006a   Section        4  graphics.o(.data)
    .data                                    0x20000070   Section        4  system_tm4c123.o(.data)
    .data                                    0x20000074   Section        4  stdout.o(.data)
    .data                                    0x20000078   Section        4  mvars.o(.data)
    .data                                    0x2000007c   Section        4  mvars.o(.data)
    .data                                    0x20000080   Section        4  errno.o(.data)
    _errno                                   0x20000080   Data           4  errno.o(.data)
    .bss                                     0x20000084   Section       28  serial_debug.o(.bss)
    HEAP                                     0x200000a0   Section        0  startup_tm4c123.o(HEAP)
    STACK                                    0x200000a0   Section     4096  startup_tm4c123.o(STACK)

    Global Symbols

    Symbol Name                              Value     Ov Type        Size  Object(Section)

    BuildAttributes$$THM_ISAv4$E$P$D$K$B$S$7EM$VFPi3$EXTD16$VFPS$VFMA$PE$A:L22UL41UL21$X:L11$S22US41US21$IEEE1$IW$USESV6$~STKCKD$USESV7$~SHL$OTIME$ROPI$IEEEX$EBA8$MICROLIB$REQ8$PRES8$EABIv2 0x00000000   Number         0  anon$$obj.o ABSOLUTE
    __ARM_use_no_argv                        0x00000000   Number         0  main.o ABSOLUTE
    __Vectors                                0x00000000   Data           4  startup_tm4c123.o(RESET)
    _printf_a                                0x00000000   Number         0  stubs.o ABSOLUTE
    _printf_c                                0x00000000   Number         0  stubs.o ABSOLUTE
    _printf_charcount                        0x00000000   Number         0  stubs.o ABSOLUTE
    _printf_d                                0x00000000   Number         0  stubs.o ABSOLUTE
    _printf_e                                0x00000000   Number         0  stubs.o ABSOLUTE
    _printf_f                                0x00000000   Number         0  stubs.o ABSOLUTE
    _printf_flags                            0x00000000   Number         0  stubs.o ABSOLUTE
    _printf_fp_dec                           0x00000000   Number         0  stubs.o ABSOLUTE
    _printf_fp_hex                           0x00000000   Number         0  stubs.o ABSOLUTE
    _printf_g                                0x00000000   Number         0  stubs.o ABSOLUTE
    _printf_i                                0x00000000   Number         0  stubs.o ABSOLUTE
    _printf_int_dec                          0x00000000   Number         0  stubs.o ABSOLUTE
    _printf_l                                0x00000000   Number         0  stubs.o ABSOLUTE
    _printf_lc                               0x00000000   Number         0  stubs.o ABSOLUTE
    _printf_ll                               0x00000000   Number         0  stubs.o ABSOLUTE
    _printf_lld                              0x00000000   Number         0  stubs.o ABSOLUTE
    _printf_lli                              0x00000000   Number         0  stubs.o ABSOLUTE
    _printf_llo                              0x00000000   Number         0  stubs.o ABSOLUTE
    _printf_llu                              0x00000000   Number         0  stubs.o ABSOLUTE
    _printf_llx                              0x00000000   Number         0  stubs.o ABSOLUTE
    _printf_longlong_dec                     0x00000000   Number         0  stubs.o ABSOLUTE
    _printf_longlong_hex                     0x00000000   Number         0  stubs.o ABSOLUTE
    _printf_longlong_oct                     0x00000000   Number         0  stubs.o ABSOLUTE
    _printf_ls                               0x00000000   Number         0  stubs.o ABSOLUTE
    _printf_mbtowc                           0x00000000   Number         0  stubs.o ABSOLUTE
    _printf_n                                0x00000000   Number         0  stubs.o ABSOLUTE
    _printf_o                                0x00000000   Number         0  stubs.o ABSOLUTE
    _printf_p                                0x00000000   Number         0  stubs.o ABSOLUTE
    _printf_percent                          0x00000000   Number         0  stubs.o ABSOLUTE
    _printf_pre_padding                      0x00000000   Number         0  stubs.o ABSOLUTE
    _printf_return_value                     0x00000000   Number         0  stubs.o ABSOLUTE
    _printf_s                                0x00000000   Number         0  stubs.o ABSOLUTE
    _printf_sizespec                         0x00000000   Number         0  stubs.o ABSOLUTE
    _printf_str                              0x00000000   Number         0  stubs.o ABSOLUTE
    _printf_truncate_signed                  0x00000000   Number         0  stubs.o ABSOLUTE
    _printf_truncate_unsigned                0x00000000   Number         0  stubs.o ABSOLUTE
    _printf_u                                0x00000000   Number         0  stubs.o ABSOLUTE
    _printf_wc                               0x00000000   Number         0  stubs.o ABSOLUTE
    _printf_wctomb                           0x00000000   Number         0  stubs.o ABSOLUTE
    _printf_widthprec                        0x00000000   Number         0  stubs.o ABSOLUTE
    _printf_x                                0x00000000   Number         0  stubs.o ABSOLUTE
    __cpp_initialize__aeabi_                  - Undefined Weak Reference
    __cxa_finalize                            - Undefined Weak Reference
    __decompress                              - Undefined Weak Reference
    _clock_init                               - Undefined Weak Reference
    _microlib_exit                            - Undefined Weak Reference
    __Vectors_End                            0x0000026c   Data           0  startup_tm4c123.o(RESET)
    __Vectors_Size                           0x0000026c   Number         0  startup_tm4c123.o ABSOLUTE
    __main                                   0x0000026d   Thumb Code     0  entry.o(.ARM.Collect$$$$00000000)
    _main_stk                                0x0000026d   Thumb Code     0  entry2.o(.ARM.Collect$$$$00000001)
    _main_scatterload                        0x00000271   Thumb Code     0  entry5.o(.ARM.Collect$$$$00000004)
    __main_after_scatterload                 0x00000275   Thumb Code     0  entry5.o(.ARM.Collect$$$$00000004)
    _main_clock                              0x00000275   Thumb Code     0  entry7b.o(.ARM.Collect$$$$00000008)
    _main_cpp_init                           0x00000275   Thumb Code     0  entry8b.o(.ARM.Collect$$$$0000000A)
    _main_init                               0x00000275   Thumb Code     0  entry9a.o(.ARM.Collect$$$$0000000B)
    __rt_final_cpp                           0x0000027d   Thumb Code     0  entry10a.o(.ARM.Collect$$$$0000000D)
    __rt_final_exit                          0x0000027d   Thumb Code     0  entry11a.o(.ARM.Collect$$$$0000000F)
    DisableInterrupts                        0x00000281   Thumb Code     4  main.o(.text)
    EnableInterrupts                         0x00000285   Thumb Code     4  main.o(.text)
    initializeBoard                          0x00000289   Thumb Code   168  main.o(.text)
    wireless_connect                         0x00000331   Thumb Code    28  main.o(.text)
    sw2_debounce                             0x0000034d   Thumb Code    18  main.o(.text)
    main                                     0x0000035f   Thumb Code    82  main.o(.text)
    gpio_get_irq_num                         0x00000429   Thumb Code    74  gpio_port.o(.text)
    gpio_enable_port                         0x00000473   Thumb Code   156  gpio_port.o(.text)
    gpio_config_digital_enable               0x0000050f   Thumb Code    34  gpio_port.o(.text)
    gpio_config_enable_output                0x00000531   Thumb Code    34  gpio_port.o(.text)
    gpio_config_enable_input                 0x00000553   Thumb Code    34  gpio_port.o(.text)
    gpio_config_enable_pullup                0x00000575   Thumb Code    34  gpio_port.o(.text)
    gpio_config_enable_pulldown              0x00000597   Thumb Code    34  gpio_port.o(.text)
    gpio_config_analog_enable                0x000005b9   Thumb Code    34  gpio_port.o(.text)
    gpio_config_alternate_function           0x000005db   Thumb Code    34  gpio_port.o(.text)
    gpio_config_port_control                 0x000005fd   Thumb Code    40  gpio_port.o(.text)
    gpio_config_open_drain                   0x00000625   Thumb Code     6  gpio_port.o(.text)
    gpio_config_falling_edge_irq             0x0000062b   Thumb Code     6  gpio_port.o(.text)
    initialize_adc                           0x00000651   Thumb Code    82  adc.o(.text)
    initialize_adc_ss2                       0x000006a3   Thumb Code   184  adc.o(.text)
    get_adc_value                            0x0000075b   Thumb Code    58  adc.o(.text)
    ps2_get_x                                0x00000795   Thumb Code     6  adc.o(.text)
    ps2_get_y                                0x0000079b   Thumb Code     6  adc.o(.text)
    ADC0SS2_Handler                          0x000007a1   Thumb Code    44  adc.o(.text)
    initializeI2CMaster                      0x000007f1   Thumb Code   160  i2c.o(.text)
    i2cVerifyBaseAddr                        0x00000891   Thumb Code    36  i2c.o(.text)
    i2cSetSlaveAddr                          0x000008b5   Thumb Code    30  i2c.o(.text)
    i2cStop                                  0x000008d3   Thumb Code    26  i2c.o(.text)
    I2CMasterBusy                            0x000008ed   Thumb Code    34  i2c.o(.text)
    I2CMasterAdrAck                          0x0000090f   Thumb Code    34  i2c.o(.text)
    I2CMasterDatAck                          0x00000931   Thumb Code    34  i2c.o(.text)
    i2cSendByte                              0x00000953   Thumb Code    82  i2c.o(.text)
    i2cGetByte                               0x000009a5   Thumb Code    60  i2c.o(.text)
    pc_buffer_init                           0x000009f9   Thumb Code    26  pc_buffer.o(.text)
    pc_buffer_add                            0x00000a13   Thumb Code    28  pc_buffer.o(.text)
    pc_buffer_remove                         0x00000a2f   Thumb Code    30  pc_buffer.o(.text)
    pc_buffer_empty                          0x00000a4d   Thumb Code    18  pc_buffer.o(.text)
    pc_buffer_full                           0x00000a5f   Thumb Code    22  pc_buffer.o(.text)
    spiVerifyBaseAddr                        0x00000a75   Thumb Code    34  spi.o(.text)
    initialize_spi                           0x00000a97   Thumb Code   244  spi.o(.text)
    spiTx                                    0x00000b8b   Thumb Code    94  spi.o(.text)
    gp_timer_wait                            0x00000cab   Thumb Code    64  timers.o(.text)
    gp_timer_config_32                       0x00000ceb   Thumb Code   140  timers.o(.text)
    timers_init                              0x00000e43   Thumb Code   188  timers.o(.text)
    TIMER1A_Handler                          0x00000eff   Thumb Code    20  timers.o(.text)
    TIMER5A_Handler                          0x00000f13   Thumb Code    32  timers.o(.text)
    WDT0_Handler                             0x00000f33   Thumb Code    16  timers.o(.text)
    verify_uart_base                         0x00000f7d   Thumb Code    54  uart.o(.text)
    uart_get_rcgc_mask                       0x00000fb3   Thumb Code    68  uart.o(.text)
    uart_get_pr_mask                         0x00000ff7   Thumb Code    68  uart.o(.text)
    uart_get_irq_num                         0x0000103b   Thumb Code    68  uart.o(.text)
    uart_tx_poll                             0x0000107f   Thumb Code    38  uart.o(.text)
    uart_tx_poll_string                      0x000010a5   Thumb Code    50  uart.o(.text)
    uart_rx_poll                             0x000010d7   Thumb Code    70  uart.o(.text)
    uart_init                                0x0000111d   Thumb Code   198  uart.o(.text)
    lcd_set_pos                              0x00001291   Thumb Code    58  lcd.o(.text)
    lcd_clear_screen                         0x000012cb   Thumb Code    52  lcd.o(.text)
    lcd_draw_image                           0x000012ff   Thumb Code   242  lcd.o(.text)
    lcd_config_gpio                          0x000013f1   Thumb Code   222  lcd.o(.text)
    lcd_config_screen                        0x000014cf   Thumb Code   572  lcd.o(.text)
    lcd_draw_color_image                     0x0000170b   Thumb Code    90  lcd.o(.text)
    lcd_draw_rectangle_centered              0x00001765   Thumb Code   118  lcd.o(.text)
    eeprom_byte_write                        0x00001825   Thumb Code   100  eeprom.o(.text)
    eeprom_byte_read                         0x00001889   Thumb Code   118  eeprom.o(.text)
    eeprom_init                              0x000018ff   Thumb Code   156  eeprom.o(.text)
    eeprom_bytes_read                        0x0000199b   Thumb Code    44  eeprom.o(.text)
    eeprom_bytes_write                       0x000019c7   Thumb Code    42  eeprom.o(.text)
    ft6x06_read_td_status                    0x00001a5b   Thumb Code     2  ft6x06.o(.text)
    ft6x06_read_x                            0x00001a5d   Thumb Code    60  ft6x06.o(.text)
    ft6x06_read_y                            0x00001a99   Thumb Code    62  ft6x06.o(.text)
    ft6x06_init                              0x00001ad7   Thumb Code   156  ft6x06.o(.text)
    lp_io_set_pin                            0x00001b79   Thumb Code    18  launchpad_io.o(.text)
    lp_io_clear_pin                          0x00001b8b   Thumb Code    18  launchpad_io.o(.text)
    lp_io_read_pin                           0x00001b9d   Thumb Code    22  launchpad_io.o(.text)
    lp_io_init                               0x00001bb3   Thumb Code   112  launchpad_io.o(.text)
    init_serial_debug                        0x00001c3d   Thumb Code    50  serial_debug.o(.text)
    serial_debug_rx                          0x00001c6f   Thumb Code    46  serial_debug.o(.text)
    serial_debug_tx                          0x00001c9d   Thumb Code    88  serial_debug.o(.text)
    fputc                                    0x00001cf5   Thumb Code    66  serial_debug.o(.text)
    fgetc                                    0x00001d37   Thumb Code    50  serial_debug.o(.text)
    UART0_Handler                            0x00001d69   Thumb Code    24  serial_debug.o(.text)
    spi_select                               0x00001d99   Thumb Code    62  spi_select.o(.text)
    spi_select_init                          0x00001dd7   Thumb Code    92  spi_select.o(.text)
    wait_uS_15                               0x00001e3d   Thumb Code    14  wireless.o(.text)
    wireless_send_32                         0x00001f93   Thumb Code   302  wireless.o(.text)
    wireless_get_32                          0x000020c1   Thumb Code   130  wireless.o(.text)
    wireless_configure_device                0x00002143   Thumb Code   202  wireless.o(.text)
    wireless_initialize                      0x0000220d   Thumb Code   200  wireless.o(.text)
    wireless_test                            0x000022d5   Thumb Code   156  wireless.o(.text)
    clear                                    0x000024e9   Thumb Code    12  graphics.o(.text)
    drawRect                                 0x000024f5   Thumb Code    84  graphics.o(.text)
    drawString                               0x00002549   Thumb Code   204  graphics.o(.text)
    calcStringWidth                          0x00002615   Thumb Code   108  graphics.o(.text)
    drawStringCentered                       0x00002681   Thumb Code    60  graphics.o(.text)
    drawStringSelected                       0x000026bd   Thumb Code   128  graphics.o(.text)
    drawStringSelectedAndCentered            0x0000273d   Thumb Code    78  graphics.o(.text)
    drawTen                                  0x0000278b   Thumb Code   198  graphics.o(.text)
    drawCard                                 0x00002851   Thumb Code   406  graphics.o(.text)
    drawBlackjackControlOptions              0x000029e7   Thumb Code   214  graphics.o(.text)
    drawBettingOptions                       0x00002abd   Thumb Code    92  graphics.o(.text)
    drawDealer                               0x00002b19   Thumb Code   120  graphics.o(.text)
    drawPlayer                               0x00002b91   Thumb Code   170  graphics.o(.text)
    drawGameState                            0x00002c3b   Thumb Code    32  graphics.o(.text)
    drawGameScreenOutLineAndData             0x00002c5b   Thumb Code   122  graphics.o(.text)
    drawHomeScreen                           0x00002cd5   Thumb Code  1180  graphics.o(.text)
    Reset_Handler                            0x00003199   Thumb Code     8  startup_tm4c123.o(.text)
    NMI_Handler                              0x000031a1   Thumb Code     2  startup_tm4c123.o(.text)
    HardFault_Handler                        0x000031a3   Thumb Code     2  startup_tm4c123.o(.text)
    MemManage_Handler                        0x000031a5   Thumb Code     2  startup_tm4c123.o(.text)
    BusFault_Handler                         0x000031a7   Thumb Code     2  startup_tm4c123.o(.text)
    UsageFault_Handler                       0x000031a9   Thumb Code     2  startup_tm4c123.o(.text)
    SVC_Handler                              0x000031ab   Thumb Code     2  startup_tm4c123.o(.text)
    DebugMon_Handler                         0x000031ad   Thumb Code     2  startup_tm4c123.o(.text)
    PendSV_Handler                           0x000031af   Thumb Code     2  startup_tm4c123.o(.text)
    SysTick_Handler                          0x000031b1   Thumb Code     2  startup_tm4c123.o(.text)
    GPIOA_Handler                            0x000031b3   Thumb Code     2  startup_tm4c123.o(.text)
    GPIOB_Handler                            0x000031b5   Thumb Code     2  startup_tm4c123.o(.text)
    GPIOC_Handler                            0x000031b7   Thumb Code     2  startup_tm4c123.o(.text)
    GPIOD_Handler                            0x000031b9   Thumb Code     2  startup_tm4c123.o(.text)
    GPIOE_Handler                            0x000031bb   Thumb Code     2  startup_tm4c123.o(.text)
    UART1_Handler                            0x000031bf   Thumb Code     2  startup_tm4c123.o(.text)
    SSI0_Handler                             0x000031c1   Thumb Code     2  startup_tm4c123.o(.text)
    I2C0_Handler                             0x000031c3   Thumb Code     2  startup_tm4c123.o(.text)
    PMW0_FAULT_Handler                       0x000031c5   Thumb Code     2  startup_tm4c123.o(.text)
    PWM0_0_Handler                           0x000031c7   Thumb Code     2  startup_tm4c123.o(.text)
    PWM0_1_Handler                           0x000031c9   Thumb Code     2  startup_tm4c123.o(.text)
    PWM0_2_Handler                           0x000031cb   Thumb Code     2  startup_tm4c123.o(.text)
    QEI0_Handler                             0x000031cd   Thumb Code     2  startup_tm4c123.o(.text)
    ADC0SS0_Handler                          0x000031cf   Thumb Code     2  startup_tm4c123.o(.text)
    ADC0SS1_Handler                          0x000031d1   Thumb Code     2  startup_tm4c123.o(.text)
    ADC0SS3_Handler                          0x000031d5   Thumb Code     2  startup_tm4c123.o(.text)
    TIMER0A_Handler                          0x000031d9   Thumb Code     2  startup_tm4c123.o(.text)
    TIMER0B_Handler                          0x000031db   Thumb Code     2  startup_tm4c123.o(.text)
    TIMER1B_Handler                          0x000031df   Thumb Code     2  startup_tm4c123.o(.text)
    TIMER2A_Handler                          0x000031e1   Thumb Code     2  startup_tm4c123.o(.text)
    TIMER2B_Handler                          0x000031e3   Thumb Code     2  startup_tm4c123.o(.text)
    COMP0_Handler                            0x000031e5   Thumb Code     2  startup_tm4c123.o(.text)
    COMP1_Handler                            0x000031e7   Thumb Code     2  startup_tm4c123.o(.text)
    COMP2_Handler                            0x000031e9   Thumb Code     2  startup_tm4c123.o(.text)
    SYSCTL_Handler                           0x000031eb   Thumb Code     2  startup_tm4c123.o(.text)
    FLASH_Handler                            0x000031ed   Thumb Code     2  startup_tm4c123.o(.text)
    GPIOF_Handler                            0x000031ef   Thumb Code     2  startup_tm4c123.o(.text)
    GPIOG_Handler                            0x000031f1   Thumb Code     2  startup_tm4c123.o(.text)
    GPIOH_Handler                            0x000031f3   Thumb Code     2  startup_tm4c123.o(.text)
    UART2_Handler                            0x000031f5   Thumb Code     2  startup_tm4c123.o(.text)
    SSI1_Handler                             0x000031f7   Thumb Code     2  startup_tm4c123.o(.text)
    TIMER3A_Handler                          0x000031f9   Thumb Code     2  startup_tm4c123.o(.text)
    TIMER3B_Handler                          0x000031fb   Thumb Code     2  startup_tm4c123.o(.text)
    I2C1_Handler                             0x000031fd   Thumb Code     2  startup_tm4c123.o(.text)
    QEI1_Handler                             0x000031ff   Thumb Code     2  startup_tm4c123.o(.text)
    CAN0_Handler                             0x00003201   Thumb Code     2  startup_tm4c123.o(.text)
    CAN1_Handler                             0x00003203   Thumb Code     2  startup_tm4c123.o(.text)
    CAN2_Handler                             0x00003205   Thumb Code     2  startup_tm4c123.o(.text)
    HIB_Handler                              0x00003207   Thumb Code     2  startup_tm4c123.o(.text)
    USB0_Handler                             0x00003209   Thumb Code     2  startup_tm4c123.o(.text)
    PWM0_3_Handler                           0x0000320b   Thumb Code     2  startup_tm4c123.o(.text)
    UDMA_Handler                             0x0000320d   Thumb Code     2  startup_tm4c123.o(.text)
    UDMAERR_Handler                          0x0000320f   Thumb Code     2  startup_tm4c123.o(.text)
    ADC1SS0_Handler                          0x00003211   Thumb Code     2  startup_tm4c123.o(.text)
    ADC1SS1_Handler                          0x00003213   Thumb Code     2  startup_tm4c123.o(.text)
    ADC1SS2_Handler                          0x00003215   Thumb Code     2  startup_tm4c123.o(.text)
    ADC1SS3_Handler                          0x00003217   Thumb Code     2  startup_tm4c123.o(.text)
    GPIOJ_Handler                            0x00003219   Thumb Code     2  startup_tm4c123.o(.text)
    GPIOK_Handler                            0x0000321b   Thumb Code     2  startup_tm4c123.o(.text)
    GPIOL_Handler                            0x0000321d   Thumb Code     2  startup_tm4c123.o(.text)
    SSI2_Handler                             0x0000321f   Thumb Code     2  startup_tm4c123.o(.text)
    SSI3_Handler                             0x00003221   Thumb Code     2  startup_tm4c123.o(.text)
    UART3_Handler                            0x00003223   Thumb Code     2  startup_tm4c123.o(.text)
    UART4_Handler                            0x00003225   Thumb Code     2  startup_tm4c123.o(.text)
    UART5_Handler                            0x00003227   Thumb Code     2  startup_tm4c123.o(.text)
    UART6_Handler                            0x00003229   Thumb Code     2  startup_tm4c123.o(.text)
    UART7_Handler                            0x0000322b   Thumb Code     2  startup_tm4c123.o(.text)
    I2C2_Handler                             0x0000322d   Thumb Code     2  startup_tm4c123.o(.text)
    I2C3_Handler                             0x0000322f   Thumb Code     2  startup_tm4c123.o(.text)
    TIMER4A_Handler                          0x00003231   Thumb Code     2  startup_tm4c123.o(.text)
    TIMER4B_Handler                          0x00003233   Thumb Code     2  startup_tm4c123.o(.text)
    TIMER5B_Handler                          0x00003237   Thumb Code     2  startup_tm4c123.o(.text)
    WTIMER0A_Handler                         0x00003239   Thumb Code     2  startup_tm4c123.o(.text)
    WTIMER0B_Handler                         0x0000323b   Thumb Code     2  startup_tm4c123.o(.text)
    WTIMER1A_Handler                         0x0000323d   Thumb Code     2  startup_tm4c123.o(.text)
    WTIMER1B_Handler                         0x0000323f   Thumb Code     2  startup_tm4c123.o(.text)
    WTIMER2A_Handler                         0x00003241   Thumb Code     2  startup_tm4c123.o(.text)
    WTIMER2B_Handler                         0x00003243   Thumb Code     2  startup_tm4c123.o(.text)
    WTIMER3A_Handler                         0x00003245   Thumb Code     2  startup_tm4c123.o(.text)
    WTIMER3B_Handler                         0x00003247   Thumb Code     2  startup_tm4c123.o(.text)
    WTIMER4A_Handler                         0x00003249   Thumb Code     2  startup_tm4c123.o(.text)
    WTIMER4B_Handler                         0x0000324b   Thumb Code     2  startup_tm4c123.o(.text)
    WTIMER5A_Handler                         0x0000324d   Thumb Code     2  startup_tm4c123.o(.text)
    WTIMER5B_Handler                         0x0000324f   Thumb Code     2  startup_tm4c123.o(.text)
    FPU_Handler                              0x00003251   Thumb Code     2  startup_tm4c123.o(.text)
    I2C4_Handler                             0x00003253   Thumb Code     2  startup_tm4c123.o(.text)
    I2C5_Handler                             0x00003255   Thumb Code     2  startup_tm4c123.o(.text)
    GPIOM_Handler                            0x00003257   Thumb Code     2  startup_tm4c123.o(.text)
    GPION_Handler                            0x00003259   Thumb Code     2  startup_tm4c123.o(.text)
    QEI2_Handler                             0x0000325b   Thumb Code     2  startup_tm4c123.o(.text)
    GPIOP0_Handler                           0x0000325d   Thumb Code     2  startup_tm4c123.o(.text)
    GPIOP1_Handler                           0x0000325f   Thumb Code     2  startup_tm4c123.o(.text)
    GPIOP2_Handler                           0x00003261   Thumb Code     2  startup_tm4c123.o(.text)
    GPIOP3_Handler                           0x00003263   Thumb Code     2  startup_tm4c123.o(.text)
    GPIOP4_Handler                           0x00003265   Thumb Code     2  startup_tm4c123.o(.text)
    GPIOP5_Handler                           0x00003267   Thumb Code     2  startup_tm4c123.o(.text)
    GPIOP6_Handler                           0x00003269   Thumb Code     2  startup_tm4c123.o(.text)
    GPIOP7_Handler                           0x0000326b   Thumb Code     2  startup_tm4c123.o(.text)
    GPIOQ0_Handler                           0x0000326d   Thumb Code     2  startup_tm4c123.o(.text)
    GPIOQ1_Handler                           0x0000326f   Thumb Code     2  startup_tm4c123.o(.text)
    GPIOQ2_Handler                           0x00003271   Thumb Code     2  startup_tm4c123.o(.text)
    GPIOQ3_Handler                           0x00003273   Thumb Code     2  startup_tm4c123.o(.text)
    GPIOQ4_Handler                           0x00003275   Thumb Code     2  startup_tm4c123.o(.text)
    GPIOQ5_Handler                           0x00003277   Thumb Code     2  startup_tm4c123.o(.text)
    GPIOQ6_Handler                           0x00003279   Thumb Code     2  startup_tm4c123.o(.text)
    GPIOQ7_Handler                           0x0000327b   Thumb Code     2  startup_tm4c123.o(.text)
    GPIOR_Handler                            0x0000327d   Thumb Code     2  startup_tm4c123.o(.text)
    GPIOS_Handler                            0x0000327f   Thumb Code     2  startup_tm4c123.o(.text)
    PMW1_0_Handler                           0x00003281   Thumb Code     2  startup_tm4c123.o(.text)
    PWM1_1_Handler                           0x00003283   Thumb Code     2  startup_tm4c123.o(.text)
    PWM1_2_Handler                           0x00003285   Thumb Code     2  startup_tm4c123.o(.text)
    PWM1_3_Handler                           0x00003287   Thumb Code     2  startup_tm4c123.o(.text)
    PWM1_FAULT_Handler                       0x00003289   Thumb Code     2  startup_tm4c123.o(.text)
    SystemCoreClockUpdate                    0x0000334b   Thumb Code   184  system_tm4c123.o(.text)
    SystemInit                               0x00003403   Thumb Code   112  system_tm4c123.o(.text)
    __aeabi_dadd                             0x000034e5   Thumb Code   322  dadd.o(.text)
    __aeabi_dsub                             0x00003627   Thumb Code     6  dadd.o(.text)
    __aeabi_drsub                            0x0000362d   Thumb Code     6  dadd.o(.text)
    __aeabi_dmul                             0x00003633   Thumb Code   228  dmul.o(.text)
    __aeabi_i2d                              0x00003717   Thumb Code    34  dflti.o(.text)
    __aeabi_d2iz                             0x00003739   Thumb Code    62  dfixi.o(.text)
    __aeabi_f2d                              0x00003777   Thumb Code    38  f2d.o(.text)
    __aeabi_d2f                              0x0000379d   Thumb Code    56  d2f.o(.text)
    __aeabi_uidiv                            0x000037d5   Thumb Code     0  uidiv.o(.text)
    __aeabi_uidivmod                         0x000037d5   Thumb Code    44  uidiv.o(.text)
    __aeabi_llsl                             0x00003801   Thumb Code    30  llshl.o(.text)
    _ll_shift_l                              0x00003801   Thumb Code     0  llshl.o(.text)
    __aeabi_llsr                             0x0000381f   Thumb Code    32  llushr.o(.text)
    _ll_ushift_r                             0x0000381f   Thumb Code     0  llushr.o(.text)
    __aeabi_lasr                             0x0000383f   Thumb Code    36  llsshr.o(.text)
    _ll_sshift_r                             0x0000383f   Thumb Code     0  llsshr.o(.text)
    __I$use$fp                               0x00003863   Thumb Code     0  iusefp.o(.text)
    _float_round                             0x00003863   Thumb Code    18  fepilogue.o(.text)
    _float_epilogue                          0x00003875   Thumb Code    92  fepilogue.o(.text)
    _double_round                            0x000038d1   Thumb Code    30  depilogue.o(.text)
    _double_epilogue                         0x000038ef   Thumb Code   156  depilogue.o(.text)
    __aeabi_ddiv                             0x0000398b   Thumb Code   222  ddiv.o(.text)
    __scatterload                            0x00003a69   Thumb Code    28  init.o(.text)
    __scatterload_rt2                        0x00003a69   Thumb Code     0  init.o(.text)
    __aeabi_ui2d                             0x00003a8d   Thumb Code    26  dfltui.o(.text)
    __0printf$1                              0x00003aa9   Thumb Code    22  printf1.o(i.__0printf$1)
    __1printf$1                              0x00003aa9   Thumb Code     0  printf1.o(i.__0printf$1)
    __2printf                                0x00003aa9   Thumb Code     0  printf1.o(i.__0printf$1)
    __ARM_fpclassify                         0x00003ac9   Thumb Code    48  fpclassify.o(i.__ARM_fpclassify)
    __hardfp_cos                             0x00003af9   Thumb Code   180  cos.o(i.__hardfp_cos)
    __hardfp_sin                             0x00003bc1   Thumb Code   180  sin.o(i.__hardfp_sin)
    __ieee754_rem_pio2                       0x00003c89   Thumb Code   938  rred.o(i.__ieee754_rem_pio2)
    __kernel_cos                             0x000040c1   Thumb Code   322  cos_i.o(i.__kernel_cos)
    __kernel_poly                            0x00004231   Thumb Code   248  poly.o(i.__kernel_poly)
    __kernel_sin                             0x00004329   Thumb Code   280  sin_i.o(i.__kernel_sin)
    __mathlib_dbl_infnan                     0x00004459   Thumb Code    20  dunder.o(i.__mathlib_dbl_infnan)
    __mathlib_dbl_invalid                    0x00004471   Thumb Code    24  dunder.o(i.__mathlib_dbl_invalid)
    __mathlib_dbl_underflow                  0x00004491   Thumb Code    24  dunder.o(i.__mathlib_dbl_underflow)
    __scatterload_copy                       0x000044b1   Thumb Code    14  handlers.o(i.__scatterload_copy)
    __scatterload_null                       0x000044bf   Thumb Code     2  handlers.o(i.__scatterload_null)
    __scatterload_zeroinit                   0x000044c1   Thumb Code    14  handlers.o(i.__scatterload_zeroinit)
    __set_errno                              0x000044d1   Thumb Code     6  errno.o(i.__set_errno)
    fabs                                     0x00004631   Thumb Code    24  fabs.o(i.fabs)
    malloc                                   0x00004649   Thumb Code    92  malloc.o(i.malloc)
    calibri_10ptBitmap                       0x000046b4   Data         126  image_data.o(.constdata)
    calibri_10ptDescriptors                  0x00004732   Data          56  image_data.o(.constdata)
    spadeBitmap                              0x0000476a   Data          30  image_data.o(.constdata)
    spadeWidthPages                          0x00004788   Data           1  image_data.o(.constdata)
    spadeHeightPixels                        0x00004789   Data           1  image_data.o(.constdata)
    heartBitmap                              0x0000478a   Data          30  image_data.o(.constdata)
    heartWidthPages                          0x000047a8   Data           1  image_data.o(.constdata)
    heartHeightPixels                        0x000047a9   Data           1  image_data.o(.constdata)
    diamondBitmap                            0x000047aa   Data          30  image_data.o(.constdata)
    diamondWidthPages                        0x000047c8   Data           1  image_data.o(.constdata)
    diamondHeightPixels                      0x000047c9   Data           1  image_data.o(.constdata)
    clubBitmap                               0x000047ca   Data          30  image_data.o(.constdata)
    clubWidthPages                           0x000047e8   Data           1  image_data.o(.constdata)
    clubHeightPixels                         0x000047e9   Data           1  image_data.o(.constdata)
    cardBackBitmap                           0x000047ea   Data         240  image_data.o(.constdata)
    cardBackWidthPages                       0x000048da   Data           1  image_data.o(.constdata)
    cardBackHeightPixels                     0x000048db   Data           1  image_data.o(.constdata)
    cardBorderBitmap                         0x000048dc   Data         240  image_data.o(.constdata)
    cardBorderWidthPages                     0x000049cc   Data           1  image_data.o(.constdata)
    cardBorderHeightPixels                   0x000049cd   Data           1  image_data.o(.constdata)
    microsoftSansSerif_8ptBitmaps            0x000049ce   Data         380  image_data.o(.constdata)
    microsoftSansSerif_8ptDescriptors        0x00004b4a   Data         148  image_data.o(.constdata)
    Region$$Table$$Base                      0x00004d00   Number         0  anon$$obj.o(Region$$Table)
    Region$$Table$$Limit                     0x00004d20   Number         0  anon$$obj.o(Region$$Table)
    student_1                                0x20000000   Data          26  main.o(.data)
    student_2                                0x2000001a   Data          25  main.o(.data)
    student_3                                0x20000033   Data          22  main.o(.data)
    group                                    0x20000049   Data          16  main.o(.data)
    ALERT_NEW_ADC                            0x2000005e   Data           1  adc.o(.data)
    ALERT_1MS                                0x20000060   Data           1  timers.o(.data)
    ALERT_5000MS                             0x20000061   Data           1  timers.o(.data)
    WATCHDOG_TESTING                         0x20000064   Data           4  timers.o(.data)
    defaultColor                             0x2000006a   Data           2  graphics.o(.data)
    defaultBackgroundColor                   0x2000006c   Data           2  graphics.o(.data)
    SystemCoreClock                          0x20000070   Data           4  system_tm4c123.o(.data)
    __stdout                                 0x20000074   Data           4  stdout.o(.data)
    __microlib_freelist                      0x20000078   Data           4  mvars.o(.data)
    __microlib_freelist_initialised          0x2000007c   Data           4  mvars.o(.data)
    UART0_Tx_Buffer                          0x20000084   Data          14  serial_debug.o(.bss)
    UART0_Rx_Buffer                          0x20000092   Data          14  serial_debug.o(.bss)
    __heap_base                              0x200000a0   Data           0  startup_tm4c123.o(HEAP)
    __heap_limit                             0x200000a0   Data           0  startup_tm4c123.o(HEAP)
    __initial_sp                             0x200010a0   Data           0  startup_tm4c123.o(STACK)



==============================================================================

Memory Map of the image

  Image Entry point : 0x00003199

  Load Region LR_1 (Base: 0x00000000, Size: 0x00004da4, Max: 0xffffffff, ABSOLUTE)

    Execution Region ER_RO (Exec base: 0x00000000, Load base: 0x00000000, Size: 0x00004d20, Max: 0xffffffff, ABSOLUTE)

    Exec Addr    Load Addr    Size         Type   Attr      Idx    E Section Name        Object

    0x00000000   0x00000000   0x0000026c   Data   RO          604    RESET               startup_tm4c123.o
    0x0000026c   0x0000026c   0x00000000   Code   RO          663  * .ARM.Collect$$$$00000000  mc_w.l(entry.o)
    0x0000026c   0x0000026c   0x00000004   Code   RO          996    .ARM.Collect$$$$00000001  mc_w.l(entry2.o)
    0x00000270   0x00000270   0x00000004   Code   RO          999    .ARM.Collect$$$$00000004  mc_w.l(entry5.o)
    0x00000274   0x00000274   0x00000000   Code   RO         1001    .ARM.Collect$$$$00000008  mc_w.l(entry7b.o)
    0x00000274   0x00000274   0x00000000   Code   RO         1003    .ARM.Collect$$$$0000000A  mc_w.l(entry8b.o)
    0x00000274   0x00000274   0x00000008   Code   RO         1004    .ARM.Collect$$$$0000000B  mc_w.l(entry9a.o)
    0x0000027c   0x0000027c   0x00000000   Code   RO         1006    .ARM.Collect$$$$0000000D  mc_w.l(entry10a.o)
    0x0000027c   0x0000027c   0x00000000   Code   RO         1008    .ARM.Collect$$$$0000000F  mc_w.l(entry11a.o)
    0x0000027c   0x0000027c   0x00000004   Code   RO          997    .ARM.Collect$$$$00002712  mc_w.l(entry2.o)
    0x00000280   0x00000280   0x00000168   Code   RO            4    .text               main.o
    0x000003e8   0x000003e8   0x00000268   Code   RO          141    .text               gpio_port.o
    0x00000650   0x00000650   0x000001a0   Code   RO          173    .text               adc.o
    0x000007f0   0x000007f0   0x00000208   Code   RO          204    .text               i2c.o
    0x000009f8   0x000009f8   0x0000007c   Code   RO          225    .text               pc_buffer.o
    0x00000a74   0x00000a74   0x0000018c   Code   RO          243    .text               spi.o
    0x00000c00   0x00000c00   0x0000037c   Code   RO          267    .text               timers.o
    0x00000f7c   0x00000f7c   0x00000278   Code   RO          297    .text               uart.o
    0x000011f4   0x000011f4   0x000005ec   Code   RO          321    .text               lcd.o
    0x000017e0   0x000017e0   0x00000214   Code   RO          345    .text               eeprom.o
    0x000019f4   0x000019f4   0x00000184   Code   RO          369    .text               ft6x06.o
    0x00001b78   0x00001b78   0x000000c4   Code   RO          393    .text               launchpad_io.o
    0x00001c3c   0x00001c3c   0x0000015c   Code   RO          442    .text               serial_debug.o
    0x00001d98   0x00001d98   0x000000a4   Code   RO          478    .text               spi_select.o
    0x00001e3c   0x00001e3c   0x000006ac   Code   RO          502    .text               wireless.o
    0x000024e8   0x000024e8   0x00000cb0   Code   RO          573    .text               graphics.o
    0x00003198   0x00003198   0x000000fc   Code   RO          605  * .text               startup_tm4c123.o
    0x00003294   0x00003294   0x00000250   Code   RO          612    .text               system_tm4c123.o
    0x000034e4   0x000034e4   0x0000014e   Code   RO          956    .text               mf_w.l(dadd.o)
    0x00003632   0x00003632   0x000000e4   Code   RO          958    .text               mf_w.l(dmul.o)
    0x00003716   0x00003716   0x00000022   Code   RO          960    .text               mf_w.l(dflti.o)
    0x00003738   0x00003738   0x0000003e   Code   RO          962    .text               mf_w.l(dfixi.o)
    0x00003776   0x00003776   0x00000026   Code   RO          964    .text               mf_w.l(f2d.o)
    0x0000379c   0x0000379c   0x00000038   Code   RO          966    .text               mf_w.l(d2f.o)
    0x000037d4   0x000037d4   0x0000002c   Code   RO         1010    .text               mc_w.l(uidiv.o)
    0x00003800   0x00003800   0x0000001e   Code   RO         1014    .text               mc_w.l(llshl.o)
    0x0000381e   0x0000381e   0x00000020   Code   RO         1016    .text               mc_w.l(llushr.o)
    0x0000383e   0x0000383e   0x00000024   Code   RO         1018    .text               mc_w.l(llsshr.o)
    0x00003862   0x00003862   0x00000000   Code   RO         1033    .text               mc_w.l(iusefp.o)
    0x00003862   0x00003862   0x0000006e   Code   RO         1034    .text               mf_w.l(fepilogue.o)
    0x000038d0   0x000038d0   0x000000ba   Code   RO         1036    .text               mf_w.l(depilogue.o)
    0x0000398a   0x0000398a   0x000000de   Code   RO         1038    .text               mf_w.l(ddiv.o)
    0x00003a68   0x00003a68   0x00000024   Code   RO         1056    .text               mc_w.l(init.o)
    0x00003a8c   0x00003a8c   0x0000001a   Code   RO         1058    .text               mf_w.l(dfltui.o)
    0x00003aa6   0x00003aa6   0x00000002   PAD
    0x00003aa8   0x00003aa8   0x00000020   Code   RO          712    i.__0printf$1       mc_w.l(printf1.o)
    0x00003ac8   0x00003ac8   0x00000030   Code   RO         1052    i.__ARM_fpclassify  m_wm.l(fpclassify.o)
    0x00003af8   0x00003af8   0x000000c8   Code   RO          639    i.__hardfp_cos      m_wm.l(cos.o)
    0x00003bc0   0x00003bc0   0x000000c8   Code   RO          651    i.__hardfp_sin      m_wm.l(sin.o)
    0x00003c88   0x00003c88   0x00000438   Code   RO          985    i.__ieee754_rem_pio2  m_wm.l(rred.o)
    0x000040c0   0x000040c0   0x00000170   Code   RO          968    i.__kernel_cos      m_wm.l(cos_i.o)
    0x00004230   0x00004230   0x000000f8   Code   RO         1054    i.__kernel_poly     m_wm.l(poly.o)
    0x00004328   0x00004328   0x00000130   Code   RO          990    i.__kernel_sin      m_wm.l(sin_i.o)
    0x00004458   0x00004458   0x00000014   Code   RO          972    i.__mathlib_dbl_infnan  m_wm.l(dunder.o)
    0x0000446c   0x0000446c   0x00000004   PAD
    0x00004470   0x00004470   0x00000020   Code   RO          974    i.__mathlib_dbl_invalid  m_wm.l(dunder.o)
    0x00004490   0x00004490   0x00000020   Code   RO          977    i.__mathlib_dbl_underflow  m_wm.l(dunder.o)
    0x000044b0   0x000044b0   0x0000000e   Code   RO         1062    i.__scatterload_copy  mc_w.l(handlers.o)
    0x000044be   0x000044be   0x00000002   Code   RO         1063    i.__scatterload_null  mc_w.l(handlers.o)
    0x000044c0   0x000044c0   0x0000000e   Code   RO         1064    i.__scatterload_zeroinit  mc_w.l(handlers.o)
    0x000044ce   0x000044ce   0x00000002   PAD
    0x000044d0   0x000044d0   0x0000000c   Code   RO         1028    i.__set_errno       mc_w.l(errno.o)
    0x000044dc   0x000044dc   0x00000154   Code   RO          719    i._printf_core      mc_w.l(printf1.o)
    0x00004630   0x00004630   0x00000018   Code   RO         1048    i.fabs              m_wm.l(fabs.o)
    0x00004648   0x00004648   0x0000006c   Code   RO          929    i.malloc            mc_w.l(malloc.o)
    0x000046b4   0x000046b4   0x0000052a   Data   RO          558    .constdata          image_data.o
    0x00004bde   0x00004bde   0x00000002   PAD
    0x00004be0   0x00004be0   0x00000030   Data   RO          969    .constdata          m_wm.l(cos_i.o)
    0x00004c10   0x00004c10   0x000000c8   Data   RO          987    .constdata          m_wm.l(rred.o)
    0x00004cd8   0x00004cd8   0x00000028   Data   RO          991    .constdata          m_wm.l(sin_i.o)
    0x00004d00   0x00004d00   0x00000020   Data   RO         1060    Region$$Table       anon$$obj.o


    Execution Region ER_RW (Exec base: 0x20000000, Load base: 0x00004d20, Size: 0x00000084, Max: 0xffffffff, ABSOLUTE)

    Exec Addr    Load Addr    Size         Type   Attr      Idx    E Section Name        Object

    0x20000000   0x00004d20   0x00000059   Data   RW            5    .data               main.o
    0x20000059   0x00004d79   0x00000001   PAD
    0x2000005a   0x00004d7a   0x00000005   Data   RW          174    .data               adc.o
    0x2000005f   0x00004d7f   0x00000001   PAD
    0x20000060   0x00004d80   0x00000008   Data   RW          268    .data               timers.o
    0x20000068   0x00004d88   0x00000002   Data   RW          444    .data               serial_debug.o
    0x2000006a   0x00004d8a   0x00000004   Data   RW          575    .data               graphics.o
    0x2000006e   0x00004d8e   0x00000002   PAD
    0x20000070   0x00004d90   0x00000004   Data   RW          613    .data               system_tm4c123.o
    0x20000074   0x00004d94   0x00000004   Data   RW          666    .data               mc_w.l(stdout.o)
    0x20000078   0x00004d98   0x00000004   Data   RW         1024    .data               mc_w.l(mvars.o)
    0x2000007c   0x00004d9c   0x00000004   Data   RW         1025    .data               mc_w.l(mvars.o)
    0x20000080   0x00004da0   0x00000004   Data   RW         1029    .data               mc_w.l(errno.o)


    Execution Region ER_ZI (Exec base: 0x20000084, Load base: 0x00004da4, Size: 0x0000101c, Max: 0xffffffff, ABSOLUTE)

    Exec Addr    Load Addr    Size         Type   Attr      Idx    E Section Name        Object

    0x20000084        -       0x0000001c   Zero   RW          443    .bss                serial_debug.o
    0x200000a0        -       0x00000000   Zero   RW          603    HEAP                startup_tm4c123.o
    0x200000a0        -       0x00001000   Zero   RW          602    STACK               startup_tm4c123.o


==============================================================================

Image component sizes


      Code (inc. data)   RO Data    RW Data    ZI Data      Debug   Object Name

       416         36          0          5          0      32665   adc.o
       532          4          0          0          0       2806   eeprom.o
       388          6          0          0          0       2204   ft6x06.o
       616         32          0          0          0       5022   gpio_port.o
      3248        284          0          4          0       8072   graphics.o
       520         24          0          0          0       3657   i2c.o
         0          0       1322          0          0       2132   image_data.o
       196         26          0          0          0       1790   launchpad_io.o
      1516         28          0          0          0       4253   lcd.o
       360         56          0         89          0      61584   main.o
       124          0          0          0          0       1911   pc_buffer.o
       348         24          0          2         28       5581   serial_debug.o
       396         24          0          0          0       1861   spi.o
       164         10          0          0          0        865   spi_select.o
       252         10        620          0       4096       5432   startup_tm4c123.o
       592        138          0          4          0       1537   system_tm4c123.o
       892         58          0          8          0       4578   timers.o
       632         50          0          0          0       3436   uart.o
      1708        194          0          0          0      12782   wireless.o

    ----------------------------------------------------------------------
     12900       1004       1976        116       4124     162168   Object Totals
         0          0         32          0          0          0   (incl. Generated)
         0          0          2          4          0          0   (incl. Padding)

    ----------------------------------------------------------------------

      Code (inc. data)   RO Data    RW Data    ZI Data      Debug   Library Member Name

       200         20          0          0          0        164   cos.o
       368         46         48          0          0        200   cos_i.o
        84         16          0          0          0        372   dunder.o
        24          0          0          0          0        124   fabs.o
        48          0          0          0          0        124   fpclassify.o
       248          0          0          0          0        152   poly.o
      1080        142        200          0          0        188   rred.o
       200         20          0          0          0        164   sin.o
       304         24         40          0          0        208   sin_i.o
         0          0          0          0          0          0   entry.o
         0          0          0          0          0          0   entry10a.o
         0          0          0          0          0          0   entry11a.o
         8          4          0          0          0          0   entry2.o
         4          0          0          0          0          0   entry5.o
         0          0          0          0          0          0   entry7b.o
         0          0          0          0          0          0   entry8b.o
         8          4          0          0          0          0   entry9a.o
        12          6          0          4          0         68   errno.o
        30          0          0          0          0          0   handlers.o
        36          8          0          0          0         68   init.o
         0          0          0          0          0          0   iusefp.o
        30          0          0          0          0         68   llshl.o
        36          0          0          0          0         68   llsshr.o
        32          0          0          0          0         68   llushr.o
       108         16          0          0          0         84   malloc.o
         0          0          0          8          0          0   mvars.o
       372         14          0          0          0        184   printf1.o
         0          0          0          4          0          0   stdout.o
        44          0          0          0          0         80   uidiv.o
        56          0          0          0          0         88   d2f.o
       334          0          0          0          0        148   dadd.o
       222          0          0          0          0        100   ddiv.o
       186          0          0          0          0        176   depilogue.o
        62          0          0          0          0         80   dfixi.o
        34          0          0          0          0         76   dflti.o
        26          0          0          0          0         76   dfltui.o
       228          0          0          0          0         96   dmul.o
        38          0          0          0          0         68   f2d.o
       110          0          0          0          0        168   fepilogue.o

    ----------------------------------------------------------------------
      4580        320        288         16          0       3460   Library Totals
         8          0          0          0          0          0   (incl. Padding)

    ----------------------------------------------------------------------

      Code (inc. data)   RO Data    RW Data    ZI Data      Debug   Library Name

      2556        268        288          0          0       1696   m_wm.l
       720         52          0         16          0        688   mc_w.l
      1296          0          0          0          0       1076   mf_w.l

    ----------------------------------------------------------------------
      4580        320        288         16          0       3460   Library Totals

    ----------------------------------------------------------------------

==============================================================================


      Code (inc. data)   RO Data    RW Data    ZI Data      Debug   

     17480       1324       2264        132       4124     161100   Grand Totals
     17480       1324       2264        132       4124     161100   ELF Image Totals
     17480       1324       2264        132          0          0   ROM Totals

==============================================================================

    Total RO  Size (Code + RO Data)                19744 (  19.28kB)
    Total RW  Size (RW Data + ZI Data)              4256 (   4.16kB)
    Total ROM Size (Code + RO Data + RW Data)      19876 (  19.41kB)

==============================================================================

